******************************************************************************
                  TI ARM Linker PC v18.12.5                    
******************************************************************************
>> Linked Thu Nov  4 12:49:16 2021

OUTPUT FILE NAME:   <cc2640r2lp_app_threes_wspi.out>
ENTRY POINT SYMBOL: "ResetISR"  address: 0000e341


MEMORY CONFIGURATION

         name            origin    length      used     unused   attr    fill
----------------------  --------  ---------  --------  --------  ----  --------
  FLASH                 00000000   0001f000  00013c08  0000b3f8  R  X
  FLASH_LAST_PAGE       0001f000   00001000  00000058  00000fa8  R  X
  SRAM                  20000000   00004400  00002fad  00001453  RW X


SEGMENT ALLOCATION MAP

run origin  load origin   length   init length attrs members
----------  ----------- ---------- ----------- ----- -------
00000000    00000000    00012c0c   00012c0c    r-x
  00000000    00000000    0000003c   0000003c    r-- .resetVecs
  0000003c    0000003c    00000fc4   00000fc4    r-x .text.1
  00001000    00001000    00000028   00000028    r-- .const:ti_sysbios_heaps_HeapMem_Module__FXNS__C
  00001028    00001028    00000024   00000024    r-- .const:ti_sysbios_gates_GateHwi_Module__FXNS__C
  0000104c    0000104c    00000024   00000024    r-- .const:ti_sysbios_gates_GateMutex_Module__FXNS__C
  00001070    00001070    00000020   00000020    r-- .const:ti_sysbios_family_arm_m3_Hwi_Object__DESC__C
  00001090    00001090    00000020   00000020    r-- .const:ti_sysbios_gates_GateHwi_Object__DESC__C
  000010b0    000010b0    00000020   00000020    r-- .const:ti_sysbios_gates_GateMutex_Object__DESC__C
  000010d0    000010d0    00000020   00000020    r-- .const:ti_sysbios_hal_Hwi_Object__DESC__C
  000010f0    000010f0    00000020   00000020    r-- .const:ti_sysbios_heaps_HeapMem_Object__DESC__C
  00001110    00001110    00000020   00000020    r-- .const:ti_sysbios_knl_Clock_Object__DESC__C
  00001130    00001130    00000020   00000020    r-- .const:ti_sysbios_knl_Event_Object__DESC__C
  00001150    00001150    00000020   00000020    r-- .const:ti_sysbios_knl_Mailbox_Object__DESC__C
  00001170    00001170    00000020   00000020    r-- .const:ti_sysbios_knl_Queue_Object__DESC__C
  00001190    00001190    00000020   00000020    r-- .const:ti_sysbios_knl_Semaphore_Object__DESC__C
  000011b0    000011b0    00000020   00000020    r-- .const:ti_sysbios_knl_Swi_Object__DESC__C
  000011d0    000011d0    00000020   00000020    r-- .const:ti_sysbios_knl_Task_Object__DESC__C
  000011f0    000011f0    00000008   00000008    r-- .const:ti_sysbios_knl_Idle_funcList__C
  000011f8    000011f8    00000004   00000004    r-- .const:ti_sysbios_family_arm_cc26xx_Timer_startupNeeded__C
  000011fc    000011fc    00000004   00000004    r-- .const:ti_sysbios_family_arm_m3_Hwi_E_alreadyDefined__C
  00001200    00001200    00000004   00000004    r-- .const:ti_sysbios_family_arm_m3_Hwi_E_hwiLimitExceeded__C
  00001204    00001204    00000004   00000004    r-- .const:ti_sysbios_family_arm_m3_Hwi_NUM_INTERRUPTS__C
  00001208    00001208    00000004   00000004    r-- .const:ti_sysbios_family_arm_m3_Hwi_Object__count__C
  0000120c    0000120c    00000004   00000004    r-- .const:ti_sysbios_family_arm_m3_Hwi_Object__table__C
  00001210    00001210    00000004   00000004    r-- .const:ti_sysbios_family_arm_m3_Hwi_ccr__C
  00001214    00001214    00000004   00000004    r-- .const:ti_sysbios_family_arm_m3_Hwi_excHandlerFunc__C
  00001218    00001218    00000004   00000004    r-- .const:ti_sysbios_family_arm_m3_Hwi_nullIsrFunc__C
  0000121c    0000121c    00000004   00000004    r-- .const:ti_sysbios_family_arm_m3_Hwi_numSparseInterrupts__C
  00001220    00001220    00000004   00000004    r-- .const:ti_sysbios_family_arm_m3_Hwi_priGroup__C
  00001224    00001224    00000004   00000004    r-- .const:ti_sysbios_family_arm_m3_TaskSupport_stackAlignment__C
  00001228    00001228    00000004   00000004    r-- .const:ti_sysbios_heaps_HeapMem_E_memory__C
  0000122c    0000122c    00000004   00000004    r-- .const:ti_sysbios_heaps_HeapMem_Module__gateObj__C
  00001230    00001230    00000004   00000004    r-- .const:ti_sysbios_heaps_HeapMem_Object__count__C
  00001234    00001234    00000004   00000004    r-- .const:ti_sysbios_heaps_HeapMem_Object__table__C
  00001238    00001238    00000004   00000004    r-- .const:ti_sysbios_heaps_HeapMem_reqAlign__C
  0000123c    0000123c    00000004   00000004    r-- .const:ti_sysbios_knl_Clock_triggerClock__C
  00001240    00001240    00000004   00000004    r-- .const:ti_sysbios_knl_Mailbox_Object__count__C
  00001244    00001244    00000004   00000004    r-- .const:ti_sysbios_knl_Mailbox_Object__table__C
  00001248    00001248    00000004   00000004    r-- .const:ti_sysbios_knl_Mailbox_maxTypeAlign__C
  0000124c    0000124c    00000004   00000004    r-- .const:ti_sysbios_knl_Queue_Object__count__C
  00001250    00001250    00000004   00000004    r-- .const:ti_sysbios_knl_Queue_Object__table__C
  00001254    00001254    00000004   00000004    r-- .const:ti_sysbios_knl_Semaphore_eventPost__C
  00001258    00001258    00000004   00000004    r-- .const:ti_sysbios_knl_Semaphore_eventSync__C
  0000125c    0000125c    00000004   00000004    r-- .const:ti_sysbios_knl_Swi_Object__count__C
  00001260    00001260    00000004   00000004    r-- .const:ti_sysbios_knl_Swi_Object__table__C
  00001264    00001264    00000004   00000004    r-- .const:ti_sysbios_knl_Swi_numPriorities__C
  00001268    00001268    00000004   00000004    r-- .const:ti_sysbios_knl_Task_Object__count__C
  0000126c    0000126c    00000004   00000004    r-- .const:ti_sysbios_knl_Task_Object__table__C
  00001270    00001270    00000004   00000004    r-- .const:ti_sysbios_knl_Task_allBlockedFunc__C
  00001274    00001274    00000004   00000004    r-- .const:ti_sysbios_knl_Task_defaultStackHeap__C
  00001278    00001278    00000004   00000004    r-- .const:ti_sysbios_knl_Task_defaultStackSize__C
  0000127c    0000127c    00000004   00000004    r-- .const:ti_sysbios_knl_Task_numConstructedTasks__C
  00001280    00001280    00000002   00000002    r-- .const:ti_sysbios_family_arm_cc26xx_Timer_Module__id__C
  00001282    00001282    00000002   00000002    r-- .const:ti_sysbios_family_arm_cc26xx_TimestampProvider_useClockTimer__C
  00001284    00001284    00000002   00000002    r-- .const:ti_sysbios_family_arm_m3_Hwi_Module__id__C
  00001286    00001286    00000002   00000002    r-- .const:ti_sysbios_gates_GateHwi_Module__id__C
  00001288    00001288    00000002   00000002    r-- .const:ti_sysbios_gates_GateMutex_Module__id__C
  0000128a    0000128a    00000002   00000002    r-- .const:ti_sysbios_heaps_HeapMem_Module__id__C
  0000128c    0000128c    00000002   00000002    r-- .const:ti_sysbios_knl_Task_initStackFlag__C
  0000128e    0000128e    00000001   00000001    r-- .const:ti_sysbios_knl_Clock_tickMode__C
  00001290    00001290    00000008   00000008    r-- .const:xdc_runtime_Startup_firstFxns__C
  00001298    00001298    00000008   00000008    r-- .const:xdc_runtime_Startup_lastFxns__C
  000012a0    000012a0    00000004   00000004    r-- .const:xdc_runtime_Assert_E_assertFailed__C
  000012a4    000012a4    00000004   00000004    r-- .const:xdc_runtime_Error_E_memory__C
  000012a8    000012a8    00000004   00000004    r-- .const:xdc_runtime_Error_policyFxn__C
  000012ac    000012ac    00000004   00000004    r-- .const:xdc_runtime_Error_raiseHook__C
  000012b0    000012b0    00000004   00000004    r-- .const:xdc_runtime_IGateProvider_Interface__BASE__C
  000012b4    000012b4    00000004   00000004    r-- .const:xdc_runtime_IHeap_Interface__BASE__C
  000012b8    000012b8    00000004   00000004    r-- .const:xdc_runtime_IModule_Interface__BASE__C
  000012bc    000012bc    00000004   00000004    r-- .const:xdc_runtime_Memory_defaultHeapInstance__C
  000012c0    000012c0    00000004   00000004    r-- .const:xdc_runtime_Startup_execImpl__C
  000012c4    000012c4    00000004   00000004    r-- .const:xdc_runtime_Startup_maxPasses__C
  000012c8    000012c8    00000004   00000004    r-- .const:xdc_runtime_Startup_sfxnRts__C
  000012cc    000012cc    00000004   00000004    r-- .const:xdc_runtime_Startup_sfxnTab__C
  000012d0    000012d0    00000004   00000004    r-- .const:xdc_runtime_Startup_startModsFxn__C
  000012d4    000012d4    00000004   00000004    r-- .const:xdc_runtime_SysCallback_abortFxn__C
  000012d8    000012d8    00000004   00000004    r-- .const:xdc_runtime_SysCallback_exitFxn__C
  000012dc    000012dc    00000004   00000004    r-- .const:xdc_runtime_System_abortFxn__C
  000012e0    000012e0    00000004   00000004    r-- .const:xdc_runtime_System_exitFxn__C
  000012e4    000012e4    00000004   00000004    r-- .const:xdc_runtime_System_maxAtexitHandlers__C
  000012e8    000012e8    00000004   00000004    r-- .const:xdc_runtime_Text_charTab__C
  000012ec    000012ec    00000004   00000004    r-- .const:xdc_runtime_Text_nameEmpty__C
  000012f0    000012f0    00000004   00000004    r-- .const:xdc_runtime_Text_nameStatic__C
  000012f4    000012f4    00000004   00000004    r-- .const:xdc_runtime_Text_nameUnknown__C
  000012f8    000012f8    00000002   00000002    r-- .const:xdc_runtime_Error_maxDepth__C
  000012fa    000012fa    00000002   00000002    r-- .const:xdc_runtime_Memory_Module__id__C
  000012fc    000012fc    00000002   00000002    r-- .const:xdc_runtime_Text_charCnt__C
  000012fe    000012fe    00000002   00000002    r-- .const:xdc_runtime_Text_isLoaded__C
  00001300    00001300    00000001   00000001    r-- .const:xdc_runtime_Error_policy__C
  00001304    00001304    00000004   00000004    r-- .const:ti_sysbios_rom_ROM_ti_sysbios_family_arm_cc26xx_Timer_getCount64__E
  00001308    00001308    00000004   00000004    r-- .const:ti_sysbios_rom_ROM_ti_sysbios_family_arm_cc26xx_Timer_getCurrentTick__E
  0000130c    0000130c    00000004   00000004    r-- .const:ti_sysbios_rom_ROM_ti_sysbios_family_arm_cc26xx_Timer_getMaxTicks__E
  00001310    00001310    00000004   00000004    r-- .const:ti_sysbios_rom_ROM_ti_sysbios_family_arm_cc26xx_Timer_initDevice__I
  00001314    00001314    00000004   00000004    r-- .const:ti_sysbios_rom_ROM_ti_sysbios_family_arm_cc26xx_Timer_setNextTick__E
  00001318    00001318    00000004   00000004    r-- .const:ti_sysbios_rom_ROM_ti_sysbios_family_arm_cc26xx_Timer_setThreshold__I
  0000131c    0000131c    00000004   00000004    r-- .const:ti_sysbios_rom_ROM_ti_sysbios_family_arm_cc26xx_Timer_start__E
  00001320    00001320    00000004   00000004    r-- .const:ti_sysbios_rom_ROM_ti_sysbios_family_arm_cc26xx_TimestampProvider_get32__E
  00001324    00001324    00000004   00000004    r-- .const:ti_sysbios_rom_ROM_xdc_runtime_Startup_getState__I
  00001328    00001328    00000004   00000004    r-- .const:ti_sysbios_rom_ROM_xdc_runtime_System_SupportProxy_abort__E
  0000132c    0000132c    00000004   00000004    r-- .const:ti_sysbios_rom_ROM_xdc_runtime_System_SupportProxy_exit__E
  00001330    00001330    00010130   00010130    r-x .text.2
  00011460    00011460    00001144   00001144    r-- .const
  000125a4    000125a4    000000a4   000000a4    r-- .rodata
  00012648    00012648    000005c4   000005c4    r-- .cinit
0001e000    0001e000    00001000   00001000    r--
  0001e000    0001e000    00001000   00001000    r-- .snvSectors
0001ffa8    0001ffa8    00000058   00000058    r--
  0001ffa8    0001ffa8    00000058   00000058    r-- .ccfg
20000100    20000100    00002ae7   00000000    rw-
  20000100    20000100    00000044   00000000    rw- .data:ti_sysbios_knl_Task_Module__state__V
  20000144    20000144    00000034   00000000    rw- .data:ti_sysbios_family_arm_m3_Hwi_Module__state__V
  20000178    20000178    0000002c   00000000    rw- .data:ti_sysbios_knl_Clock_Module__state__V
  200001a4    200001a4    00000024   00000000    rw- .data:ti_sysbios_BIOS_Module__state__V
  200001c8    200001c8    0000001c   00000000    rw- .data:ti_sysbios_knl_Swi_Module__state__V
  200001e4    200001e4    00000008   00000000    rw- .data:ti_sysbios_family_arm_cc26xx_Timer_Module__state__V
  200001ec    200001ec    00000004   00000000    rw- .data:ti_sysbios_family_arm_cc26xx_TimestampProvider_Module__state__V
  200001f0    200001f0    00000008   00000000    rw- .data:xdc_runtime_Startup_Module__state__V
  200001f8    200001f8    00000008   00000000    rw- .data:xdc_runtime_System_Module__state__V
  20000200    20000200    00000004   00000000    rw- .data:xdc_runtime_Memory_Module__state__V
  20000204    20000204    00000002   00000000    rw- .data:xdc_runtime_Error_Module__state__V
  20000208    20000208    000020e7   00000000    rw- .data
  200022f0    200022f0    000008f7   00000000    rw- .bss
20004000    20004000    00000400   00000000    rw-
  20004000    20004000    00000400   00000000    rw- .stack


SECTION ALLOCATION MAP

 output                                  attributes/
section   page    origin      length       input sections
--------  ----  ----------  ----------   ----------------
.const:ti_sysbios_heaps_HeapMem_Module__FXNS__C 
*          0    00001000    00000028     
                  00001000    00000028     app_ble_pem3.oem3 (.const:ti_sysbios_heaps_HeapMem_Module__FXNS__C)

.const:ti_sysbios_gates_GateHwi_Module__FXNS__C 
*          0    00001028    00000024     
                  00001028    00000024     app_ble_pem3.oem3 (.const:ti_sysbios_gates_GateHwi_Module__FXNS__C)

.const:ti_sysbios_gates_GateMutex_Module__FXNS__C 
*          0    0000104c    00000024     
                  0000104c    00000024     app_ble_pem3.oem3 (.const:ti_sysbios_gates_GateMutex_Module__FXNS__C)

.const:ti_sysbios_family_arm_m3_Hwi_Object__DESC__C 
*          0    00001070    00000020     
                  00001070    00000020     app_ble_pem3.oem3 (.const:ti_sysbios_family_arm_m3_Hwi_Object__DESC__C)

.const:ti_sysbios_gates_GateHwi_Object__DESC__C 
*          0    00001090    00000020     
                  00001090    00000020     app_ble_pem3.oem3 (.const:ti_sysbios_gates_GateHwi_Object__DESC__C)

.const:ti_sysbios_gates_GateMutex_Object__DESC__C 
*          0    000010b0    00000020     
                  000010b0    00000020     app_ble_pem3.oem3 (.const:ti_sysbios_gates_GateMutex_Object__DESC__C)

.const:ti_sysbios_hal_Hwi_Object__DESC__C 
*          0    000010d0    00000020     
                  000010d0    00000020     app_ble_pem3.oem3 (.const:ti_sysbios_hal_Hwi_Object__DESC__C)

.const:ti_sysbios_heaps_HeapMem_Object__DESC__C 
*          0    000010f0    00000020     
                  000010f0    00000020     app_ble_pem3.oem3 (.const:ti_sysbios_heaps_HeapMem_Object__DESC__C)

.const:ti_sysbios_knl_Clock_Object__DESC__C 
*          0    00001110    00000020     
                  00001110    00000020     app_ble_pem3.oem3 (.const:ti_sysbios_knl_Clock_Object__DESC__C)

.const:ti_sysbios_knl_Event_Object__DESC__C 
*          0    00001130    00000020     
                  00001130    00000020     app_ble_pem3.oem3 (.const:ti_sysbios_knl_Event_Object__DESC__C)

.const:ti_sysbios_knl_Mailbox_Object__DESC__C 
*          0    00001150    00000020     
                  00001150    00000020     app_ble_pem3.oem3 (.const:ti_sysbios_knl_Mailbox_Object__DESC__C)

.const:ti_sysbios_knl_Queue_Object__DESC__C 
*          0    00001170    00000020     
                  00001170    00000020     app_ble_pem3.oem3 (.const:ti_sysbios_knl_Queue_Object__DESC__C)

.const:ti_sysbios_knl_Semaphore_Object__DESC__C 
*          0    00001190    00000020     
                  00001190    00000020     app_ble_pem3.oem3 (.const:ti_sysbios_knl_Semaphore_Object__DESC__C)

.const:ti_sysbios_knl_Swi_Object__DESC__C 
*          0    000011b0    00000020     
                  000011b0    00000020     app_ble_pem3.oem3 (.const:ti_sysbios_knl_Swi_Object__DESC__C)

.const:ti_sysbios_knl_Task_Object__DESC__C 
*          0    000011d0    00000020     
                  000011d0    00000020     app_ble_pem3.oem3 (.const:ti_sysbios_knl_Task_Object__DESC__C)

.const:ti_sysbios_knl_Idle_funcList__C 
*          0    000011f0    00000008     
                  000011f0    00000008     app_ble_pem3.oem3 (.const:ti_sysbios_knl_Idle_funcList__C)

.const:ti_sysbios_family_arm_cc26xx_Timer_startupNeeded__C 
*          0    000011f8    00000004     
                  000011f8    00000004     app_ble_pem3.oem3 (.const:ti_sysbios_family_arm_cc26xx_Timer_startupNeeded__C)

.const:ti_sysbios_family_arm_m3_Hwi_E_alreadyDefined__C 
*          0    000011fc    00000004     
                  000011fc    00000004     app_ble_pem3.oem3 (.const:ti_sysbios_family_arm_m3_Hwi_E_alreadyDefined__C)

.const:ti_sysbios_family_arm_m3_Hwi_E_hwiLimitExceeded__C 
*          0    00001200    00000004     
                  00001200    00000004     app_ble_pem3.oem3 (.const:ti_sysbios_family_arm_m3_Hwi_E_hwiLimitExceeded__C)

.const:ti_sysbios_family_arm_m3_Hwi_NUM_INTERRUPTS__C 
*          0    00001204    00000004     
                  00001204    00000004     app_ble_pem3.oem3 (.const:ti_sysbios_family_arm_m3_Hwi_NUM_INTERRUPTS__C)

.const:ti_sysbios_family_arm_m3_Hwi_Object__count__C 
*          0    00001208    00000004     
                  00001208    00000004     app_ble_pem3.oem3 (.const:ti_sysbios_family_arm_m3_Hwi_Object__count__C)

.const:ti_sysbios_family_arm_m3_Hwi_Object__table__C 
*          0    0000120c    00000004     
                  0000120c    00000004     app_ble_pem3.oem3 (.const:ti_sysbios_family_arm_m3_Hwi_Object__table__C)

.const:ti_sysbios_family_arm_m3_Hwi_ccr__C 
*          0    00001210    00000004     
                  00001210    00000004     app_ble_pem3.oem3 (.const:ti_sysbios_family_arm_m3_Hwi_ccr__C)

.const:ti_sysbios_family_arm_m3_Hwi_excHandlerFunc__C 
*          0    00001214    00000004     
                  00001214    00000004     app_ble_pem3.oem3 (.const:ti_sysbios_family_arm_m3_Hwi_excHandlerFunc__C)

.const:ti_sysbios_family_arm_m3_Hwi_nullIsrFunc__C 
*          0    00001218    00000004     
                  00001218    00000004     app_ble_pem3.oem3 (.const:ti_sysbios_family_arm_m3_Hwi_nullIsrFunc__C)

.const:ti_sysbios_family_arm_m3_Hwi_numSparseInterrupts__C 
*          0    0000121c    00000004     
                  0000121c    00000004     app_ble_pem3.oem3 (.const:ti_sysbios_family_arm_m3_Hwi_numSparseInterrupts__C)

.const:ti_sysbios_family_arm_m3_Hwi_priGroup__C 
*          0    00001220    00000004     
                  00001220    00000004     app_ble_pem3.oem3 (.const:ti_sysbios_family_arm_m3_Hwi_priGroup__C)

.const:ti_sysbios_family_arm_m3_TaskSupport_stackAlignment__C 
*          0    00001224    00000004     
                  00001224    00000004     app_ble_pem3.oem3 (.const:ti_sysbios_family_arm_m3_TaskSupport_stackAlignment__C)

.const:ti_sysbios_heaps_HeapMem_E_memory__C 
*          0    00001228    00000004     
                  00001228    00000004     app_ble_pem3.oem3 (.const:ti_sysbios_heaps_HeapMem_E_memory__C)

.const:ti_sysbios_heaps_HeapMem_Module__gateObj__C 
*          0    0000122c    00000004     
                  0000122c    00000004     app_ble_pem3.oem3 (.const:ti_sysbios_heaps_HeapMem_Module__gateObj__C)

.const:ti_sysbios_heaps_HeapMem_Object__count__C 
*          0    00001230    00000004     
                  00001230    00000004     app_ble_pem3.oem3 (.const:ti_sysbios_heaps_HeapMem_Object__count__C)

.const:ti_sysbios_heaps_HeapMem_Object__table__C 
*          0    00001234    00000004     
                  00001234    00000004     app_ble_pem3.oem3 (.const:ti_sysbios_heaps_HeapMem_Object__table__C)

.const:ti_sysbios_heaps_HeapMem_reqAlign__C 
*          0    00001238    00000004     
                  00001238    00000004     app_ble_pem3.oem3 (.const:ti_sysbios_heaps_HeapMem_reqAlign__C)

.const:ti_sysbios_knl_Clock_triggerClock__C 
*          0    0000123c    00000004     
                  0000123c    00000004     app_ble_pem3.oem3 (.const:ti_sysbios_knl_Clock_triggerClock__C)

.const:ti_sysbios_knl_Mailbox_Object__count__C 
*          0    00001240    00000004     
                  00001240    00000004     app_ble_pem3.oem3 (.const:ti_sysbios_knl_Mailbox_Object__count__C)

.const:ti_sysbios_knl_Mailbox_Object__table__C 
*          0    00001244    00000004     
                  00001244    00000004     app_ble_pem3.oem3 (.const:ti_sysbios_knl_Mailbox_Object__table__C)

.const:ti_sysbios_knl_Mailbox_maxTypeAlign__C 
*          0    00001248    00000004     
                  00001248    00000004     app_ble_pem3.oem3 (.const:ti_sysbios_knl_Mailbox_maxTypeAlign__C)

.const:ti_sysbios_knl_Queue_Object__count__C 
*          0    0000124c    00000004     
                  0000124c    00000004     app_ble_pem3.oem3 (.const:ti_sysbios_knl_Queue_Object__count__C)

.const:ti_sysbios_knl_Queue_Object__table__C 
*          0    00001250    00000004     
                  00001250    00000004     app_ble_pem3.oem3 (.const:ti_sysbios_knl_Queue_Object__table__C)

.const:ti_sysbios_knl_Semaphore_eventPost__C 
*          0    00001254    00000004     
                  00001254    00000004     app_ble_pem3.oem3 (.const:ti_sysbios_knl_Semaphore_eventPost__C)

.const:ti_sysbios_knl_Semaphore_eventSync__C 
*          0    00001258    00000004     
                  00001258    00000004     app_ble_pem3.oem3 (.const:ti_sysbios_knl_Semaphore_eventSync__C)

.const:ti_sysbios_knl_Swi_Object__count__C 
*          0    0000125c    00000004     
                  0000125c    00000004     app_ble_pem3.oem3 (.const:ti_sysbios_knl_Swi_Object__count__C)

.const:ti_sysbios_knl_Swi_Object__table__C 
*          0    00001260    00000004     
                  00001260    00000004     app_ble_pem3.oem3 (.const:ti_sysbios_knl_Swi_Object__table__C)

.const:ti_sysbios_knl_Swi_numPriorities__C 
*          0    00001264    00000004     
                  00001264    00000004     app_ble_pem3.oem3 (.const:ti_sysbios_knl_Swi_numPriorities__C)

.const:ti_sysbios_knl_Task_Object__count__C 
*          0    00001268    00000004     
                  00001268    00000004     app_ble_pem3.oem3 (.const:ti_sysbios_knl_Task_Object__count__C)

.const:ti_sysbios_knl_Task_Object__table__C 
*          0    0000126c    00000004     
                  0000126c    00000004     app_ble_pem3.oem3 (.const:ti_sysbios_knl_Task_Object__table__C)

.const:ti_sysbios_knl_Task_allBlockedFunc__C 
*          0    00001270    00000004     
                  00001270    00000004     app_ble_pem3.oem3 (.const:ti_sysbios_knl_Task_allBlockedFunc__C)

.const:ti_sysbios_knl_Task_defaultStackHeap__C 
*          0    00001274    00000004     
                  00001274    00000004     app_ble_pem3.oem3 (.const:ti_sysbios_knl_Task_defaultStackHeap__C)

.const:ti_sysbios_knl_Task_defaultStackSize__C 
*          0    00001278    00000004     
                  00001278    00000004     app_ble_pem3.oem3 (.const:ti_sysbios_knl_Task_defaultStackSize__C)

.const:ti_sysbios_knl_Task_numConstructedTasks__C 
*          0    0000127c    00000004     
                  0000127c    00000004     app_ble_pem3.oem3 (.const:ti_sysbios_knl_Task_numConstructedTasks__C)

.const:ti_sysbios_family_arm_cc26xx_Timer_Module__id__C 
*          0    00001280    00000002     
                  00001280    00000002     app_ble_pem3.oem3 (.const:ti_sysbios_family_arm_cc26xx_Timer_Module__id__C)

.const:ti_sysbios_family_arm_cc26xx_TimestampProvider_useClockTimer__C 
*          0    00001282    00000002     
                  00001282    00000002     app_ble_pem3.oem3 (.const:ti_sysbios_family_arm_cc26xx_TimestampProvider_useClockTimer__C)

.const:ti_sysbios_family_arm_m3_Hwi_Module__id__C 
*          0    00001284    00000002     
                  00001284    00000002     app_ble_pem3.oem3 (.const:ti_sysbios_family_arm_m3_Hwi_Module__id__C)

.const:ti_sysbios_gates_GateHwi_Module__id__C 
*          0    00001286    00000002     
                  00001286    00000002     app_ble_pem3.oem3 (.const:ti_sysbios_gates_GateHwi_Module__id__C)

.const:ti_sysbios_gates_GateMutex_Module__id__C 
*          0    00001288    00000002     
                  00001288    00000002     app_ble_pem3.oem3 (.const:ti_sysbios_gates_GateMutex_Module__id__C)

.const:ti_sysbios_heaps_HeapMem_Module__id__C 
*          0    0000128a    00000002     
                  0000128a    00000002     app_ble_pem3.oem3 (.const:ti_sysbios_heaps_HeapMem_Module__id__C)

.const:ti_sysbios_knl_Task_initStackFlag__C 
*          0    0000128c    00000002     
                  0000128c    00000002     app_ble_pem3.oem3 (.const:ti_sysbios_knl_Task_initStackFlag__C)

.const:ti_sysbios_knl_Clock_tickMode__C 
*          0    0000128e    00000001     
                  0000128e    00000001     app_ble_pem3.oem3 (.const:ti_sysbios_knl_Clock_tickMode__C)

.const:xdc_runtime_Startup_firstFxns__C 
*          0    00001290    00000008     
                  00001290    00000008     app_ble_pem3.oem3 (.const:xdc_runtime_Startup_firstFxns__C)

.const:xdc_runtime_Startup_lastFxns__C 
*          0    00001298    00000008     
                  00001298    00000008     app_ble_pem3.oem3 (.const:xdc_runtime_Startup_lastFxns__C)

.const:xdc_runtime_Assert_E_assertFailed__C 
*          0    000012a0    00000004     
                  000012a0    00000004     app_ble_pem3.oem3 (.const:xdc_runtime_Assert_E_assertFailed__C)

.const:xdc_runtime_Error_E_memory__C 
*          0    000012a4    00000004     
                  000012a4    00000004     app_ble_pem3.oem3 (.const:xdc_runtime_Error_E_memory__C)

.const:xdc_runtime_Error_policyFxn__C 
*          0    000012a8    00000004     
                  000012a8    00000004     app_ble_pem3.oem3 (.const:xdc_runtime_Error_policyFxn__C)

.const:xdc_runtime_Error_raiseHook__C 
*          0    000012ac    00000004     
                  000012ac    00000004     app_ble_pem3.oem3 (.const:xdc_runtime_Error_raiseHook__C)

.const:xdc_runtime_IGateProvider_Interface__BASE__C 
*          0    000012b0    00000004     
                  000012b0    00000004     app_ble_pem3.oem3 (.const:xdc_runtime_IGateProvider_Interface__BASE__C)

.const:xdc_runtime_IHeap_Interface__BASE__C 
*          0    000012b4    00000004     
                  000012b4    00000004     app_ble_pem3.oem3 (.const:xdc_runtime_IHeap_Interface__BASE__C)

.const:xdc_runtime_IModule_Interface__BASE__C 
*          0    000012b8    00000004     
                  000012b8    00000004     app_ble_pem3.oem3 (.const:xdc_runtime_IModule_Interface__BASE__C)

.const:xdc_runtime_Memory_defaultHeapInstance__C 
*          0    000012bc    00000004     
                  000012bc    00000004     app_ble_pem3.oem3 (.const:xdc_runtime_Memory_defaultHeapInstance__C)

.const:xdc_runtime_Startup_execImpl__C 
*          0    000012c0    00000004     
                  000012c0    00000004     app_ble_pem3.oem3 (.const:xdc_runtime_Startup_execImpl__C)

.const:xdc_runtime_Startup_maxPasses__C 
*          0    000012c4    00000004     
                  000012c4    00000004     app_ble_pem3.oem3 (.const:xdc_runtime_Startup_maxPasses__C)

.const:xdc_runtime_Startup_sfxnRts__C 
*          0    000012c8    00000004     
                  000012c8    00000004     app_ble_pem3.oem3 (.const:xdc_runtime_Startup_sfxnRts__C)

.const:xdc_runtime_Startup_sfxnTab__C 
*          0    000012cc    00000004     
                  000012cc    00000004     app_ble_pem3.oem3 (.const:xdc_runtime_Startup_sfxnTab__C)

.const:xdc_runtime_Startup_startModsFxn__C 
*          0    000012d0    00000004     
                  000012d0    00000004     app_ble_pem3.oem3 (.const:xdc_runtime_Startup_startModsFxn__C)

.const:xdc_runtime_SysCallback_abortFxn__C 
*          0    000012d4    00000004     
                  000012d4    00000004     app_ble_pem3.oem3 (.const:xdc_runtime_SysCallback_abortFxn__C)

.const:xdc_runtime_SysCallback_exitFxn__C 
*          0    000012d8    00000004     
                  000012d8    00000004     app_ble_pem3.oem3 (.const:xdc_runtime_SysCallback_exitFxn__C)

.const:xdc_runtime_System_abortFxn__C 
*          0    000012dc    00000004     
                  000012dc    00000004     app_ble_pem3.oem3 (.const:xdc_runtime_System_abortFxn__C)

.const:xdc_runtime_System_exitFxn__C 
*          0    000012e0    00000004     
                  000012e0    00000004     app_ble_pem3.oem3 (.const:xdc_runtime_System_exitFxn__C)

.const:xdc_runtime_System_maxAtexitHandlers__C 
*          0    000012e4    00000004     
                  000012e4    00000004     app_ble_pem3.oem3 (.const:xdc_runtime_System_maxAtexitHandlers__C)

.const:xdc_runtime_Text_charTab__C 
*          0    000012e8    00000004     
                  000012e8    00000004     app_ble_pem3.oem3 (.const:xdc_runtime_Text_charTab__C)

.const:xdc_runtime_Text_nameEmpty__C 
*          0    000012ec    00000004     
                  000012ec    00000004     app_ble_pem3.oem3 (.const:xdc_runtime_Text_nameEmpty__C)

.const:xdc_runtime_Text_nameStatic__C 
*          0    000012f0    00000004     
                  000012f0    00000004     app_ble_pem3.oem3 (.const:xdc_runtime_Text_nameStatic__C)

.const:xdc_runtime_Text_nameUnknown__C 
*          0    000012f4    00000004     
                  000012f4    00000004     app_ble_pem3.oem3 (.const:xdc_runtime_Text_nameUnknown__C)

.const:xdc_runtime_Error_maxDepth__C 
*          0    000012f8    00000002     
                  000012f8    00000002     app_ble_pem3.oem3 (.const:xdc_runtime_Error_maxDepth__C)

.const:xdc_runtime_Memory_Module__id__C 
*          0    000012fa    00000002     
                  000012fa    00000002     app_ble_pem3.oem3 (.const:xdc_runtime_Memory_Module__id__C)

.const:xdc_runtime_Text_charCnt__C 
*          0    000012fc    00000002     
                  000012fc    00000002     app_ble_pem3.oem3 (.const:xdc_runtime_Text_charCnt__C)

.const:xdc_runtime_Text_isLoaded__C 
*          0    000012fe    00000002     
                  000012fe    00000002     app_ble_pem3.oem3 (.const:xdc_runtime_Text_isLoaded__C)

.const:xdc_runtime_Error_policy__C 
*          0    00001300    00000001     
                  00001300    00000001     app_ble_pem3.oem3 (.const:xdc_runtime_Error_policy__C)

.const:ti_sysbios_rom_ROM_ti_sysbios_family_arm_cc26xx_Timer_getCount64__E 
*          0    00001304    00000004     
                  00001304    00000004     app_ble_pem3.oem3 (.const:ti_sysbios_rom_ROM_ti_sysbios_family_arm_cc26xx_Timer_getCount64__E)

.const:ti_sysbios_rom_ROM_ti_sysbios_family_arm_cc26xx_Timer_getCurrentTick__E 
*          0    00001308    00000004     
                  00001308    00000004     app_ble_pem3.oem3 (.const:ti_sysbios_rom_ROM_ti_sysbios_family_arm_cc26xx_Timer_getCurrentTick__E)

.const:ti_sysbios_rom_ROM_ti_sysbios_family_arm_cc26xx_Timer_getMaxTicks__E 
*          0    0000130c    00000004     
                  0000130c    00000004     app_ble_pem3.oem3 (.const:ti_sysbios_rom_ROM_ti_sysbios_family_arm_cc26xx_Timer_getMaxTicks__E)

.const:ti_sysbios_rom_ROM_ti_sysbios_family_arm_cc26xx_Timer_initDevice__I 
*          0    00001310    00000004     
                  00001310    00000004     app_ble_pem3.oem3 (.const:ti_sysbios_rom_ROM_ti_sysbios_family_arm_cc26xx_Timer_initDevice__I)

.const:ti_sysbios_rom_ROM_ti_sysbios_family_arm_cc26xx_Timer_setNextTick__E 
*          0    00001314    00000004     
                  00001314    00000004     app_ble_pem3.oem3 (.const:ti_sysbios_rom_ROM_ti_sysbios_family_arm_cc26xx_Timer_setNextTick__E)

.const:ti_sysbios_rom_ROM_ti_sysbios_family_arm_cc26xx_Timer_setThreshold__I 
*          0    00001318    00000004     
                  00001318    00000004     app_ble_pem3.oem3 (.const:ti_sysbios_rom_ROM_ti_sysbios_family_arm_cc26xx_Timer_setThreshold__I)

.const:ti_sysbios_rom_ROM_ti_sysbios_family_arm_cc26xx_Timer_start__E 
*          0    0000131c    00000004     
                  0000131c    00000004     app_ble_pem3.oem3 (.const:ti_sysbios_rom_ROM_ti_sysbios_family_arm_cc26xx_Timer_start__E)

.const:ti_sysbios_rom_ROM_ti_sysbios_family_arm_cc26xx_TimestampProvider_get32__E 
*          0    00001320    00000004     
                  00001320    00000004     app_ble_pem3.oem3 (.const:ti_sysbios_rom_ROM_ti_sysbios_family_arm_cc26xx_TimestampProvider_get32__E)

.const:ti_sysbios_rom_ROM_xdc_runtime_Startup_getState__I 
*          0    00001324    00000004     
                  00001324    00000004     app_ble_pem3.oem3 (.const:ti_sysbios_rom_ROM_xdc_runtime_Startup_getState__I)

.const:ti_sysbios_rom_ROM_xdc_runtime_System_SupportProxy_abort__E 
*          0    00001328    00000004     
                  00001328    00000004     app_ble_pem3.oem3 (.const:ti_sysbios_rom_ROM_xdc_runtime_System_SupportProxy_abort__E)

.const:ti_sysbios_rom_ROM_xdc_runtime_System_SupportProxy_exit__E 
*          0    0000132c    00000004     
                  0000132c    00000004     app_ble_pem3.oem3 (.const:ti_sysbios_rom_ROM_xdc_runtime_System_SupportProxy_exit__E)

.data:ti_sysbios_knl_Task_Module__state__V 
*          0    20000100    00000044     UNINITIALIZED
                  20000100    00000044     app_ble_pem3.oem3 (.data:ti_sysbios_knl_Task_Module__state__V)

.data:ti_sysbios_family_arm_m3_Hwi_Module__state__V 
*          0    20000144    00000034     UNINITIALIZED
                  20000144    00000034     app_ble_pem3.oem3 (.data:ti_sysbios_family_arm_m3_Hwi_Module__state__V)

.data:ti_sysbios_knl_Clock_Module__state__V 
*          0    20000178    0000002c     UNINITIALIZED
                  20000178    0000002c     app_ble_pem3.oem3 (.data:ti_sysbios_knl_Clock_Module__state__V)

.data:ti_sysbios_BIOS_Module__state__V 
*          0    200001a4    00000024     UNINITIALIZED
                  200001a4    00000024     app_ble_pem3.oem3 (.data:ti_sysbios_BIOS_Module__state__V)

.data:ti_sysbios_knl_Swi_Module__state__V 
*          0    200001c8    0000001c     UNINITIALIZED
                  200001c8    0000001c     app_ble_pem3.oem3 (.data:ti_sysbios_knl_Swi_Module__state__V)

.data:ti_sysbios_family_arm_cc26xx_Timer_Module__state__V 
*          0    200001e4    00000008     UNINITIALIZED
                  200001e4    00000008     app_ble_pem3.oem3 (.data:ti_sysbios_family_arm_cc26xx_Timer_Module__state__V)

.data:ti_sysbios_family_arm_cc26xx_TimestampProvider_Module__state__V 
*          0    200001ec    00000004     UNINITIALIZED
                  200001ec    00000004     app_ble_pem3.oem3 (.data:ti_sysbios_family_arm_cc26xx_TimestampProvider_Module__state__V)

.data:xdc_runtime_Startup_Module__state__V 
*          0    200001f0    00000008     UNINITIALIZED
                  200001f0    00000008     app_ble_pem3.oem3 (.data:xdc_runtime_Startup_Module__state__V)

.data:xdc_runtime_System_Module__state__V 
*          0    200001f8    00000008     UNINITIALIZED
                  200001f8    00000008     app_ble_pem3.oem3 (.data:xdc_runtime_System_Module__state__V)

.data:xdc_runtime_Memory_Module__state__V 
*          0    20000200    00000004     UNINITIALIZED
                  20000200    00000004     app_ble_pem3.oem3 (.data:xdc_runtime_Memory_Module__state__V)

.data:xdc_runtime_Error_Module__state__V 
*          0    20000204    00000002     UNINITIALIZED
                  20000204    00000002     app_ble_pem3.oem3 (.data:xdc_runtime_Error_Module__state__V)

.bootVecs 
*          0    00000000    00000008     DSECT
                  00000000    00000008     boot.aem3 : boot.oem3 (.bootVecs)

.resetVecs 
*          0    00000000    0000003c     
                  00000000    0000003c     app_ble_pem3.oem3 (.resetVecs)

.vecs      0    20000000    000000c8     NOLOAD SECTION
                  20000000    000000c8     app_ble_pem3.oem3 (.vecs)

xdc.meta   0    00000000    00000112     COPY SECTION
                  00000000    00000112     app_ble_pem3.oem3 (xdc.meta)

xdc.noload 
*          0    00000000    00000000     COPY SECTION

.cinit     0    00012648    000005c4     
                  00012648    00000481     (.cinit..data.load) [load image, compression = lzss]
                  00012ac9    00000028     (.cinit..data:ti_sysbios_family_arm_m3_Hwi_Module__state__V.load) [load image, compression = lzss]
                  00012af1    00000021     (.cinit..data:ti_sysbios_knl_Task_Module__state__V.load) [load image, compression = lzss]
                  00012b12    0000001f     (.cinit..data:ti_sysbios_BIOS_Module__state__V.load) [load image, compression = lzss]
                  00012b31    0000001e     (.cinit..data:ti_sysbios_knl_Clock_Module__state__V.load) [load image, compression = lzss]
                  00012b4f    00000010     (.cinit..data:ti_sysbios_knl_Swi_Module__state__V.load) [load image, compression = lzss]
                  00012b5f    00000001     --HOLE-- [fill = 0]
                  00012b60    0000000c     (__TI_handler_table)
                  00012b6c    0000000b     (.cinit..data:ti_sysbios_family_arm_cc26xx_Timer_Module__state__V.load) [load image, compression = lzss]
                  00012b77    00000001     --HOLE-- [fill = 0]
                  00012b78    00000008     (.cinit..bss.load) [load image, compression = zero_init]
                  00012b80    00000008     (.cinit..data:xdc_runtime_Memory_Module__state__V.load) [load image, compression = lzss]
                  00012b88    00000007     (.cinit..data:ti_sysbios_family_arm_cc26xx_TimestampProvider_Module__state__V.load) [load image, compression = lzss]
                  00012b8f    00000007     (.cinit..data:xdc_runtime_Startup_Module__state__V.load) [load image, compression = lzss]
                  00012b96    00000007     (.cinit..data:xdc_runtime_System_Module__state__V.load) [load image, compression = lzss]
                  00012b9d    00000006     (.cinit..data:xdc_runtime_Error_Module__state__V.load) [load image, compression = lzss]
                  00012ba3    00000001     --HOLE-- [fill = 0]
                  00012ba4    00000068     (__TI_cinit_table)

.init_array 
*          0    00000000    00000000     UNINITIALIZED

.snvSectors 
*          0    0001e000    00001000     
                  0001e000    00001000     project_zero_cc2640r2lp_stack_library.lib : osal_snv_wrapper.obj (.snvSectors:retain)

.ccfg      0    0001ffa8    00000058     
                  0001ffa8    00000058     ccfg_app_ble.obj (.ccfg:retain)

.data      0    20000208    000020e7     UNINITIALIZED
                  20000208    000005b8     UartLog.obj (.data:$O26$$)
                  200007c0    000004dc     project_zero.obj (.data:$O1$$)
                  20000c9c    00000454     spi_measure.obj (.data:$O3$$)
                  200010f0    00000340     peripheral.obj (.data:$O24$$)
                  20001430    000001d4     devinfoservice.obj (.data:$O14$$)
                  20001604    00000174     project_zero_cc2640r2lp_stack_library.lib : gapbondmgr.obj (.data:$O29$$)
                  20001778    00000114     drivers_cc26x0r2.aem3 : PINCC26XX.oem3 (.data:$O1$$)
                  2000188c    00000114                           : PowerCC26XX.oem3 (.data:PowerCC26XX_module)
                  200019a0    000000b8     myAcc.obj (.data:$O18$$)
                  20001a58    000000b8     myGyro.obj (.data:$O20$$)
                  20001b10    000000ac     data_service.obj (.data:$O12$$)
                  20001bbc    0000009c     icall.obj (.data:$O7$$)
                  20001c58    00000084     button_service.obj (.data:$O10$$)
                  20001cdc    0000007c     project_zero_cc2640r2lp_stack_library.lib : osal_cbtimer.obj (.data:$O31$$)
                  20001d58    00000070     cc26xx_profiles_pxxx.a : gapgattserver.o (.data)
                  20001dc8    0000005c     led_service.obj (.data:$O16$$)
                  20001e24    00000058     drivers_cc26x0r2.aem3 : CryptoResourceCC26XX.oem3 (.data:$O1$$)
                  20001e7c    00000058     cc26xx_gap_pxxx.a : gap_configmgr.o (.data)
                  20001ed4    0000004c     myTemp.obj (.data:$O22$$)
                  20001f20    0000004c     app_ble_pem3.oem3 (.data:ti_sysbios_knl_Task_Object__table__V)
                  20001f6c    00000004     project_zero_cc2640r2lp_stack_library.lib : osal_snv_wrapper.obj (.data:$O28$$)
                  20001f70    00000048     app_ble_pem3.oem3 (.data:ti_sysbios_family_arm_cc26xx_Timer_Object__table__V)
                  20001fb8    00000038     cc2640_ctrlll_pxxx.a : ll_config.o (.data)
                  20001ff0    00000038     app_ble_pem3.oem3 (.data:ti_sysbios_gates_GateMutex_Object__table__V)
                  20002028    00000030     ble_user_config.obj (.data:rfRegTbl)
                  20002058    00000030     app_ble_pem3.oem3 (.data:ti_sysbios_knl_Swi_Module_State_0_readyQ__A)
                  20002088    00000030     app_ble_pem3.oem3 (.data:ti_sysbios_knl_Swi_Object__table__V)
                  200020b8    00000030     app_ble_pem3.oem3 (.data:ti_sysbios_knl_Task_Module_State_0_readyQ__A)
                  200020e8    0000002c     project_zero_cc2640r2lp_stack_library.lib : osal.obj (.data:$O30$$)
                  20002114    00000028     ECCROMCC26XX.obj (.data:$O4$$)
                  2000213c    00000024     cc26xx_profiles_pxxx.a : gapgattserver.o (.data)
                  20002160    00000020     app_ble_pem3.oem3 (.data:ti_sysbios_knl_Clock_Object__table__V)
                  20002180    00000020     app_ble_pem3.oem3 (.data:xdc_runtime_Error_IgnoreBlock)
                  200021a0    00000018     app_ble_pem3.oem3 (.data:ti_sysbios_family_arm_m3_Hwi_Object__table__V)
                  200021b8    00000010     icall_user_config.obj (.data:bleAppServiceInfoTable)
                  200021c8    00000010     cc26xx_profiles_pxxx.a : gattservapp.o (.data)
                  200021d8    00000010     icall_api_lite.obj (.data)
                  200021e8    00000010     ble_user_config.obj (.data:rfModeOverride)
                  200021f8    00000010     main.obj (.data:user0Cfg)
                  20002208    0000000c     cc2640_ctrlll_pxxx.a : ll_data.o (.data)
                  20002214    0000000c     app_ble_pem3.oem3 (.data:ti_sysbios_heaps_HeapCallback_Object__table__V)
                  20002220    00000009     devinfoservice.obj (.data)
                  20002229    00000003     myAcc.obj (.data)
                  2000222c    00000008     project_zero_cc2640r2lp_stack_library.lib : hal_assert.obj (.data:$O27$$)
                  20002234    00000008                                               : osal_clock.obj (.data:$O35$$)
                  2000223c    00000008     rtsv7M3_T_le_eabi.lib : _lock.c.obj (.data:$O36$$)
                  20002244    00000008     icall_cc2650.obj (.data:$O9$$)
                  2000224c    00000008     app_ble_pem3.oem3 (.data:ti_sysbios_family_arm_m3_Hwi_Module__root__V)
                  20002254    00000008     app_ble_pem3.oem3 (.data:ti_sysbios_gates_GateHwi_Module__root__V)
                  2000225c    00000008     app_ble_pem3.oem3 (.data:ti_sysbios_gates_GateMutex_Module__root__V)
                  20002264    00000008     app_ble_pem3.oem3 (.data:ti_sysbios_hal_Hwi_Module__root__V)
                  2000226c    00000008     app_ble_pem3.oem3 (.data:ti_sysbios_heaps_HeapCallback_Module__root__V)
                  20002274    00000008     app_ble_pem3.oem3 (.data:ti_sysbios_heaps_HeapMem_Module__root__V)
                  2000227c    00000008     app_ble_pem3.oem3 (.data:ti_sysbios_knl_Clock_Module__root__V)
                  20002284    00000008     app_ble_pem3.oem3 (.data:ti_sysbios_knl_Event_Module__root__V)
                  2000228c    00000008     app_ble_pem3.oem3 (.data:ti_sysbios_knl_Mailbox_Module__root__V)
                  20002294    00000008     app_ble_pem3.oem3 (.data:ti_sysbios_knl_Queue_Module__root__V)
                  2000229c    00000008     app_ble_pem3.oem3 (.data:ti_sysbios_knl_Semaphore_Module__root__V)
                  200022a4    00000008     app_ble_pem3.oem3 (.data:ti_sysbios_knl_Swi_Module__root__V)
                  200022ac    00000008     app_ble_pem3.oem3 (.data:ti_sysbios_knl_Task_Module__root__V)
                  200022b4    00000008     app_ble_pem3.oem3 (.data:xdc_runtime_Registry_Module__state__V)
                  200022bc    00000004     project_zero_cc2640r2lp_stack_library.lib : osal_pwrmgr.obj (.data:$O32$$)
                  200022c0    00000004     ble_user_config.obj (.data)
                  200022c4    00000004     project_zero_cc2640r2lp_stack_library.lib : ble_user_config.obj (.data)
                  200022c8    00000004                                               : osal_bufmgr.obj (.data)
                  200022cc    00000004     rtsv7M3_T_le_eabi.lib : stkdepth_vars.c.obj (.data)
                  200022d0    00000004     app_ble_pem3.oem3 (.data:ti_sysbios_family_arm_m3_Hwi_Module_State_0_excContext__A)
                  200022d4    00000004     app_ble_pem3.oem3 (.data:ti_sysbios_family_arm_m3_Hwi_Module_State_0_excStack__A)
                  200022d8    00000004     app_ble_pem3.oem3 (.data:ti_sysbios_knl_Task_Module_State_0_idleTask__A)
                  200022dc    00000003     myGyro.obj (.data)
                  200022df    00000002     button_service.obj (.data)
                  200022e1    00000002     data_service.obj (.data)
                  200022e3    00000002     led_service.obj (.data)
                  200022e5    00000001     TRNGCC26XX.obj (.data)
                  200022e6    00000002     app_ble_pem3.oem3 (.data:ti_sysbios_family_arm_m3_Hwi_Module_State_0_excActive__A)
                  200022e8    00000001     cc2640_ctrlll_pxxx.a : ll_data.o (.data)
                  200022e9    00000001     cc26xx_profiles_pxxx.a : gapgattserver.o (.data)
                  200022ea    00000001                            : gapgattserver.o (.data)
                  200022eb    00000001                            : gapgattserver.o (.data)
                  200022ec    00000001     drivers_cc26x0r2.aem3 : CryptoCC26XX.oem3 (.data)
                  200022ed    00000001                           : UART.oem3 (.data)
                  200022ee    00000001     myTemp.obj (.data)

.bss       0    200022f0    000008f7     UNINITIALIZED
                  200022f0    000003a0     RFCC26XX_singleMode.obj (.bss:$O6$$)
                  20002690    00000200     app_ble_pem3.oem3 (.bss:taskStackSection)
                  20002890    0000012c     (.common:uartCC26XXObjects)
                  200029bc    000000c8     (.common:ti_sysbios_family_arm_m3_Hwi_dispatchTable)
                  20002a84    00000004     cc2640_ctrlll_pxxx.a : ll.o (.bss)
                  20002a88    00000078                          : ll.o (.bss)
                  20002b00    0000002c     (.common:cryptoCC26XXObjects)
                  20002b2c    00000020     (.common:uartCC26XXRingBuffer)
                  20002b4c    00000014     RFCC26XX_singleMode.obj (.bss:RF_ratSyncCmd$4)
                  20002b60    00000014     driverlib.lib : osc.obj (.bss:oscHfGlobals$67)
                  20002b74    00000010     util.obj (.bss:str$1$2)
                  20002b84    0000000c     project_zero_cc2640r2lp_stack_library.lib : osal_timers.obj (.bss:$O33$$)
                  20002b90    0000000c     cc2640_ctrlll_pxxx.a : ll_scheduler.o (.bss)
                  20002b9c    00000008     dpl_cc26x0r2.aem3 : PowerCC26XX_tirtos.oem3 (.bss:$O1$$)
                  20002ba4    00000008     cc2640_ctrlll_pxxx.a : ll_common.o (.bss)
                  20002bac    00000008                          : ll_common.o (.bss)
                  20002bb4    00000008     driverlib.lib : sys_ctrl.obj (.bss:powerQualGlobals$69)
                  20002bbc    00000004     cc2640_ctrlll_pxxx.a : ll.o (.bss)
                  20002bc0    00000004                          : ll.o (.bss)
                  20002bc4    00000004                          : ll_common.o (.bss)
                  20002bc8    00000004     cc26xx_gap_pxxx.a : gap_linkmgr.o (.bss)
                  20002bcc    00000004     cc26xx_profiles_pxxx.a : gapgattserver.o (.bss)
                  20002bd0    00000004     (.common:ClockP_tickPeriod)
                  20002bd4    00000004     (.common:tasksEvents)
                  20002bd8    00000004     (.common:trngCC26XXObjects)
                  20002bdc    00000002     cc2640_ctrlll_pxxx.a : ll_slave_end_causes.o (.bss)
                  20002bde    00000001     RFCC26XX_singleMode.obj (.bss)
                  20002bdf    00000001     cc26xx_hci_tl_none.a : hci_tl.o (.bss)
                  20002be0    00000001                          : hci_tl.o (.bss)
                  20002be1    00000001                          : hci_tl.o (.bss)
                  20002be2    00000001                          : hci_tl.o (.bss)
                  20002be3    00000001                          : hci_tl.o (.bss)
                  20002be4    00000001     drivers_cc26x0r2.aem3 : CryptoCC26XX.oem3 (.bss)
                  20002be5    00000001     (.common:driverlib_release_0_60062)
                  20002be6    00000001     (.common:icall_liteTaskId)

.vtable    0    20002be7    00000000     UNINITIALIZED

.vtable_ram 
*          0    20002be7    00000000     UNINITIALIZED

vtable_ram 
*          0    20002be7    00000000     UNINITIALIZED

.sysmem    0    20002be7    00000000     UNINITIALIZED

.nonretenvar 
*          0    20002be7    00000000     UNINITIALIZED

.stack     0    20004000    00000400     UNINITIALIZED
                  20004000    00000400     --HOLE--

.text.1    0    0000003c    00000fc4     
                  0000003c    0000089c     project_zero.obj (.text:ProjectZero_taskFxn$0)
                  000008d8    00000008     (.tramp.ti_sysbios_knl_Event_pend__E.1)
                  000008e0    00000008     ble_r2.symbols (.tramp.GATT_bm_free.1)
                  000008e8    00000008     (.tramp.ti_sysbios_knl_Queue_empty__E.1)
                  000008f0    00000008     (.tramp.ti_sysbios_knl_Queue_dequeue__E.1)
                  000008f8    0000055c     peripheral.obj (.text:gapRole_taskFxn$20)
                  00000e54    000001a4     project_zero.obj (.text:user_processGapStateChangeEvt$0)
                  00000ff8    00000008     drivers_cc26x0r2.aem3 : CryptoCC26XX.oem3 (.text:CryptoCC26XX_Params_init)

.text.2    0    00001330    00010130     
                  00001330    00000788     project_zero.obj (.text:ProjectZero_init$0)
                  00001ab8    0000047c     project_zero_cc2640r2lp_stack_library.lib : icall_startup.obj (.text:startup_entry)
                  00001f34    00000478     cc2640_ctrlll_pxxx.a : ll.o (.text)
                  000023ac    00000330                          : ll_slave_end_causes.o (.text)
                  000026dc    00000320                          : ll.o (.text)
                  000029fc    00000320     rom_sysbios.aem3 : rom_sysbios.obj (.text:xdc_runtime_System_doPrint__I)
                  00002d1c    00000314     drivers_cc26x0r2.aem3 : PowerCC26XX_calibrateRCOSC.oem3 (.text:PowerCC26XX_auxISR)
                  00003030    000002f4     cc2640_ctrlll_pxxx.a : ll_scheduler.o (.text)
                  00003324    000002e4                          : ll_common.o (.text)
                  00003608    000002c4     RFCC26XX_singleMode.obj (.text:RF_fsmActiveState$4)
                  000038cc    000002b0     data_service.obj (.text:Data_Service_WriteAttrCB$12)
                  00003b7c    00000294     peripheral.obj (.text:GAPRole_SetParameter)
                  00003e10    00000294     cc2640_ctrlll_pxxx.a : ll_isr.o (.text)
                  000040a4    00000294     myAcc.obj (.text:myAcc_ReadAttrCB$17)
                  00004338    00000278     drivers_cc26x0r2.aem3 : CryptoCC26XX.oem3 (.text:cryptoTransactionExecute)
                  000045b0    00000252     main.obj (.text:AssertHandler)
                  00004802    00000002     ble_user_config.obj (.text:DefaultAssertCback)
                  00004804    00000240     cc2640_ctrlll_pxxx.a : ble.o (.text)
                  00004a44    00000238     cc26xx_profiles_pxxx.a : gapgattserver.o (.text)
                  00004c7c    0000022c     project_zero_cc2640r2lp_stack_library.lib : gapbondmgr.obj (.text:GAPBondMgr_SetParameter)
                  00004ea8    0000022c     drivers_cc26x0r2.aem3 : PowerCC26XX.oem3 (.text:Power_sleep)
                  000050d4    00000220     driverlib.lib : sys_ctrl.obj (.text:NOROM_SysCtrlSetRechargeBeforePowerDown)
                  000052f4    00000210     data_service.obj (.text:DataService_SetParameter)
                  00005504    0000020c     project_zero_cc2640r2lp_stack_library.lib : gapbondmgr.obj (.text:GAPBondMgr_ProcessGAPMsg)
                  00005710    0000020c     RFCC26XX_singleMode.obj (.text:RF_open)
                  0000591c    00000200     button_service.obj (.text:ButtonService_SetParameter)
                  00005b1c    00000200     cc26xx_profiles_pxxx.a : gattservapp.o (.text)
                  00005d1c    000001f0     led_service.obj (.text:LED_Service_WriteAttrCB$16)
                  00005f0c    000001e0     ECCROMCC26XX.obj (.text:ECC_VerifyPublicKeyWeierstrass$3)
                  000060ec    000001d0     project_zero_cc2640r2lp_stack_library.lib : gapbondmgr.obj (.text:gapBondMgrAddBond$31)
                  000062bc    000001bc     UartLog.obj (.text:uartLog_flush)
                  00006478    000001b8     RFCC26XX_singleMode.obj (.text:RF_fsmSetupState$4)
                  00006630    000001b0     drivers_cc26x0r2.aem3 : PINCC26XX.oem3 (.text:PIN_init)
                  000067e0    000001b0     cc2640_ctrlll_pxxx.a : ll_isr.o (.text)
                  00006990    000001a4     ECCROMCC26XX.obj (.text:ECCROMCC26XX_genDHKey)
                  00006b34    00000190     drivers_cc26x0r2.aem3 : PowerCC26XX_calibrateRCOSC.oem3 (.text:PowerCC26XX_doCalibrate)
                  00006cc4    00000190     project_zero_cc2640r2lp_stack_library.lib : gapbondmgr.obj (.text:gapBondMgrAuthenticate$31)
                  00006e54    00000190     icall.obj (.text:icall_directAPI)
                  00006fe4    0000018c     cc2640_ctrlll_pxxx.a : ll.o (.text)
                  00007170    0000018c                          : ll_isr.o (.text)
                  000072fc    00000160     button_service.obj (.text:Button_Service_ReadAttrCB$11)
                  0000745c    0000015c     data_service.obj (.text:Data_Service_ReadAttrCB$12)
                  000075b8    0000015c     led_service.obj (.text:LED_Service_ReadAttrCB$16)
                  00007714    0000015c     drivers_cc26x0r2.aem3 : UARTCC26XX.oem3 (.text:UARTCC26XX_open)
                  00007870    00000150     project_zero_cc2640r2lp_stack_library.lib : gapbondmgr.obj (.text:GAPBondMgr_ProcessEvent)
                  000079c0    00000150     cc2640_ctrlll_pxxx.a : ll_common.o (.text)
                  00007b10    00000148     button_service.obj (.text:Button_Service_WriteAttrCB$11)
                  00007c58    00000148     drivers_cc26x0r2.aem3 : UARTCC26XX.oem3 (.text:UARTCC26XX_hwiIntFxn)
                  00007da0    0000013c     led_service.obj (.text:LedService_SetParameter)
                  00007edc    00000136     drivers_cc26x0r2.aem3 : UARTCC26XX.oem3 (.text:UARTCC26XX_read)
                  00008012    00000002     icall.obj (.text:ICall_abort)
                  00008014    0000012c     drivers_cc26x0r2.aem3 : PowerCC26XX.oem3 (.text:Power_init)
                  00008140    00000128     ECCROMCC26XX.obj (.text:ECCROMCC26XX_genKeys)
                  00008268    00000128     cc2640_ctrlll_pxxx.a : ll_scheduler.o (.text)
                  00008390    00000124     peripheral.obj (.text:GAPRole_GetParameter)
                  000084b4    00000124     project_zero_cc2640r2lp_stack_library.lib : gapbondmgr.obj (.text:gapBondMgrEraseBonding$31)
                  000085d8    00000114     cc26xx_gap_pxxx.a : gap_linkmgr.o (.text)
                  000086ec    00000110     drivers_cc26x0r2.aem3 : PINCC26XX.oem3 (.text:PINCC26XX_setIoCfg)
                  000087fc    00000110     cc26xx_gatt_pxxx.a : gatt_server.o (.text)
                  0000890c    00000108     app_ble_pem3.oem3 (.text:xdc_runtime_System_printfExtend__I)
                  00008a14    00000104     project_zero_cc2640r2lp_stack_library.lib : osal_snv_wrapper.obj (.text:compactPage$29)
                  00008b18    000000fc     rtsv7M3_T_le_eabi.lib : fd_mul_t2.asm.obj (.text)
                  00008c14    000000f8     project_zero_cc2640r2lp_stack_library.lib : osal_snv_wrapper.obj (.text:osal_snv_write)
                  00008d0c    000000f0     RFCC26XX_singleMode.obj (.text:RF_radioOpDoneCb$4)
                  00008dfc    000000f0     cc2640_ctrlll_pxxx.a : ll.o (.text)
                  00008eec    000000ec     cc26xx_profiles_pxxx.a : gattservapp.o (.text)
                  00008fd8    000000e8     dpl_cc26x0r2.aem3 : PowerCC26XX_tirtos.oem3 (.text:PowerCC26XX_standbyPolicy)
                  000090c0    000000e8     project_zero_cc2640r2lp_stack_library.lib : osal_timers.obj (.text:osalTimerUpdate)
                  000091a8    000000e4     cc2640_ctrlll_pxxx.a : ll_isr.o (.text)
                  0000928c    000000e4     cc26xx_sm_pxxx.a : sm_pairing.o (.text)
                  00009370    000000e2     drivers_cc26x0r2.aem3 : UARTCC26XX.oem3 (.text:UARTCC26XX_write)
                  00009452    00000002     project_zero_cc2640r2lp_stack_library.lib : onboard.obj (.text:Onboard_soft_reset)
                  00009454    000000e0     project_zero.obj (.text:user_gapBondMgr_pairStateCB$0)
                  00009534    000000d8     project_zero.obj (.text:ProjectZero_freeAttRsp$0)
                  0000960c    000000d4     project_zero_cc2640r2lp_stack_library.lib : gapbondmgr.obj (.text:GAPBondMgr_LinkEst)
                  000096e0    000000d4     RFCC26XX_singleMode.obj (.text:RF_pendCmd)
                  000097b4    000000cc     RFCC26XX_singleMode.obj (.text:RF_postCmd)
                  00009880    000000cc     RFCC26XX_singleMode.obj (.text:RF_swiHw$4)
                  0000994c    000000cc     main.obj (.text:main)
                  00009a18    000000c4     myAcc.obj (.text:MyAcc_SetParameter)
                  00009adc    000000c4     RFCC26XX_singleMode.obj (.text:RF_control)
                  00009ba0    000000c4     cc26xx_sm_pxxx.a : sm_pairing.o (.text)
                  00009c64    000000c4                      : sm_pairing.o (.text)
                  00009d28    000000c0     RFCC26XX_singleMode.obj (.text:RF_fsmPowerUpState$4)
                  00009de8    000000c0     driverlib.lib : setup.obj (.text:TrimAfterColdResetWakeupFromShutDown$26)
                  00009ea8    000000c0     project_zero_cc2640r2lp_stack_library.lib : osal.obj (.text:osal_set_event)
                  00009f68    000000bc     drivers_cc26x0r2.aem3 : PowerCC26XX.oem3 (.text:Power_releaseDependency)
                  0000a024    000000bc     cc2640_ctrlll_pxxx.a : ll_scheduler.o (.text)
                  0000a0e0    000000b4     driverlib.lib : setup.obj (.text:NOROM_SetupTrimDevice)
                  0000a194    000000b4     drivers_cc26x0r2.aem3 : PowerCC26XX.oem3 (.text:Power_setDependency)
                  0000a248    000000b4     devinfoservice.obj (.text:devInfo_ReadAttrCB$13)
                  0000a2fc    000000b0     TRNGCC26XX.obj (.text:TRNGCC26XX_getNumber)
                  0000a3ac    000000b0     cc26xx_gap_pxxx.a : gap_peridevmgr.o (.text)
                  0000a45c    000000ac     gattservapp_util.obj (.text:GATTServApp_ProcessCharCfg)
                  0000a508    000000ac     RFCC26XX_singleMode.obj (.text:RF_abortCmd$4)
                  0000a5b4    000000a6     rom_sysbios.aem3 : rom_sysbios.obj (.text:xdc_runtime_Text_putSite__E)
                  0000a65a    00000002     RFCC26XX_singleMode.obj (.text:RF_defaultCallback$4)
                  0000a65c    000000a4     project_zero_cc2640r2lp_stack_library.lib : gapbondmgr.obj (.text:GAPBondMgr_ResolveAddr)
                  0000a700    000000a4     RFCC26XX_singleMode.obj (.text:RF_ratRestartChannels$4)
                  0000a7a4    000000a4     UartLog.obj (.text:UartLog_log)
                  0000a848    000000a4     cc2640_ctrlll_pxxx.a : ll_common.o (.text)
                  0000a8ec    000000a4     myGyro.obj (.text:myGyro_ReadAttrCB$18)
                  0000a990    000000a4     project_zero_cc2640r2lp_stack_library.lib : osal.obj (.text:osal_msg_enqueue_push$37)
                  0000aa34    000000a4     drivers_cc26x0r2.aem3 : PowerCC26XX.oem3 (.text:switchXOSCHFclockFunc)
                  0000aad8    000000a3     project_zero.obj (.text:user_service_ValueChangeCB$0)
                  0000ab7b    00000001     --HOLE-- [fill = 0]
                  0000ab7c    000000a0     drivers_cc26x0r2.aem3 : PINCC26XX.oem3 (.text:PIN_open)
                  0000ac1c    000000a0     auto_init.aem3 : auto_init.oem3 (.text)
                  0000acbc    000000a0     project_zero_cc2640r2lp_stack_library.lib : osal_timers.obj (.text:osal_timer_refTimeUpdate)
                  0000ad5c    0000009e                                               : gapbondmgr.obj (.text:gapBondMgrUpdateCharCfg$31)
                  0000adfa    00000002                                               : sm_ecc.obj (.text:SM_dhKeyCB)
                  0000adfc    0000009c     RFCC26XX_singleMode.obj (.text:RF_calculateDispatchTime$4)
                  0000ae98    0000009c     project_zero_cc2640r2lp_stack_library.lib : osal_cbtimer.obj (.text:cbTimerSetup$39)
                  0000af34    0000009c     rtsv7M3_T_le_eabi.lib : memcpy_t2.asm.obj (.text)
                  0000afd0    00000098     drivers_cc26x0r2.aem3 : UARTCC26XX.oem3 (.text:UARTCC26XX_initHw)
                  0000b068    00000098                           : UARTCC26XX.oem3 (.text:UARTCC26XX_initIO)
                  0000b100    00000098     project_zero.obj (.text:buttonCallbackFxn$0)
                  0000b198    00000098     cc2640_ctrlhci_pxxx.a : hci_event.o (.text)
                  0000b230    00000098     cc2640_ctrlll_pxxx.a : ll_common.o (.text)
                  0000b2c8    00000098     project_zero_cc2640r2lp_stack_library.lib : osal_cbtimer.obj (.text:osal_CbTimerProcessEvent)
                  0000b360    00000098     rom_sysbios.aem3 : rom_sysbios.obj (.text:ti_sysbios_knl_Clock_workFuncDynamic__E)
                  0000b3f8    00000098                      : rom_sysbios.obj (.text:xdc_runtime_Text_putMod__E)
                  0000b490    00000096     rtsv7M3_T_le_eabi.lib : ull_div_t2.asm.obj (.text)
                  0000b526    00000002     project_zero_cc2640r2lp_stack_library.lib : sm_ecc.obj (.text:SM_p256KeyCB)
                  0000b528    00000094     drivers_cc26x0r2.aem3 : CryptoCC26XX.oem3 (.text:CryptoCC26XX_allocateKey)
                  0000b5bc    00000094     icall.obj (.text:ICall_setTimer)
                  0000b650    00000094     driverlib.lib : crypto.obj (.text:NOROM_CRYPTOAesLoadKey)
                  0000b6e4    00000092     project_zero.obj (.text:user_service_CfgChangeCB$0)
                  0000b776    00000002     rtsv7M3_T_le_eabi.lib : _lock.c.obj (.text:_nop)
                  0000b778    00000090     drivers_cc26x0r2.aem3 : CryptoCC26XX.oem3 (.text:CryptoCC26XX_open)
                  0000b808    00000090     project_zero_cc2640r2lp_stack_library.lib : osal.obj (.text:osal_msg_receive)
                  0000b898    00000090     rom_sysbios.aem3 : rom_sysbios.obj (.text:ti_sysbios_family_arm_cc26xx_Timer_start__E)
                  0000b928    0000008e     drivers_cc26x0r2.aem3 : UARTCC26XX.oem3 (.text:UARTCC26XX_writeCancel)
                  0000b9b6    00000002                           : PowerCC26XX.oem3 (.text:emptyClockFunc)
                  0000b9b8    0000008c     icall.obj (.text:ICall_heapMalloc)
                  0000ba44    0000008c     cc2640_ctrlll_pxxx.a : ll_enc.o (.text)
                  0000bad0    0000008c     gattservapp_util.obj (.text:gattServApp_SendNotiInd$15)
                  0000bb5c    00000088     peripheral.obj (.text:gapRole_startConnUpdate$20)
                  0000bbe4    00000084     driverlib.lib : crypto.obj (.text:NOROM_CRYPTOCcmInvAuthDecryptResultGet)
                  0000bc68    00000084     drivers_cc26x0r2.aem3 : UARTCC26XX.oem3 (.text:UARTCC26XX_close)
                  0000bcec    00000084     cc26xx_profiles_pxxx.a : gapgattserver.o (.text)
                  0000bd70    00000080     RFCC26XX_singleMode.obj (.text:RF_dispatchNextCmd$4)
                  0000bdf0    00000080     RFCC26XX_singleMode.obj (.text:RF_ratFreeChannel$4)
                  0000be70    00000080     drivers_cc26x0r2.aem3 : UARTCC26XX.oem3 (.text:writeTxFifoFlush)
                  0000bef0    0000007c     RFCC26XX_singleMode.obj (.text:RF_hwiCpe0Active$4)
                  0000bf6c    0000007c     project_zero.obj (.text:buttonDebounceSwiFxn$0)
                  0000bfe8    0000007c     cc2640_ctrlhci_pxxx.a : hci_event.o (.text)
                  0000c064    0000007c     cc2640_ctrlll_pxxx.a : ll_scheduler.o (.text)
                  0000c0e0    0000007c     cc26xx_gap_pxxx.a : gap_linkmgr.o (.text)
                  0000c15c    0000007c     project_zero_cc2640r2lp_stack_library.lib : osal.obj (.text:osal_event_send$37)
                  0000c1d8    0000007a     rtsv7M3_T_le_eabi.lib : memset_t2.asm.obj (.text)
                  0000c252    00000002     drivers_cc26x0r2.aem3 : CryptoResourceCC26XX.oem3 (.text:errorSpin)
                  0000c254    00000078     project_zero_cc2640r2lp_stack_library.lib : gapbondmgr.obj (.text:GAPBondMgr_syncResolvingList)
                  0000c2cc    00000078     cc2640_ctrlll_pxxx.a : ll_common.o (.text)
                  0000c344    00000078     cc26xx_profiles_pxxx.a : gattservapp.o (.text)
                  0000c3bc    00000078     rom_sysbios.aem3 : rom_sysbios.obj (.text:ti_sysbios_heaps_HeapMem_allocUnprotected__E)
                  0000c434    00000077     project_zero.obj (.text:user_gapStateChangeCB$0)
                  0000c4ab    00000001     --HOLE-- [fill = 0]
                  0000c4ac    00000074     myGyro.obj (.text:MyGyro_SetParameter)
                  0000c520    00000074     cc26xx_sm_pxxx.a : sm_pairing.o (.text)
                  0000c594    00000074     project_zero_cc2640r2lp_stack_library.lib : gapbondmgr.obj (.text:gapBondMgrBondReq$31)
                  0000c608    00000072     cc2640_ctrlll_pxxx.a : ll_common.o (.text)
                  0000c67a    00000002     project_zero_cc2640r2lp_stack_library.lib : hal_assert.obj (.text:halAssertHandler)
                  0000c67c    00000070     icall.obj (.text:ICall_heapGetStats)
                  0000c6ec    00000070     icall.obj (.text:ICall_heapInit)
                  0000c75c    00000070     driverlib.lib : sys_ctrl.obj (.text:NOROM_SysCtrlAdjustRechargeAfterPowerDown)
                  0000c7cc    00000070     project_zero_cc2640r2lp_stack_library.lib : ble_dispatch_lite.obj (.text:ble_dispatch_liteProcess)
                  0000c83c    00000070     cc2640_ctrlll_pxxx.a : ll_common.o (.text)
                  0000c8ac    00000070     cc26xx_hci_tl_none.a : hci_tl.o (.text)
                  0000c91c    00000070     drivers_cc26x0r2.aem3 : PowerCC26XX.oem3 (.text:lfClockReadyCallback)
                  0000c98c    00000070     project_zero_cc2640r2lp_stack_library.lib : osal_snv_wrapper.obj (.text:writeWord$29)
                  0000c9fc    0000006d     rom_sysbios.aem3 : rom_sysbios.obj (.text:xdc_runtime_System_formatNum__I)
                  0000ca69    00000001     --HOLE-- [fill = 0]
                  0000ca6a    00000002     project_zero_cc2640r2lp_stack_library.lib : hal_assert.obj (.text:halAssertSpinlock)
                  0000ca6c    0000006c     icall.obj (.text:ICall_send)
                  0000cad8    0000006c     icall.obj (.text:ICall_sendServiceComplete)
                  0000cb44    0000006c     driverlib.lib : osc.obj (.text:NOROM_OSCHF_AttemptToSwitchToXosc)
                  0000cbb0    0000006c     drivers_cc26x0r2.aem3 : PowerCC26XX_calibrateRCOSC.oem3 (.text:PowerCC26XX_initiateCalibration)
                  0000cc1c    0000006c     cc2640_ctrlll_pxxx.a : ll_common.o (.text)
                  0000cc88    0000006c                          : ll_scheduler.o (.text)
                  0000ccf4    0000006c     drivers_cc26x0r2.aem3 : PowerCC26XX.oem3 (.text:configureXOSCHF)
                  0000cd60    00000068                           : CryptoCC26XX.oem3 (.text:CryptoCC26XX_loadKey)
                  0000cdc8    00000068     driverlib.lib : sys_ctrl.obj (.text:NOROM_SysCtrl_DCDC_VoltageConditionalControl)
                  0000ce30    00000068     RFCC26XX_singleMode.obj (.text:RF_getCurrentTime)
                  0000ce98    00000068     RFCC26XX_singleMode.obj (.text:RF_hwiHw$4)
                  0000cf00    00000068     project_zero.obj (.text:Util_convertArrayToHexString$0)
                  0000cf68    00000068     rtsv7M3_T_le_eabi.lib : copy_decompress_lzss.c.obj (.text:decompress:lzss:__TI_decompress_lzss)
                  0000cfd0    00000068     project_zero_cc2640r2lp_stack_library.lib : osal_cbtimer.obj (.text:osal_CbTimerUpdate)
                  0000d038    00000064     cc26xx_profiles_pxxx.a : gattservapp.o (.text)
                  0000d09c    00000062     gattservapp_util.obj (.text:GATTServApp_ProcessCCCWriteReq)
                  0000d0fe    00000002     icall_api_lite.obj (.text:rfErrCb)
                  0000d100    00000060     icall.obj (.text:ICall_createRemoteTasksAtRuntime)
                  0000d160    00000060     icall.obj (.text:ICall_enrollService)
                  0000d1c0    00000060     drivers_cc26x0r2.aem3 : PowerCC26XX.oem3 (.text:PowerCC26XX_calibrate)
                  0000d220    00000060     RFCC26XX_singleMode.obj (.text:RF_dispatchNextEvent$4)
                  0000d280    0000005f     rom_sysbios.aem3 : rom_sysbios.obj (.text:xdc_runtime_Text_putLab__E)
                  0000d2df    00000001     --HOLE-- [fill = 0]
                  0000d2e0    0000005e     icall.obj (.text:ICall_fetchMsg)
                  0000d33e    0000005e     drivers_cc26x0r2.aem3 : UARTCC26XX.oem3 (.text:UARTCC26XX_swiIntFxn)
                  0000d39c    0000005c                           : CryptoResourceCC26XX.oem3 (.text:CryptoResourceCC26XX_constructRTOSObjects)
                  0000d3f8    0000005c     icall.obj (.text:ICall_pwrUpdActivityCounter)
                  0000d454    0000005c     drivers_cc26x0r2.aem3 : PowerCC26XX_calibrateRCOSC.oem3 (.text:PowerCC26XX_RCOSC_clockFunc)
                  0000d4b0    0000005c     RFCC26XX_singleMode.obj (.text:RF_cmdDispatchTime$4)
                  0000d50c    0000005c     RFCC26XX_singleMode.obj (.text:RF_hwiCpe0PowerFsm$4)
                  0000d568    0000005c     cc26xx_profiles_pxxx.a : gattservapp.o (.text)
                  0000d5c4    0000005c     app_ble_pem3.oem3 (.text:xdc_runtime_Startup_getState__I)
                  0000d620    0000005a     RFCC26XX_singleMode.obj (.text:RF_syncCb$4)
                  0000d67a    00000058     icall.obj (.text:ICall_wait)
                  0000d6d2    00000002     rtsv7M3_T_le_eabi.lib : div0.asm.obj (.text)
                  0000d6d4    00000058     drivers_cc26x0r2.aem3 : PINCC26XX.oem3 (.text:PIN_remove)
                  0000d72c    00000058     RFCC26XX_singleMode.obj (.text:RF_fsmXOSCState$4)
                  0000d784    00000058     RFCC26XX_singleMode.obj (.text:RF_getInfo)
                  0000d7dc    00000058     drivers_cc26x0r2.aem3 : UARTCC26XX.oem3 (.text:UARTCC26XX_control)
                  0000d834    00000058     cc26xx_gap_pxxx.a : gap_linkmgr.o (.text)
                  0000d88c    00000058     project_zero_cc2640r2lp_stack_library.lib : osal_snv_wrapper.obj (.text:findItem$29)
                  0000d8e4    00000058                                               : gapbondmgr.obj (.text:gapBondMgrReadBonds$31)
                  0000d93c    00000058                                               : osal_cbtimer.obj (.text:osal_CbTimerStop)
                  0000d994    00000058     rom_sysbios.aem3 : rom_sysbios.obj (.text:ti_sysbios_heaps_HeapMem_alloc__E)
                  0000d9ec    00000058     project_zero.obj (.text:user_enqueueCharDataMsg$0)
                  0000da44    00000054     RFCC26XX_singleMode.obj (.text:RF_discardPendCmd$4)
                  0000da98    00000054     cc26xx_gap_pxxx.a : linkdb.o (.text)
                  0000daec    00000054     cc26xx_profiles_pxxx.a : gattservapp.o (.text)
                  0000db40    00000054     myTemp.obj (.text:myTemp_ReadAttrCB$19)
                  0000db94    00000050     button_service.obj (.text:Button_Service_findCharParamId$11)
                  0000dbe4    00000050     dpl_cc26x0r2.aem3 : ClockP_tirtos.oem3 (.text:ClockP_construct)
                  0000dc34    00000050     data_service.obj (.text:Data_Service_findCharParamId$12)
                  0000dc84    00000050     ECCROMCC26XX.obj (.text:ECCROMCC26XX_Params_init)
                  0000dcd4    00000050     project_zero_cc2640r2lp_stack_library.lib : gapbondmgr.obj (.text:GAPBondMgr_LinkTerm)
                  0000dd24    00000050     icall.obj (.text:ICall_registerApp)
                  0000dd74    00000050     led_service.obj (.text:LED_Service_findCharParamId$16)
                  0000ddc4    00000050     util.obj (.text:Util_convertBdAddr2Str)
                  0000de14    00000050     cc2640_ctrlll_pxxx.a : ll.o (.text)
                  0000de64    00000050     drivers_cc26x0r2.aem3 : UARTCC26XX.oem3 (.text:startTxFifoEmptyClk)
                  0000deb4    0000004c     icall.obj (.text:ICall_newTask$6)
                  0000df00    0000004c     RFCC26XX_singleMode.obj (.text:RF_wakeupNotification$4)
                  0000df4c    0000004c     rtsv7M3_T_le_eabi.lib : cpy_tbl.c.obj (.text:copy_in)
                  0000df98    0000004c     project_zero_cc2640r2lp_stack_library.lib : gapbondmgr.obj (.text:gapBondMgrUpdateLruBondList$31)
                  0000dfe4    0000004c                                               : osal_bufmgr.obj (.text:osal_bm_free)
                  0000e030    0000004a     drivers_cc26x0r2.aem3 : UARTCC26XX.oem3 (.text:UARTCC26XX_readCancel)
                  0000e07a    00000002     app_ble_pem3.oem3 (.text:ti_sysbios_BIOS_nullFunc__I)
                  0000e07c    00000048     ECCROMCC26XX.obj (.text:ECC_initGlobals$3)
                  0000e0c4    00000048     drivers_cc26x0r2.aem3 : PINCC26XX.oem3 (.text:PIN_setOutputEnable)
                  0000e10c    00000048     spi_measure.obj (.text:SPI_taskFxn$1)
                  0000e154    00000048     project_zero_cc2640r2lp_stack_library.lib : osal_timers.obj (.text:osalAddTimer)
                  0000e19c    00000048     rtsv7M3_T_le_eabi.lib : fd_toi_t2.asm.obj (.text)
                  0000e1e4    00000048     rom_sysbios.aem3 : rom_sysbios.obj (.text:ti_sysbios_family_arm_cc26xx_Timer_setThreshold__I)
                  0000e22c    00000048     drivers_cc26x0r2.aem3 : UARTCC26XX.oem3 (.text:writeFinishedDoCallback)
                  0000e274    00000044     project_zero_cc2640r2lp_stack_library.lib : gapbondmgr.obj (.text:GAPBondMgr_Pair)
                  0000e2b8    00000044     driverlib.lib : osc.obj (.text:NOROM_OSCHF_SwitchToRcOscTurnOffXosc)
                  0000e2fc    00000044     drivers_cc26x0r2.aem3 : RingBuf.oem3 (.text:RingBuf_put)
                  0000e340    00000044     boot.aem3 : boot.oem3 (.text)
                  0000e384    00000044     cc2640_ctrlll_pxxx.a : ll_isr.o (.text)
                  0000e3c8    00000044                          : ll_scheduler.o (.text)
                  0000e40c    00000044     cc26xx_profiles_pxxx.a : gattservapp.o (.text)
                  0000e450    00000044     project_zero_cc2640r2lp_stack_library.lib : osal_snv_wrapper.obj (.text:erasePage$29)
                  0000e494    00000044                                               : osal_timers.obj (.text:osal_start_timerEx)
                  0000e4d8    00000044     project_zero.obj (.text:user_enqueueRawAppMsg$0)
                  0000e51c    00000044     rom_sysbios.aem3 : rom_sysbios.obj (.text:xdc_runtime_Text_xprintf__I)
                  0000e560    00000042     project_zero_cc2640r2lp_stack_library.lib : gapbondmgr.obj (.text:GAPBondMgr_UpdateCharCfg)
                  0000e5a2    00000042                                               : gap.obj (.text:GAP_DeviceInit)
                  0000e5e4    00000040     ECCROMCC26XX.obj (.text:ECCROMCC26XX_init)
                  0000e624    00000040     peripheral.obj (.text:GAPRole_createTask)
                  0000e664    00000040     drivers_cc26x0r2.aem3 : PINCC26XX.oem3 (.text:PIN_swi)
                  0000e6a4    00000040                           : PowerCC26XX.oem3 (.text:PowerCC26XX_isStableXOSC_HF)
                  0000e6e4    00000040     project_zero.obj (.text:ProjectZero_createTask)
                  0000e724    00000040     drivers_cc26x0r2.aem3 : UART.oem3 (.text:UART_init)
                  0000e764    00000040                           : UART.oem3 (.text:UART_open)
                  0000e7a4    00000040     cc26xx_profiles_pxxx.a : gattservapp.o (.text)
                  0000e7e4    00000040                            : gattservapp.o (.text)
                  0000e824    00000040     rtsv7M3_T_le_eabi.lib : u_divt2.asm.obj (.text)
                  0000e864    00000040     rom_sysbios.aem3 : rom_sysbios.obj (.text:ti_sysbios_heaps_HeapCallback_Module_startup__E)
                  0000e8a4    0000003e     dpl_cc26x0r2.aem3 : HwiP_tirtos.oem3 (.text:HwiP_construct)
                  0000e8e2    0000003e     drivers_cc26x0r2.aem3 : RingBuf.oem3 (.text:RingBuf_get)
                  0000e920    0000003c     driverlib.lib : osc.obj (.text:NOROM_OSC_HPOSCRelativeFrequencyOffsetGet)
                  0000e95c    0000003c     RFCC26XX_singleMode.obj (.text:RF_cmdStoreEvents$4)
                  0000e998    0000003c     spi_measure.obj (.text:SPI_createTask)
                  0000e9d4    0000003c     dpl_cc26x0r2.aem3 : SwiP_tirtos.oem3 (.text:SwiP_construct)
                  0000ea10    0000003c     cc2640_ctrlll_pxxx.a : ll_common.o (.text)
                  0000ea4c    0000003c                          : ll_scheduler.o (.text)
                  0000ea88    0000003c     cc26xx_hci_tl_none.a : hci_tl.o (.text)
                  0000eac4    0000003c     cc26xx_profiles_pxxx.a : gattservapp.o (.text)
                  0000eb00    0000003c                            : gattservapp.o (.text)
                  0000eb3c    0000003c     drivers_cc26x0r2.aem3 : PowerCC26XX.oem3 (.text:disableLfClkQualifiersEnableClkLoss)
                  0000eb78    0000003c     myAcc.obj (.text:myAcc_WriteAttrCB$17)
                  0000ebb4    0000003c     myGyro.obj (.text:myGyro_WriteAttrCB$18)
                  0000ebf0    0000003c     myTemp.obj (.text:myTemp_WriteAttrCB$19)
                  0000ec2c    0000003c     project_zero_cc2640r2lp_stack_library.lib : osal_bufmgr.obj (.text:osal_bm_alloc)
                  0000ec68    0000003c                                               : osal_timers.obj (.text:osal_start_reload_timer)
                  0000eca4    0000003c     rom_sysbios.aem3 : rom_sysbios.obj (.text:ti_sysbios_family_arm_m3_Hwi_construct2__E)
                  0000ece0    0000003a     cc2640_ctrlll_pxxx.a : ll_common.o (.text)
                  0000ed1a    00000002     rom_sysbios.aem3 : rom_sysbios.obj (.text:xdc_runtime_SysCallback_defaultAbort)
                  0000ed1c    00000038     drivers_cc26x0r2.aem3 : PINCC26XX.oem3 (.text:PIN_setConfig)
                  0000ed54    00000038                           : PINCC26XX.oem3 (.text:PIN_setOutputValue)
[...]
20002b9c  PowerCC26XX_taskKey                                                       
20002ba0  PowerCC26XX_swiKey                                                        
20002ba4  llConnEvtNotice                                                           
20002bac  featureSetMask                                                            
20002bbc  LSTORecoveryArr                                                           
20002bc0  llCombineState                                                            
20002bc4  llCurrentMappedChan                                                       
20002bc8  connEvtCB                                                                 
20002bd0  ClockP_tickPeriod                                                         
20002bd4  tasksEvents                                                               
20002bd8  trngCC26XXObjects                                                         
20002bdf  hciTaskID                                                                 
20002be0  hciTestTaskID                                                             
20002be1  hciGapTaskID                                                              
20002be2  hciL2capTaskID                                                            
20002be3  hciSmpTaskID                                                              
20002be5  driverlib_release_0_60062                                                 
20002be6  icall_liteTaskId                                                          
20002be7  heapStart                                                                 
20004000  __stack                                                                   
20004000  heapEnd                                                                   
20004400  __STACK_END                                                               
20004400  __STACK_TOP                                                               
200044f8  RAM_BASE_ADDR                                                             
20004504  ROM_FlashJT                                                               
20004558  gapPeripheralCBs                                                          
20004564  gapPeripheralConnCBs                                                      
20004568  rfMode                                                                    
20004584  smResponderCBs                                                            
2000459c  slaveConnHandle                                                           
2000459e  nextHandle                                                                
200045a0  l2capMtuSize                                                              
200045a2  gapAppTaskID                                                              
200045a3  gapAdvAppTaskID                                                           
200045a4  gapUnwantedTaskID                                                         
200045a5  reqTaskId                                                                 
200045a6  gattAppTaskID                                                             
200045a7  appTaskID                                                                 
200045a8  flowCtrlTaskId                                                            
200045a9  SM_appTaskID                                                              
200045ac  resolvingList                                                             
200046ec  scanDataEntry                                                             
200047cc  wlTable                                                                   
200048a8  wlTableScan                                                               
20004a20  advCmd                                                                    
20004a68  localEccKeys                                                              
20004aac  initDataEntry                                                             
20004ae4  advDataEntry                                                              
20004b1c  l2capFixedChannels                                                        
20004b4c  linkCBs                                                                   
20004b7c  eccParams                                                                 
20004bac  initParam                                                                 
20004bd0  scanParam                                                                 
20004bf4  advParam                                                                  
20004c14  cryptoPRAND                                                               
20004c34  txModemTestCmd                                                            
20004c50  gapParams                                                                 
20004c6c  initCmd                                                                   
20004c84  connReqData                                                               
20004c9c  scanCmd                                                                   
20004cb4  scanOutput                                                                
20004ccc  trxTestCmd                                                                
20004ce4  rxModemTestCmd                                                            
20004cfc  rsp                                                                       
20004d14  fwParDtmCmd                                                               
20004d2c  rfSetup                                                                   
20004d44  fwParRfCmd                                                                
20004d5c  connOutput                                                                
20004d70  rxTestParam                                                               
20004d84  initDataQueue                                                             
20004d94  scanDataQueue                                                             
20004da4  advDataQueue                                                              
20004db4  advOutput                                                                 
20004dc4  txTestParam                                                               
20004dd4  initOutput                                                                
20004de0  rxTestOut                                                                 
20004dec  deviceFeatureSet                                                          
20004df8  cachedTRNGdata                                                            
20004e04  gapCurrentRandomAddr                                                      
20004e0c  slaveUpdateReq                                                            
20004e14  pBleEvtMask                                                               
20004e1c  pHciEvtMask                                                               
20004e24  pHciEvtMask2                                                              
20004e2c  ownPublicAddr                                                             
20004e34  ownRandomAddr                                                             
20004e3c  ownSavedPublicAddr                                                        
20004e44  fwImmedCmd                                                                
20004e4c  attServerNotifyTxCB                                                       
20004e50  rfEvent                                                                   
20004e58  fwParCmd                                                                  
20004e60  verInfo                                                                   
20004e68  llConns                                                                   
20004e70  fwParamImmedCmd                                                           
20004e78  privInfo                                                                  
20004e80  linkCmd                                                                   
20004e84  linkParam                                                                 
20004e88  rxDataQ                                                                   
20004e8c  txDataQ                                                                   
20004e90  rxRingBuf                                                                 
20004e94  txTestOut                                                                 
20004e98  pGapDiscReq                                                               
20004e9c  pGapAdvertState                                                           
20004ea0  pEstLink                                                                  
20004ea4  pAuthLink                                                                 
20004ea8  pfnCentralConnCBs                                                         
20004eac  pfnPeripheralConnCBs                                                      
20004eb0  pGapAdvTokens                                                             
20004eb4  pGapAdData                                                                
20004eb8  pGapScanRspData                                                           
20004ebc  pfnPeripheralCBs                                                          
20004ec0  pfnCentralCBs                                                             
20004ec4  pfnBondMgrCBs                                                             
20004ec8  serverInfoTbl                                                             
20004ecc  pServiceList                                                              
20004ed0  pfnServerProcessMsgCB                                                     
20004ed4  pfnClientProcessMsgCB                                                     
20004ed8  prepareWritesTbl                                                          
20004edc  serviceCBsList                                                            
20004ee0  pAttrValue                                                                
20004ee4  l2capChannels                                                             
20004ee8  linkDB                                                                    
20004eec  rfHandle                                                                  
20004ef0  rfDrvTblPtr                                                               
20004ef4  eccDrvTblPtr                                                              
20004ef8  cryptoDrvTblPtr                                                           
20004efc  trngDrvTblPtr                                                             
20004f00  activeConns                                                               
20004f04  SysBootMsg                                                                
20004f08  sclkSrc                                                                   
20004f0c  buildInfo                                                                 
20004f10  advInfo                                                                   
20004f14  scanInfo                                                                  
20004f18  initInfo                                                                  
20004f1c  dtmInfo                                                                   
20004f20  taskEndAction                                                             
20004f24  encParams                                                                 
20004f28  encHandle                                                                 
20004f2c  encKey                                                                    
20004f30  pPairingParams                                                            
20004f34  pfnResponderCBs                                                           
20004f38  pfnInitiatorCBs                                                           
20004f3c  gapLimitedAdvertisingTimeout                                              
20004f3e  attrLen                                                                   
20004f40  numHostBufs                                                               
20004f42  rfCmdHandle                                                               
20004f44  connInitialMaxTxOctets                                                    
20004f46  connInitialMaxTxTime                                                      
20004f48  supportedMaxTxOctets                                                      
20004f4a  supportedMaxTxTime                                                        
20004f4c  supportedMaxRxOctets                                                      
20004f4e  supportedMaxRxTime                                                        
20004f50  taskEndStatus                                                             
20004f52  postRfOperations                                                          
20004f54  rfCfgAdiVal                                                               
20004f58  gapProfileRole                                                            
20004f59  gapDeviceAddrMode                                                         
20004f5a  gapState                                                                  
20004f5b  terminateAllTaskID                                                        
20004f5c  terminateReason                                                           
20004f5d  gapTaskID                                                                 
20004f5e  gattNumConns                                                              
20004f5f  gattTaskID                                                                
20004f60  GATTServApp_TaskID                                                        
20004f61  maxNumPrepareWrites                                                       
20004f62  hciPTMenabled                                                             
20004f63  ctrlToHostEnable                                                          
20004f64  l2capFlowCtrlMode                                                         
20004f65  l2capTaskID                                                               
20004f66  l2capNumChannels                                                          
20004f67  l2capNumDataPkts                                                          
20004f68  l2capId                                                                   
20004f69  linkDBNumConns                                                            
20004f6a  linkDB_secureConnectionOnlyMode                                           
20004f6b  maxPduSize                                                                
20004f6c  rfFeModeBias                                                              
20004f6d  maxNumTxDataBufs                                                          
20004f6e  LL_TaskID                                                                 
20004f6f  llState                                                                   
20004f70  rssiCorrection                                                            
20004f71  curTxPowerVal                                                             
20004f72  maxTxPwrForDTM                                                            
20004f73  onePktPerEvt                                                              
20004f74  numComplPkts                                                              
20004f75  numComplPktsLimit                                                         
20004f76  numComplPktsFlush                                                         
20004f77  fastTxRespTime                                                            
20004f78  slOverride                                                                
20004f79  rxFifoFlowCtrl                                                            
20004f7a  numTxDataBufs                                                             
20004f7b  maxNumConns                                                               
20004f7c  smTaskID                                                                  
20004f7d  SM_appExpectingKey                                                        
20004f80  ECC_DATA$$Base                                                            
20004f80  eccRom_param_Gx                                                           
20004f84  eccRom_param_Gy                                                           
20004f88  eccRom_workzone                                                           
20004f8c  eccRom_param_p                                                            
20004f90  eccRom_param_r                                                            
20004f94  eccRom_param_a                                                            
20004f98  eccRom_param_b                                                            
20004f9c  eccRom_windowSize                                                         
20004fa0  aux64                                                                     
20004fa8  MOD                                                                       
20004fac  LEN                                                                       
20004fb0  inScalar                                                                  
20004fb4  inPointX                                                                  
20004fb8  inPointY                                                                  
20004fbc  outPointX                                                                 
20004fc0  outPointY                                                                 
20004fc4  SCAL                                                                      
20004fc8  EXPX                                                                      
20004fcc  EXPY                                                                      
20004fd0  EXPZ                                                                      
20004fd4  EXPW                                                                      
20004fd8  ACCX                                                                      
20004fdc  ACCY                                                                      
20004fe0  ACCZ                                                                      
20004fe4  TMP1                                                                      
20004fe8  TMP2                                                                      
20004fec  TMP3                                                                      
20004ff0  TMP4                                                                      
20004ff4  TMP5                                                                      
20004ff8  TMP6                                                                      
20004ffc  MSBMOD                                                                    
20005000  ECC_DATA$$Limit                                                           
20005000  __UNUSED_SRAM_end__                                                       
e000e000  ti_sysbios_family_arm_m3_Hwi_nvic                                         
ffffffff  __TI_pprof_out_hndl                                                       
ffffffff  __TI_prof_data_size                                                       
ffffffff  __TI_prof_data_start                                                      
ffffffff  __binit__                                                                 
ffffffff  __c_args__                                                                
ffffffff  binit                                                                     
UNDEFED   SHT$$INIT_ARRAY$$Base                                                     
UNDEFED   SHT$$INIT_ARRAY$$Limit                                                    

[2330 symbols]
