******************************************************************************
                  TI ARM Linker PC v20.2.5                     
******************************************************************************
>> Linked Fri Oct 29 12:52:16 2021

OUTPUT FILE NAME:   <ble_wifi_provisioning_CC3235S_LAUNCHXL_tirtos_ccs.out>
ENTRY POINT SYMBOL: "_c_int00"  address: 20017225


MEMORY CONFIGURATION

         name            origin    length      used     unused   attr    fill
----------------------  --------  ---------  --------  --------  ----  --------
  SRAM0                 20000000   00004000  0000070c  000038f4  RW X
  SRAM                  20004000   0003c000  0002182b  0001a7d5  RW X


SEGMENT ALLOCATION MAP

run origin  load origin   length   init length attrs members
----------  ----------- ---------- ----------- ----- -------
20003c00    20003c00    00000400   00000000    rw-
  20003c00    20003c00    00000400   00000000    rw- .stack
20004000    20004000    0001e2e0   000162da    r-x
  20004000    20004000    0000003c   0000003c    r-- .resetVecs
  20004040    20004040    0001629a   0001629a    r-x .text
  2001a2e0    2001a2e0    00008000   00000000    r-- .priheap
20022400    20022400    000017c0   00000000    rw-
  20022400    20022400    000017c0   00000000    rw- .bss
20023bc0    20023bc0    00000ffd   00000ffd    r--
  20023bc0    20023bc0    00000ffd   00000ffd    r-- .const
20024bc0    20024bc0    000009d8   00000000    rw-
  20024bc0    20024bc0    000009d8   00000000    rw- .data
20025598    20025598    000003c0   000003c0    r--
  20025598    20025598    000003c0   000003c0    r-- .cinit


SECTION ALLOCATION MAP

 output                                  attributes/
section   page    origin      length       input sections
--------  ----  ----------  ----------   ----------------
.vecs      0    20000000    0000030c     NOLOAD SECTION
                  20000000    0000030c     release_pem4.oem4 (.vecs)

.stack     0    20003c00    00000400     UNINITIALIZED
                  20003c00    00000400     --HOLE--

.text      0    20004040    0001629a     
                  20004040    00000bac     ble_provisioning.obj (.text:bleThread)
                  20004bec    00000a4e     rtsv7M4_T_le_eabi.lib : _printfi.c.obj (.text:__TI_printfi)
                  2000563a    00000002     display.aem4 : DisplayUart.oem4 (.text:DisplayUartMin_clear)
                  2000563c    00000a4c     ble_provisioning.obj (.text:SimpleLinkWlanEventHandler)
                  20006088    000009d0     ble_provisioning.obj (.text:wifiThread)
                  20006a58    000008cc     simplelink.a : driver.obj (.text:_SlDrvMsgRead)
                  20007324    000004d8     sap_uart_pm_release.a : npi_ss_ble_sap.oem4 (.text:NPISS_BLE_SNP_msgFromSNP)
                  200077fc    000004bc     simplelink.a : sl_socket.obj (.text:_SlSocketHandleAsync_Select)
                  20007cb8    0000048b     sysbios.aem4 : BIOS.obj (.text:xdc_runtime_System_doPrint__I)
                  20008143    00000001     --HOLE-- [fill = 0]
                  20008144    0000042c     driverlib.a : prcm.obj (.text:PRCMCC3200MCUInit)
                  20008570    00000384     simplelink.a : driver.obj (.text:_SlDrvMsgWrite)
                  200088f4    000002e0                  : driver.obj (.text:_SlDrvWaitForPoolObj)
                  20008bd4    000002d8                  : driver.obj (.text:_SlDrvRxHdrRead)
                  20008eac    000002d0     ble_provisioning.obj (.text:SimpleLinkNetAppEventHandler)
                  2000917c    000002b0     simplelink.a : wlan.obj (.text:sl_WlanProfileAdd)
                  2000942c    00000294                  : driver.obj (.text:_SlDrvReleasePoolObj)
                  200096c0    00000284     ap_provisioning.obj (.text:AP_configureSimpleLinkToDefaultState)
                  20009944    0000027c     simplelink.a : wlan.obj (.text:sl_WlanConnect)
                  20009bc0    00000278     drivers_cc32xx.aem4 : UARTCC32XX.oem4 (.text:UARTCC32XX_open)
                  20009e38    00000268     rtsv7M4_T_le_eabi.lib : _printfi.c.obj (.text:_pconv_a)
                  2000a0a0    0000025c     ap_provisioning.obj (.text:AP_handleStartedEvent)
                  2000a2fc    00000234     npi_uart_pm_release.a : npi_task_posix.oem4 (.text:NPITask_open)
                  2000a530    00000230     sap_uart_pm_release.a : sap.oem4 (.text:SAP_registerService)
                  2000a760    00000224     simplelink.a : driver.obj (.text:_SlDrvDriverCBInit)
                  2000a984    000001f4                  : driver.obj (.text:_SlDrvMsgReadCmdCtx)
                  2000ab78    000001f2                  : netapp.obj (.text:_SlNetAppEventHandler)
                  2000ad6a    00000002     display.aem4 : DisplayUart.oem4 (.text:DisplayUartMin_clearLines)
                  2000ad6c    000001ec     ap_provisioning.obj (.text:AP_provisioningStart)
                  2000af58    000001ec     sap_uart_pm_release.a : snp_rpc.oem4 (.text:SNP_RPC_addCharDescDec)
                  2000b144    000001e4     npi_uart_pm_release.a : npi_task_posix.oem4 (.text:NPITask_Fxn)
                  2000b328    000001e4     simplelink.a : netapp.obj (.text:sl_NetAppPing)
                  2000b50c    000001d8     drivers_cc32xx.aem4 : GPIOCC32XX.oem4 (.text:GPIO_setConfig)
                  2000b6e4    000001d0     ble_wifi_provision_profile.obj (.text:BLE_WiFi_WriteAttrCB)
                  2000b8b4    000001d0     drivers_cc32xx.aem4 : SPICC32XXDMA.oem4 (.text:SPICC32XXDMA_transfer)
                  2000ba84    000001cc     rtsv7M4_T_le_eabi.lib : _printfi.c.obj (.text:_pconv_g)
                  2000bc50    000001c8     simplelink.a : device.obj (.text:sl_Stop)
                  2000be18    000001b8     drivers_cc32xx.aem4 : SPICC32XXDMA.oem4 (.text:configDMA)
                  2000bfd0    000001b6     rtsv7M4_T_le_eabi.lib : fd_add_t2.asm.obj (.text)
                  2000c186    00000002     display.aem4 : DisplayUart.oem4 (.text:DisplayUartMin_init)
                  2000c188    000001b4     simplelink.a : driver.obj (.text:_SlDrvReleaseAllActivePendingPoolObj)
                  2000c33c    00000004     dpl_cc32xx.aem4 : ClockP_tirtos.oem4 (.text:ClockP_getCpuFreq)
                  2000c340    000001b0     sysbios.aem4 : BIOS.obj (.text:mq_open)
                  2000c4f0    000001a4     ble_provisioning.obj (.text:SimpleLinkFatalErrorEventHandler)
                  2000c694    00000190     ble_wifi_provision_profile.obj (.text:BLE_WiFi_Profile_setParameter)
                  2000c824    00000184     simplelink.a : driver.obj (.text:_SlDrvFindAndSetActiveObj)
                  2000c9a8    00000180     release_pem4.oem4 (.text:xdc_runtime_System_printfExtend__I)
                  2000cb28    00000162     sbl_wifi_snp_update.obj (.text:WiFi_SNP_updateFirmware)
                  2000cc8a    00000002     npi_uart_pm_release.a : npi_tl_uart_m_simplelink.oem4 (.text:NPITLUART_stopTransfer)
                  2000cc8c    00000160     ble_provisioning.obj (.text:WiFi_pingGateway)
                  2000cdec    00000158     drivers_cc32xx.aem4 : SPICC32XXDMA.oem4 (.text:SPICC32XXDMA_open)
                  2000cf44    00000150     sap_uart_pm_release.a : sap.oem4 (.text:SAP_setParam)
                  2000d094    0000014c     dpl_cc32xx.aem4 : PowerCC32XX_tirtos.oem4 (.text:PowerCC32XX_sleepPolicy)
                  2000d1e0    00000148     ble_provisioning.obj (.text:BLE_processSNPEventCB)
                  2000d328    00000148     drivers_cc32xx.aem4 : PowerCC32XX.oem4 (.text:parkPins)
                  2000d470    00000140     ble_wifi_provision_profile.obj (.text:BLE_WiFi_ReadAttrCB)
                  2000d5b0    00000140     npi_uart_pm_release.a : npi_tl_simplelink.oem4 (.text:NPITL_openTL)
                  2000d6f0    00000140     simplelink.a : driver.obj (.text:_SlDrvMsgReadSpawnCtx)
                  2000d830    00000140     sap_uart_pm_release.a : sap.oem4 (.text:handleAsyncCB)
                  2000d970    0000013c     simplelink.a : driver.obj (.text:_SlDrvDriverCBDeinit)
                  2000daac    0000013c                  : sl_socket.obj (.text:_SlDrvGetNextTimeoutValue)
                  2000dbe8    0000013c     rtsv7M4_T_le_eabi.lib : _printfi.c.obj (.text:_pconv_e)
                  2000dd24    00000138     npi_uart_pm_release.a : npi_tl_uart_m_simplelink.oem4 (.text:NPITLUART_readCallBack)
                  2000de5c    00000136     rtsv7M4_T_le_eabi.lib : fd_div_t2.asm.obj (.text)
                  2000df92    00000002     sbl_simplelink.obj (.text:SBL_closePins)
                  2000df94    00000134     ap_provisioning.obj (.text:AP_provisioningAppTask)
                  2000e0c8    00000130     sysbios.aem4 : BIOS.obj (.text:ti_sysbios_knl_Semaphore_pend__E)
                  2000e1f8    00000128     drivers_cc32xx.aem4 : TimerCC32XX.oem4 (.text:TimerCC32XX_open)
                  2000e320    00000128     simplelink.a : driver.obj (.text:_SlDrvClassifyRxMsg)
                  2000e448    00000128     main_tirtos.obj (.text:main)
                  2000e570    00000124     npi_uart_pm_release.a : npi_tl_uart_m_simplelink.oem4 (.text:NPITLUART_openTransport)
                  2000e694    00000124     simplelink.a : fs.obj (.text:sl_FsOpen)
                  2000e7b8    00000120     ble_provisioning.obj (.text:SimpleLinkSockEventHandler)
                  2000e8d8    00000120     drivers_cc32xx.aem4 : UARTCC32XX.oem4 (.text:UARTCC32XX_close)
                  2000e9f8    00000120     simplelink.a : driver.obj (.text:_SlDrvAsyncEventGenericHandler)
                  2000eb18    00000120     rtsv7M4_T_le_eabi.lib : _printfi.c.obj (.text:fcvt)
                  2000ec38    0000011c     drivers_cc32xx.aem4 : PowerCC32XX.oem4 (.text:Power_sleep)
                  2000ed54    0000011c     simplelink.a : device.obj (.text:sl_Start)
                  2000ee70    0000011c     sysbios.aem4 : BIOS.obj (.text:xdc_runtime_Startup_startMods__I)
                  2000ef8c    00000118     simplelink.a : netapp.obj (.text:_SlNetAppHandleAsync_DnsGetHostByService)
                  2000f0a4    00000004     dpl_cc32xx.aem4 : ClockP_tirtos.oem4 (.text:ClockP_setTimeout)
                  2000f0a8    00000110     sysbios.aem4 : BIOS.obj (.text:ti_sysbios_knl_Task_postInit__I)
                  2000f1b8    00000108     simplelink.a : driver.obj (.text:_SlSpawnMsgListInsert)
                  2000f2c0    00000104     ap_provisioning.obj (.text:AP_waitForConnection)
                  2000f3c4    00000104     simplelink.a : device.obj (.text:_SlDeviceEventHandler)
                  2000f4c8    00000104                  : driver.obj (.text:_SlDrvCmdOp)
                  2000f5cc    00000104                  : fs.obj (.text:sl_FsRead)
                  2000f6d0    00000104     sysbios.aem4 : BIOS.obj (.text:ti_sysbios_knl_Task_Instance_finalize__E)
                  2000f7d4    00000100     simplelink.a : driver.obj (.text:_SlDrvObjGlobalLockWaitForever)
                  2000f8d4    000000fc     rtsv7M4_T_le_eabi.lib : fd_mul_t2.asm.obj (.text)
                  2000f9d0    000000f8     simplelink.a : fs.obj (.text:sl_FsGetInfo)
                  2000fac8    000000f8     sysbios.aem4 : BIOS.obj (.text:ti_sysbios_knl_Task_Instance_init__E)
                  2000fbc0    000000f2     drivers_cc32xx.aem4 : SPICC32XXDMA.oem4 (.text:SPICC32XXDMA_transferCancel)
                  2000fcb2    000000f2                         : UARTCC32XX.oem4 (.text:UARTCC32XX_control)
                  2000fda4    000000f0     ap_provisioning.obj (.text:SimpleLinkInitCallback)
                  2000fe94    00000004     dpl_cc32xx.aem4 : ClockP_tirtos.oem4 (.text:ClockP_start)
                  2000fe98    000000f0     sysbios.aem4 : BIOS.obj (.text:pthread_create)
                  2000ff88    000000ec     ap_provisioning.obj (.text:AP_provisioningStop)
                  20010074    000000ec     ap_provisioning.obj (.text:AP_reportSuccess)
                  20010160    000000ec     ble_provisioning.obj (.text:BLE_keyHandler)
                  2001024c    00000004     dpl_cc32xx.aem4 : ClockP_tirtos.oem4 (.text:ClockP_stop)
                  20010250    000000e0     sysbios.aem4 : BIOS.obj (.text:clock_gettime)
                  20010330    000000d8     drivers_cc32xx.aem4 : SPICC32XXDMA.oem4 (.text:SPICC32XXDMA_close)
                  20010408    000000d8     simplelink.a : device.obj (.text:_SlDeviceHandleAsync_InitComplete)
                  200104e0    000000d8                  : driver.obj (.text:_SlDrvWaitForInternalAsyncEvent)
                  200105b8    000000d8                  : netapp.obj (.text:_SlNetAppHandleAsync_NetAppReceive)
                  20010690    000000d8     sysbios.aem4 : BIOS.obj (.text:ti_sysbios_knl_Mailbox_Instance_init__E)
                  20010768    000000d0     ap_provisioning.obj (.text:AP_switchProvisioningMode)
                  20010838    000000d0     simplelink.a : driver.obj (.text:_SlDrvRemoveFromList)
                  20010908    000000d0                  : netapp.obj (.text:_SlNetAppMDNSRegisterUnregisterService)
                  200109d8    000000d0     rtsv7M4_T_le_eabi.lib : s_scalbn.c.obj (.text:scalbn)
                  20010aa8    000000d0     sysbios.aem4 : m3_Hwi_asm.obj (.text:ti_sysbios_family_arm_m3_Hwi_dispatch__I)
                  20010b78    000000d0                  : BIOS.obj (.text:ti_sysbios_heaps_HeapMem_alloc__E)
                  20010c48    000000ca     drivers_cc32xx.aem4 : UARTCC32XX.oem4 (.text:UARTCC32XX_write)
                  20010d12    000000c8                         : SPICC32XXDMA.oem4 (.text:spiHwiFxn)
                  20010dda    00000002                         : TimerCC32XX.oem4 (.text:TimerCC32XX_init)
                  20010ddc    000000c4                         : GPIOCC32XX.oem4 (.text:GPIO_init)
                  20010ea0    000000c4     profile_util.obj (.text:ProfileUtil_getCharIDFromHdl)
                  20010f64    00000004     dpl_cc32xx.aem4 : HwiP_tirtos.oem4 (.text:HwiP_clearInterrupt)
                  20010f68    000000c4     sysbios.aem4 : BIOS.obj (.text:ti_sysbios_knl_Task_sleep__E)
                  2001102c    000000c0     ap_provisioning.obj (.text:AP_provisioningInit)
                  200110ec    000000c0     simplelink.a : cc_pal.obj (.text:NwpPowerOff)
                  200111ac    000000c0     drivers_cc32xx.aem4 : PowerCC32XX.oem4 (.text:restoreParkedPins)
                  2001126c    000000c0     simplelink.a : netcfg.obj (.text:sl_NetCfgGet)
                  2001132c    000000bc                  : netapp.obj (.text:_SlNetAppSendResponse)
                  200113e8    000000bc                  : wlan.obj (.text:sl_WlanProvisioning)
                  200114a4    00000004     dpl_cc32xx.aem4 : HwiP_tirtos.oem4 (.text:HwiP_disable)
                  200114a8    000000bc     sysbios.aem4 : BIOS.obj (.text:xdc_runtime_Core_createObject__I)
                  20011564    000000ba     drivers_cc32xx.aem4 : UARTCC32XX.oem4 (.text:UARTCC32XX_readPolling)
                  2001161e    00000002                         : UARTCC32XX.oem4 (.text:UARTCC32XX_init)
                  20011620    000000b8     simplelink.a : netapp.obj (.text:_SlNetAppHandleAsync_DnsGetHostByName)
                  200116d8    000000b8                  : netapp.obj (.text:_SlNetAppHandleAsync_PingResponse)
                  20011790    000000b8     drivers_cc32xx.aem4 : UARTCC32XX.oem4 (.text:initHw)
                  20011848    000000b8     simplelink.a : device.obj (.text:sl_DeviceGet)
                  20011900    000000b6     drivers_cc32xx.aem4 : UARTCC32XX.oem4 (.text:readTaskCallback)
                  200119b6    00000002     rtsv7M4_T_le_eabi.lib : _lock.c.obj (.text:_nop)
                  200119b8    000000b4     simplelink.a : driver.obj (.text:_SlDrvHandleFatalError)
                  20011a6c    000000b4                  : netutil.obj (.text:_SlNetUtilHandleAsync_Cmd)
                  20011b20    000000b1     rtsv7M4_T_le_eabi.lib : _printfi.c.obj (.text:_ltostr)
                  20011bd1    00000001     --HOLE-- [fill = 0]
                  20011bd2    000000ae     drivers_cc32xx.aem4 : UARTCC32XX.oem4 (.text:readIsrTextBlocking)
                  20011c80    000000ac     simplelink.a : sl_socket.obj (.text:_SlSocketHandleAsync_Close)
                  20011d2c    000000ac                  : sl_socket.obj (.text:_SlSocketHandleAsync_Connect)
                  20011dd8    000000aa     sbl.obj (.text:SBL_eraseFlash)
                  20011e82    00000002     rtsv7M4_T_le_eabi.lib : div0.asm.obj (.text)
                  20011e84    000000a8     npi_uart_pm_release.a : npi_task_posix.oem4 (.text:NPITask_transportProcessTransportData)
                  20011f2c    000000a8     driverlib.a : prcm.obj (.text:PRCMPeripheralClockGet)
                  20011fd4    000000a8     drivers_cc32xx.aem4 : PowerCC32XX.oem4 (.text:PowerCC32XX_configureWakeup)
                  2001207c    000000a8                         : UARTCC32XX.oem4 (.text:readTaskBlocking)
                  20012124    000000a8     simplelink.a : fs.obj (.text:sl_FsClose)
                  200121cc    000000a6                  : driver.obj (.text:_SlDrvIsTimeoutExpired)
                  20012272    00000002     release_pem4.oem4 (.text:ti_sysbios_BIOS_nullFunc__I)
                  20012274    000000a4     ble_wifi_provision_profile.obj (.text:BLE_WiFi_Profile_getParameter)
                  20012318    000000a4     npi_uart_pm_release.a : npi_tl_uart_m_simplelink.oem4 (.text:NPITLUART_writeCallBack)
                  200123bc    000000a4     ap_provisioning.obj (.text:apThread)
                  20012460    000000a4     sysbios.aem4 : BIOS.obj (.text:ti_sysbios_knl_Task_setPri__E)
                  20012504    000000a2     drivers_cc32xx.aem4 : UARTCC32XX.oem4 (.text:readIsrTextCallback)
                  200125a6    000000a2                         : UARTCC32XX.oem4 (.text:writeData)
                  20012648    000000a0     ap_provisioning.obj (.text:AP_reportError)
                  200126e8    000000a0     simplelink.a : fs.obj (.text:FsGetCreateFsMode)
                  20012788    000000a0     npi_uart_pm_release.a : npi_tl_simplelink.oem4 (.text:NPITL_remRdyPINHwiFxn)
                  20012828    000000a0     simplelink.a : driver.obj (.text:_SlSpawnMsgListProcess)
                  200128c8    000000a0     auto_init.aem4 : auto_init.oem4 (.text)
                  20012968    0000009e     simplelink.a : cc_pal.obj (.text:spi_Read)
                  20012a06    0000009e                  : cc_pal.obj (.text:spi_Write)
                  20012aa4    00000004     dpl_cc32xx.aem4 : HwiP_tirtos.oem4 (.text:HwiP_disableInterrupt)
                  20012aa8    0000009c     sysbios.aem4 : BIOS.obj (.text:_pthread_removeThreadKeys)
                  20012b44    0000009c     rtsv7M4_T_le_eabi.lib : memcpy_t2.asm.obj (.text)
                  20012be0    00000098     drivers_cc32xx.aem4 : GPIOCC32XX.oem4 (.text:powerNotifyFxn)
                  20012c78    00000098     sysbios.aem4 : BIOS.obj (.text:ti_sysbios_family_arm_m3_Hwi_Instance_init__E)
                  20012d10    00000096     rtsv7M4_T_le_eabi.lib : ull_div_t2.asm.obj (.text)
                  20012da6    00000002     release_pem4.oem4 (.text:xdc_runtime_Startup_reset__I)
                  20012da8    00000094     ble_wifi_provision_profile.obj (.text:BLE_WiFi_CCCDIndCB)
                  20012e3c    00000094     npi_uart_pm_release.a : npi_task_posix.oem4 (.text:NPITask_close)
                  20012ed0    00000094     simplelink.a : cc_pal.obj (.text:Semaphore_pend_handle)
                  20012f64    00000094     drivers_cc32xx.aem4 : SPICC32XXDMA.oem4 (.text:initHw)
                  20012ff8    00000094     sysbios.aem4 : BIOS.obj (.text:ti_sysbios_knl_Task_exit__E)
                  2001308c    00000090     ap_provisioning.obj (.text:AP_notifyReturnToFactoryImage)
                  2001311c    00000090     simplelink.a : device.obj (.text:_SlDeviceHandleAsync_Stop)
                  200131ac    00000090                  : sl_socket.obj (.text:_SlSocketHandleAsync_Accept)
                  2001323c    00000090     drivers_cc32xx.aem4 : PowerCC32XX.oem4 (.text:restoreNVICRegs)
                  200132cc    00000004     dpl_cc32xx.aem4 : HwiP_tirtos.oem4 (.text:HwiP_enableInterrupt)
                  200132d0    00000090     sysbios.aem4 : BIOS.obj (.text:ti_sysbios_knl_Task_Module_startup__E)
                  20013360    0000008c     simplelink.a : driver.obj (.text:_SlDrvDriverIsApiAllowed)
                  200133ec    00000004     npi_uart_pm_release.a : npi_task_posix.oem4 (.text:NPITask_freeFrame)
                  200133f0    0000008c     sysbios.aem4 : BIOS.obj (.text:xdc_runtime_Memory_alloc__E)
                  2001347c    00000088     driverlib.a : pin.obj (.text:PinConfigSet)
                  20013504    00000088     sap_uart_pm_release.a : sap.oem4 (.text:SAP_open)
                  2001358c    00000088     simplelink.a : driver.obj (.text:_SlDrvProtectAsyncRespSetting)
                  20013614    00000004     sap_uart_pm_release.a : sap.oem4 (.text:SAP_registerEventCB)
                  20013618    00000088     sysbios.aem4 : BIOS.obj (.text:ti_sysbios_family_arm_m3_Hwi_initNVIC__E)
                  200136a0    00000088                  : BIOS.obj (.text:ti_sysbios_family_arm_m3_TaskSupport_start__E)
                  20013728    00000088                  : BIOS.obj (.text:ti_sysbios_knl_Mailbox_post__E)
                  200137b0    00000086     rtsv7M4_T_le_eabi.lib : fd_cmp_t2.asm.obj (.text:__aeabi_cdcmple)
                  20013836    00000086                           : fd_cmp_t2.asm.obj (.text:__aeabi_cdrcmple)
                  200138bc    00000004     sap_uart_pm_release.a : snp_rpc_synchro.oem4 (.text:SNP_malloc)
                  200138c0    00000086     sysbios.aem4 : BIOS.obj (.text:xdc_runtime_Core_constructObject__I)
                  20013946    00000002     --HOLE-- [fill = 0]
                  20013948    00000084     ble_wifi_provision_profile.obj (.text:BLE_WiFi_Profile_AddService)
                  200139cc    00000084     ble_provisioning.obj (.text:BLE_asyncCB)
                  20013a50    00000084     drivers_cc32xx.aem4 : PowerCC32XX.oem4 (.text:Power_init)
                  20013ad4    00000084                         : PowerCC32XX.oem4 (.text:saveNVICRegs)
                  20013b58    00000084     simplelink.a : netcfg.obj (.text:sl_NetCfgSet)
                  20013bdc    00000084                  : wlan.obj (.text:sl_WlanSet)
                  20013c60    00000084     sysbios.aem4 : BIOS.obj (.text:ti_sysbios_family_arm_m3_Hwi_postInit__I)
                  20013ce4    00000004     drivers_cc32xx.aem4 : SPICC32XXDMA.oem4 (.text:SPICC32XXDMA_init)
                  20013ce8    00000084     sysbios.aem4 : BIOS.obj (.text:ti_sysbios_heaps_HeapMem_free__E)
                  20013d6c    00000080     drivers_cc32xx.aem4 : PowerCC32XX.oem4 (.text:Power_setDependency)
                  20013dec    00000004     dpl_cc32xx.aem4 : SemaphoreP_tirtos.oem4 (.text:SemaphoreP_post)
                  20013df0    00000080     sysbios.aem4 : BIOS.obj (.text:ti_sysbios_knl_Clock_workFunc__E)
                  20013e70    0000007c     ble_provisioning.obj (.text:BLE_SPWriteCB)
                  20013eec    0000007c     ble_provisioning.obj (.text:BLE_timerHandler)
                  20013f68    0000007c     npi_uart_pm_release.a : npi_tl_simplelink.oem4 (.text:NPITL_closeTL)
                  20013fe4    0000007c     drivers_cc32xx.aem4 : UDMACC32XX.oem4 (.text:UDMACC32XX_open)
                  20014060    0000007c     sysbios.aem4 : BIOS.obj (.text:_pthread_abstime2ticks)
                  200140dc    0000007c     drivers_cc32xx.aem4 : UARTCC32XX.oem4 (.text:readIsrBinaryBlocking)
                  20014158    0000007c     simplelink.a : wlan.obj (.text:sl_WlanPolicySet)
                  200141d4    0000007a     rtsv7M4_T_le_eabi.lib : memset_t2.asm.obj (.text)
                  2001424e    00000002     --HOLE-- [fill = 0]
                  20014250    00000078     ap_provisioning.obj (.text:AP_initSimplelink)
                  200142c8    00000078     drivers_cc32xx.aem4 : GPIOCC32XX.oem4 (.text:GPIO_hwiIntFxn)
                  20014340    00000078     npi_uart_pm_release.a : npi_tl_simplelink.oem4 (.text:NPITL_writeTL)
                  200143b8    00000078     drivers_cc32xx.aem4 : TimerCC32XX.oem4 (.text:TimerCC32XX_start)
                  20014430    00000078                         : UARTCC32XX.oem4 (.text:readIsrBinaryCallback)
                  200144a8    00000075     sysbios.aem4 : BIOS.obj (.text:xdc_runtime_System_formatNum__I)
                  2001451d    00000001     --HOLE-- [fill = 0]
                  2001451e    00000074     drivers_cc32xx.aem4 : UARTCC32XX.oem4 (.text:UARTCC32XX_hwiIntFxn)
                  20014592    00000006     display.aem4 : DisplayUart.oem4 (.text:DisplayUartMin_control)
                  20014598    00000074     sysbios.aem4 : BIOS.obj (.text:ti_sysbios_knl_Mailbox_pend__E)
                  2001460c    00000004     dpl_cc32xx.aem4 : SystemP_tirtos.oem4 (.text:SystemP_vsnprintf)
                  20014610    00000074     sysbios.aem4 : BIOS.obj (.text:xdc_runtime_Core_deleteObject__I)
                  20014684    00000070     sbl_cmd.obj (.text:SBL_CMD_memoryRead)
                  200146f4    00000070     sbl_tl.obj (.text:SBL_TL_getRsp)
                  20014764    00000070     simplelink.a : driver.obj (.text:_SlDrvCmdSend_noLock)
                  200147d4    00000004     release_pem4.oem4 (.text:ti_sysbios_BIOS_RtsGateProxy_enter__E)
                  200147d8    00000070     sysbios.aem4 : BIOS.obj (.text:acquireMutexNone$45)
                  20014848    00000070                  : BIOS.obj (.text:ti_sysbios_heaps_HeapMem_initPrimary__I)
                  200148b8    00000070                  : BIOS.obj (.text:ti_sysbios_knl_Mailbox_Instance_finalize__E)
                  20014928    0000006e     rtsv7M4_T_le_eabi.lib : _printfi.c.obj (.text:_mcpy)
                  20014996    00000002     --HOLE-- [fill = 0]
                  20014998    0000006c     profile_util.obj (.text:ProfileUtil_convertBdAddr2Str)
                  20014a04    0000006c     profile_util.obj (.text:ProfileUtil_getHdlFromCharID)
                  20014a70    0000006c     sap_uart_pm_release.a : sap.oem4 (.text:SAP_close)
                  20014adc    0000006c     simplelink.a : device.obj (.text:_SlDeviceHandleResetRequestInternally)
                  20014b48    0000006c                  : netapp.obj (.text:_SlNetAppSendTokenValue)
                  20014bb4    00000004     release_pem4.oem4 (.text:ti_sysbios_BIOS_RtsGateProxy_leave__E)
                  20014bb8    0000006c     sysbios.aem4 : BIOS.obj (.text:ti_sysbios_knl_Swi_restoreHwi__E)
                  20014c24    0000006a     sap_uart_pm_release.a : snp_rpc.oem4 (.text:SNP_RPC_readCharCnf)
                  20014c8e    00000002     --HOLE-- [fill = 0]
                  20014c90    00000068     npi_uart_pm_release.a : npi_task_posix.oem4 (.text:NPITask_ProcessTXQ)
                  20014cf8    00000068                           : npi_task_posix.oem4 (.text:NPITask_sendToHost)
                  20014d60    00000068     simplelink.a : driver.obj (.text:_SlSpawnMsgListGetCount)
                  20014dc8    00000068     rtsv7M4_T_le_eabi.lib : copy_decompress_lzss.c.obj (.text:decompress:lzss:__TI_decompress_lzss)
                  20014e30    00000068     sysbios.aem4 : BIOS.obj (.text:pthread_exit)
                  20014e98    00000068     simplelink.a : cc_pal.obj (.text:spi_Open)
                  20014f00    00000066     drivers_cc32xx.aem4 : UARTCC32XX.oem4 (.text:UARTCC32XX_writeCancel)
                  20014f66    00000002     --HOLE-- [fill = 0]
                  20014f68    00000064     ble_provisioning.obj (.text:BLE_initServices)
                  20014fcc    00000064     drivers_cc32xx.aem4 : PowerCC32XX.oem4 (.text:PowerCC32XX_setParkState)
                  20015030    00000064     sap_uart_pm_release.a : snp_rpc.oem4 (.text:SNP_RPC_startAdvertising)
                  20015094    00000064                           : snp_rpc.oem4 (.text:SNP_RPC_updateConnectionParams)
                  200150f8    00000064     sysbios.aem4 : BIOS.obj (.text:pthread_join)
                  2001515c    00000004     release_pem4.oem4 (.text:ti_sysbios_family_arm_m3_Hwi_delete)
                  20015160    00000064     sysbios.aem4 : BIOS.obj (.text:ti_sysbios_family_arm_m3_Hwi_dispatchC__I)
                  200151c4    00000062     drivers_cc32xx.aem4 : UARTCC32XX.oem4 (.text:UARTCC32XX_writePolling)
                  20015226    00000002     --HOLE-- [fill = 0]
                  20015228    00000060     driverlib.a : prcm.obj (.text:PRCMSysResetCauseGet)
                  20015288    00000060     sap_uart_pm_release.a : snp_rpc.oem4 (.text:SNP_RPC_addCharValueDec)
                  200152e8    00000060     sysbios.aem4 : BIOS.obj (.text:ti_sysbios_knl_Semaphore_post__E)
                  20015348    00000060                  : BIOS.obj (.text:ti_sysbios_knl_Swi_run__I)
                  200153a8    0000005c     display.aem4 : Display.oem4 (.text:Display_doOpen)
                  20015404    0000005c     drivers_cc32xx.aem4 : GPIOCC32XX.oem4 (.text:GPIO_setCallback)
                  20015460    0000005c     npi_uart_pm_release.a : npi_tl_uart_m_simplelink.oem4 (.text:NPITLUART_closeTransport)
                  200154bc    0000005c     sbl_tl.obj (.text:SBL_TL_sendCmd)
                  20015518    0000005c     simplelink.a : spawn.obj (.text:_SlInternalSpawn)
                  20015574    0000005c     rtsv7M4_T_le_eabi.lib : s_frexp.c.obj (.text:frexp)
                  200155d0    0000005c     sysbios.aem4 : BIOS.obj (.text:ti_sysbios_family_arm_m3_Timer_start__E)
                  2001562c    00000004     release_pem4.oem4 (.text:ti_sysbios_family_arm_m3_TaskSupport_Module__startupDone__S)
                  20015630    0000005c     sysbios.aem4 : BIOS.obj (.text:ti_sysbios_knl_Swi_schedule__I)
                  2001568c    00000004     release_pem4.oem4 (.text:ti_sysbios_heaps_HeapMem_Module_GateProxy_enter__E)
                  20015690    0000005c     sysbios.aem4 : BIOS.obj (.text:ti_sysbios_knl_Task_startCore__E)
                  200156ec    00000004     release_pem4.oem4 (.text:ti_sysbios_heaps_HeapMem_Module_GateProxy_leave__E)
                  200156f0    0000005c     sysbios.aem4 : BIOS.obj (.text:xdc_runtime_Startup_exec__E)
                  2001574c    0000005a     sap_uart_pm_release.a : snp_rpc.oem4 (.text:SNP_RPC_sendNotifInd)
                  200157a6    00000002     --HOLE-- [fill = 0]
                  200157a8    0000005a     sysbios.aem4 : BIOS.obj (.text:mq_timedreceive)
                  20015802    00000002     --HOLE-- [fill = 0]
                  20015804    00000058     ap_provisioning.obj (.text:AP_reportSM)
                  2001585c    00000058     drivers_cc32xx.aem4 : GPIOCC32XX.oem4 (.text:GPIO_write)
                  200158b4    00000058     npi_uart_pm_release.a : npi_tl_uart_m_simplelink.oem4 (.text:NPITLUART_handleRemRdyEvent)
                  2001590c    00000058                           : npi_tl_simplelink.oem4 (.text:NPITL_handleRemRdyEvent)
                  20015964    00000058     driverlib.a : prcm.obj (.text:PRCMPeripheralReset)
                  200159bc    00000058     drivers_cc32xx.aem4 : PowerCC32XX.oem4 (.text:Power_releaseDependency)
                  20015a14    00000058     sbl_tl.obj (.text:SBL_TL_open)
                  20015a6c    00000058     simplelink.a : sl_socket.obj (.text:_SlDrvClearCtrlSocket)
                  20015ac4    00000004     release_pem4.oem4 (.text:ti_sysbios_knl_Clock_TimerProxy_getMaxTicks__E)
                  20015ac8    00000058     sysbios.aem4 : BIOS.obj (.text:ti_sysbios_family_arm_cc32xx_Seconds_getCount__I)
                  20015b20    00000056     drivers_cc32xx.aem4 : TimerCC32XX.oem4 (.text:TimerCC32XX_stop)
                  20015b76    00000056     rtsv7M4_T_le_eabi.lib : _printfi.c.obj (.text:_pconv_f)
                  20015bcc    00000054     npi_uart_pm_release.a : npi_task_posix.oem4 (.text:NPITask_processSyncRXQ)
                  20015c20    00000054     sbl.obj (.text:SBL_openTarget)
                  20015c74    00000054     simplelink.a : driver.obj (.text:_SlDrvRxIrqHandler)
                  20015cc8    00000054     rtsv7M4_T_le_eabi.lib : _ltoa.c.obj (.text:__TI_ltoa)
                  20015d1c    00000004     release_pem4.oem4 (.text:ti_sysbios_knl_Clock_TimerProxy_setPeriodMicroSecs__E)
                  20015d20    00000054     sysbios.aem4 : BIOS.obj (.text:mq_close)
                  20015d74    00000054     drivers_cc32xx.aem4 : UARTCC32XX.oem4 (.text:ringBufGet)
                  20015dc8    00000054     sysbios.aem4 : BIOS.obj (.text:ti_sysbios_family_arm_cc32xx_Seconds_getTime__E)
                  20015e1c    00000054     release_pem4.oem4 (.text:ti_sysbios_family_arm_m3_Hwi_create)
                  20015e70    00000054     sysbios.aem4 : BIOS.obj (.text:ti_sysbios_family_arm_m3_Timer_setPeriod__E)
                  20015ec4    00000054     release_pem4.oem4 (.text:ti_sysbios_knl_Mailbox_create)
                  20015f18    00000054     sysbios.aem4 : BIOS.obj (.text:xdc_runtime_Core_assignLabel__I)
                  20015f6c    00000052     drivers_cc32xx.aem4 : PowerCC32XX_asm.oem4 (.text:PowerCC32XX_resumeLPDS)
                  20015fbe    00000052     sbl_cmd.obj (.text:SBL_CMD_download)
                  20016010    00000052     rtsv7M4_T_le_eabi.lib : _printfi.c.obj (.text:_ecpy)
                  20016062    00000052     drivers_cc32xx.aem4 : TimerCC32XX.oem4 (.text:initHw)
                  200160b4    00000050     dpl_cc32xx.aem4 : ClockP_tirtos.oem4 (.text:ClockP_create)
                  20016104    00000050     simplelink.a : cc_pal.obj (.text:NwpRegisterInterruptHandler)
                  20016154    00000050     ble_provisioning.obj (.text:SimpleLinkGeneralEventHandler)
                  200161a4    00000050     drivers_cc32xx.aem4 : TimerCC32XX.oem4 (.text:TimerCC32XX_allocateTimerResource)
                  200161f4    00000050     simplelink.a : driver.obj (.text:_SlDrvCmdSend_noWait)
                  20016244    00000050                  : driver.obj (.text:_SlDrvUpdateApiInProgress)
                  20016294    00000050                  : spawn.obj (.text:_SlInternalSpawnTaskEntry)
                  200162e4    00000050                  : eventreg.obj (.text:_SlNetAppHttpServerHdlr)
                  20016334    00000050                  : eventreg.obj (.text:_SlNetAppRequestHdlr)
                  20016384    00000004     release_pem4.oem4 (.text:ti_sysbios_knl_Clock_TimerProxy_start__E)
                  20016388    00000050     sysbios.aem4 : BIOS.obj (.text:ti_sysbios_family_arm_m3_Hwi_Module_startup__E)
                  200163d8    00000050     release_pem4.oem4 (.text:ti_sysbios_knl_Task_create)
                  20016428    0000004e     sbl_tl.obj (.text:SBL_TL_CKS)
                  20016476    00000002     --HOLE-- [fill = 0]
                  20016478    0000004c     drivers_cc32xx.aem4 : GPIOCC32XX.oem4 (.text:GPIO_disableInt)
                  200164c4    0000004c                         : GPIOCC32XX.oem4 (.text:GPIO_enableInt)
                  20016510    0000004c     simplelink.a : cc_pal.obj (.text:NwpWaitForShutDownInd)
                  2001655c    0000004c     drivers_cc32xx.aem4 : PowerCC32XX.oem4 (.text:PowerCC32XX_parkPin)
                  200165a8    0000004c     sbl_tl.obj (.text:SBL_TL_getRspACK)
                  200165f4    0000004c     rtsv7M4_T_le_eabi.lib : atoi.c.obj (.text:atoi)
                  20016640    0000004c                           : cpy_tbl.c.obj (.text:copy_in)
                  2001668c    0000004c     drivers_cc32xx.aem4 : PowerCC32XX.oem4 (.text:restorePeriphClocks)
                  200166d8    0000004c     simplelink.a : netapp.obj (.text:sl_NetAppMDNSUnRegisterService)
                  20016724    0000004c                  : wlan.obj (.text:sl_WlanProfileDel)
                  20016770    0000004c                  : wlan.obj (.text:sl_WlanSetMode)
                  200167bc    00000004     release_pem4.oem4 (.text:ti_sysbios_knl_Clock_TimerProxy_stop__E)
                  200167c0    0000004c     sysbios.aem4 : BIOS.obj (.text:ti_sysbios_heaps_HeapMem_getStats__E)
                  2001680c    00000004     release_pem4.oem4 (.text:ti_sysbios_knl_Clock_delete)
                  20016810    0000004c     sysbios.aem4 : BIOS.obj (.text:ti_sysbios_knl_Swi_runLoop__I)
                  2001685c    00000004     release_pem4.oem4 (.text:ti_sysbios_knl_Semaphore_delete)
                  20016860    0000004c     sysbios.aem4 : BIOS.obj (.text:ti_sysbios_knl_Task_allBlockedFunction__I)
                  200168ac    00000004     release_pem4.oem4 (.text:ti_sysbios_knl_Task_delete)
                  200168b0    0000004c     sysbios.aem4 : BIOS.obj (.text:ti_sysbios_knl_Task_schedule__I)
                  200168fc    0000004a     display.aem4 : DisplayUart.oem4 (.text:DisplayUartMin_open)
                  20016946    00000002     --HOLE-- [fill = 0]
                  20016948    00000048     driverlib.a : flash.obj (.text:FlashDisable)
                  20016990    00000048     npi_uart_pm_release.a : npi_tl_uart_m_simplelink.oem4 (.text:NPITLUART_writeTransport)
                  200169d8    00000048                           : npi_task_posix.oem4 (.text:NPITask_RemRdyEventCB)
                  20016a20    00000048     driverlib.a : prcm.obj (.text:PRCMLPDSEnter)
                  20016a68    00000048                 : prcm.obj (.text:PRCMPeripheralClkEnable)
                  20016ab0    00000048     drivers_cc32xx.aem4 : PowerCC32XX.oem4 (.text:Power_releaseConstraint)
                  20016af8    00000048     simplelink.a : eventreg.obj (.text:_SlDeviceFatalErrorEvtHdlr)
                  20016b40    00000048                  : eventreg.obj (.text:_SlDeviceGeneralEvtHdlr)
                  20016b88    00000048                  : driver.obj (.text:_SlDrvSyncObjWaitTimeout)
                  20016bd0    00000048                  : eventreg.obj (.text:_SlNetAppEvtHdlr)
                  20016c18    00000048                  : eventreg.obj (.text:_SlNetAppRequestMemFree)
                  20016c60    00000048                  : eventreg.obj (.text:_SlSockEvtHdlr)
                  20016ca8    00000048                  : eventreg.obj (.text:_SlWlanEvtHdlr)
                  20016cf0    00000048     sysbios.aem4 : BIOS.obj (.text:pthread_mutex_init)
                  20016d38    00000048     rtsv7M4_T_le_eabi.lib : fd_toi_t2.asm.obj (.text)
                  20016d80    00000048     sysbios.aem4 : BIOS.obj (.text:ti_sysbios_family_arm_m3_Hwi_disableInterrupt__E)
                  20016dc8    00000048                  : BIOS.obj (.text:ti_sysbios_family_arm_m3_Hwi_enableInterrupt__E)
                  20016e10    00000048                  : m3_Hwi_asm_switch.obj (.text:ti_sysbios_family_arm_m3_Hwi_initStacks__E)
                  20016e58    00000048                  : BIOS.obj (.text:ti_sysbios_family_arm_m3_Timer_initDevice__I)
                  20016ea0    00000048                  : BIOS.obj (.text:ti_sysbios_knl_Mailbox_Module_startup__E)
                  20016ee8    00000048                  : BIOS.obj (.text:xdc_runtime_Core_assignParams__I)
                  20016f30    00000046     display.aem4 : DisplayUart.oem4 (.text:DisplayUartMin_vprintf)
                  20016f76    00000046     drivers_cc32xx.aem4 : RingBuf.oem4 (.text:RingBuf_put)
                  20016fbc    00000046     sap_uart_pm_release.a : snp_rpc.oem4 (.text:SNP_RPC_setGATTParam)
                  20017002    00000046     drivers_cc32xx.aem4 : TimerCC32XX.oem4 (.text:getPrescaler)
                  20017048    00000044     npi_uart_pm_release.a : npi_tl_uart_m_simplelink.oem4 (.text:NPITLUART_validPacketFound)
                  2001708c    00000044                           : npi_task_posix.oem4 (.text:NPITask_DeserializeFrame)
                  200170d0    00000044     driverlib.a : prcm.obj (.text:PRCMLPDSRestoreInfoSet)
                  20017114    00000044     drivers_cc32xx.aem4 : PowerCC32XX_asm.oem4 (.text:PowerCC32XX_enterLPDS)
                  20017158    00000044                         : SPI.oem4 (.text:SPI_init)
                  2001719c    00000044                         : Timer.oem4 (.text:Timer_init)
                  200171e0    00000044                         : UART.oem4 (.text:UART_init)
                  20017224    00000044     boot.aem4 : boot.oem4 (.text)
                  20017268    00000044     rtsv7M4_T_le_eabi.lib : fd_tou_t2.asm.obj (.text)
                  200172ac    00000004     release_pem4.oem4 (.text:xdc_runtime_System_Module_GateProxy_enter__E)
                  200172b0    00000044     sysbios.aem4 : BIOS.obj (.text:ti_sysbios_family_arm_m3_Hwi_getStackInfo__E)
                  200172f4    00000004     release_pem4.oem4 (.text:xdc_runtime_System_Module_GateProxy_leave__E)
                  200172f8    00000044     sysbios.aem4 : BIOS.obj (.text:ti_sysbios_knl_Mailbox_postInit__I)
                  2001733c    00000004     --HOLE-- [fill = 0]
                  20017340    00000044                  : BIOS.obj (.text:ti_sysbios_knl_Swi_post__E)
                  20017384    00000004     --HOLE-- [fill = 0]
                  20017388    00000044                  : BIOS.obj (.text:xdc_runtime_System_atexit__E)
                  200173cc    00000042     ble_provisioning.obj (.text:WiFi_startConnection)
                  2001740e    00000040     simplelink.a : sl_socket.obj (.text:CountSetBits)
                  2001744e    00000002     --HOLE-- [fill = 0]
                  20017450    00000040     dpl_cc32xx.aem4 : HwiP_tirtos.oem4 (.text:HwiP_create)
                  20017490    00000040     npi_uart_pm_release.a : npi_tl_uart_m_simplelink.oem4 (.text:NPITLUART_readTransport)
                  200174d0    00000040     driverlib.a : pin.obj (.text:PinModeSet)
                  20017510    00000040     drivers_cc32xx.aem4 : RingBuf.oem4 (.text:RingBuf_get)
                  20017550    00000040     sbl_cmd.obj (.text:SBL_CMD_sendData)
                  20017590    00000040     sbl_simplelink.obj (.text:SBL_initPins)
                  200175d0    00000040     sap_uart_pm_release.a : snp_rpc.oem4 (.text:SNP_RPC_sendHCICommand)
                  20017610    00000040                           : snp_rpc.oem4 (.text:SNP_RPC_setGAPparam)
                  20017650    00000040     drivers_cc32xx.aem4 : SPI.oem4 (.text:SPI_open)
                  20017690    00000040                         : Timer.oem4 (.text:Timer_open)
                  200176d0    00000040                         : UARTCC32XX.oem4 (.text:UARTCC32XX_read)
                  20017710    00000040                         : UART.oem4 (.text:UART_open)
                  20017750    00000040                         : UDMACC32XX.oem4 (.text:UDMACC32XX_init)
                  20017790    00000040     ble_provisioning.obj (.text:WiFi_obtainIPAddress)
                  200177d0    00000040     simplelink.a : driver.obj (.text:_SlDrvGlobalObjUnLock)
                  20017810    00000040                  : driver.obj (.text:_SlFindAndReleasePendingCmd)
                  20017850    00000040                  : spawn.obj (.text:_SlInternalSpawnWaitForEvent)
                  20017890    00000040                  : eventreg.obj (.text:_SlIsEventRegistered)
                  200178d0    00000040     sysbios.aem4 : BIOS.obj (.text:mq_receive)
                  20017910    00000040     rtsv7M4_T_le_eabi.lib : u_divt2.asm.obj (.text)
                  20017950    00000040                           : sprintf.c.obj (.text:sprintf)
                  20017990    00000040     sysbios.aem4 : BIOS.obj (.text:ti_sysbios_heaps_HeapMem_Instance_init__E)
                  200179d0    00000040                  : BIOS.obj (.text:ti_sysbios_knl_Clock_Instance_init__E)
                  20017a10    0000003e     sbl_cmd.obj (.text:SBL_CMD_getStatus)
                  20017a4e    0000003e     rtsv7M4_T_le_eabi.lib : _printfi.c.obj (.text:_fcpy)
                  20017a8c    00000004     --HOLE-- [fill = 0]
                  20017a90    0000003e     sysbios.aem4 : BIOS.obj (.text:sem_timedwait)
                  20017ace    00000002     --HOLE-- [fill = 0]
                  20017ad0    0000003c     npi_uart_pm_release.a : npi_task_posix.oem4 (.text:NPITask_processRXQ)
                  20017b0c    0000003c     drivers_cc32xx.aem4 : PowerCC32XX.oem4 (.text:Power_setConstraint)
                  20017b48    0000003c     sap_uart_pm_release.a : sap.oem4 (.text:SAP_addToEventCBList)
                  20017b84    0000003c     sbl_tl.obj (.text:SBL_TL_uartAutoBaud)
                  20017bc0    0000003c     sbl.obj (.text:SBL_closeTarget)
                  20017bfc    0000003c     sap_uart_pm_release.a : snp_rpc.oem4 (.text:SNP_RPC_addService)
                  20017c38    0000003c                           : snp_rpc.oem4 (.text:SNP_RPC_setAuthenticationData)
                  20017c74    0000003c     dpl_cc32xx.aem4 : SemaphoreP_tirtos.oem4 (.text:SemaphoreP_create)
                  20017cb0    0000003c     simplelink.a : netapp.obj (.text:_SlNetAppCopyPingResultsToReport)
                  20017cec    00000004     --HOLE-- [fill = 0]
                  20017cf0    0000003c     sysbios.aem4 : BIOS.obj (.text:pthread_mutex_unlock)
                  20017d2c    00000004     --HOLE-- [fill = 0]
                  20017d30    0000003c                  : BIOS.obj (.text:ti_sysbios_family_arm_m3_Hwi_Instance_finalize__E)
                  20017d6c    00000004     --HOLE-- [fill = 0]
                  20017d70    0000003c                  : BIOS.obj (.text:ti_sysbios_family_arm_m3_Timer_setPeriodMicroSecs__E)
                  20017dac    0000003c     release_pem4.oem4 (.text:ti_sysbios_knl_Clock_create)
                  20017de8    0000003c     sysbios.aem4 : BIOS.obj (.text:ti_sysbios_knl_Clock_walkQueuePeriodic__E)
                  20017e24    00000004     --HOLE-- [fill = 0]
                  20017e28    0000003c                  : BIOS.obj (.text:ti_sysbios_knl_Swi_restore__E)
                  20017e64    00000004     --HOLE-- [fill = 0]
                  20017e68    0000003c                  : BIOS.obj (.text:usleep)
                  20017ea4    00000004     --HOLE-- [fill = 0]
                  20017ea8    0000003c                  : BIOS.obj (.text:xdc_runtime_System_processAtExit__E)
                  20017ee4    0000003a     sbl.obj (.text:SBL_utilDelay)
                  20017f1e    0000003a     drivers_cc32xx.aem4 : TimerCC32XX.oem4 (.text:TimerCC32XX_close)
                  20017f58    0000003a     dpl_cc32xx.aem4 : PowerCC32XX_tirtos.oem4 (.text:getCountsRTC)
                  20017f92    00000002     --HOLE-- [fill = 0]
                  20017f94    00000038     drivers_cc32xx.aem4 : GPIOCC32XX.oem4 (.text:GPIO_read)
                  20017fcc    00000038     npi_uart_pm_release.a : npi_tl_simplelink.oem4 (.text:NPITL_readTL)
                  20018004    00000038                           : npi_tl_simplelink.oem4 (.text:NPITL_transmissionCallBack)
                  2001803c    00000038                           : npi_task_posix.oem4 (.text:NPITask_Params_init)
                  20018074    00000038     driverlib.a : prcm.obj (.text:PRCMLPDSEnterKeepDebugIf)
                  200180ac    00000038     sap_uart_pm_release.a : snp_rpc.oem4 (.text:SNP_RPC_setAdvertisementData)
                  200180e4    00000004     --HOLE-- [fill = 0]
                  200180e8    00000038     sysbios.aem4 : BIOS.obj (.text:mq_send)
                  20018120    00000038     drivers_cc32xx.aem4 : PowerCC32XX.oem4 (.text:notify)
                  20018158    00000038     rtsv7M4_T_le_eabi.lib : fs_tod_t2.asm.obj (.text)
                  20018190    00000038     sysbios.aem4 : BIOS.obj (.text:ti_sysbios_knl_Task_processVitalTaskFlag__I)
                  200181c8    00000036     sbl_cmd.obj (.text:SBL_CMD_sectorErase)
                  200181fe    00000036     drivers_cc32xx.aem4 : TimerCC32XX.oem4 (.text:TimerCC32XX_hwiIntFunction)
                  20018234    00000036     driverlib.a : timer.obj (.text:TimerControlStall)
                  2001826a    00000036     drivers_cc32xx.aem4 : UARTCC32XX.oem4 (.text:UARTCC32XX_readCancel)
                  200182a0    00000034     driverlib.a : pin.obj (.text:PinModeGet)
                  200182d4    00000034     drivers_cc32xx.aem4 : PowerCC32XX.oem4 (.text:PowerCC32XX_restoreParkState)
                  20018308    00000034     sap_uart_pm_release.a : sap.oem4 (.text:SAP_addToAsyncCBList)
                  2001833c    00000034                           : sap.oem4 (.text:SAP_reset)
                  20018370    00000034                           : snp_rpc.oem4 (.text:SNP_RPC_charConfigUpdatedRsp)
                  200183a4    00000034                           : snp_rpc.oem4 (.text:SNP_RPC_writeCharCnf)
                  200183d8    00000034     drivers_cc32xx.aem4 : TimerCC32XX.oem4 (.text:TimerCC32XX_freeTimerResource)
                  2001840c    00000034                         : UDMACC32XX.oem4 (.text:UDMACC32XX_close)
                  20018440    00000034     sysbios.aem4 : BIOS.obj (.text:_pthread_delete$41)
                  20018474    00000034     drivers_cc32xx.aem4 : TimerCC32XX.oem4 (.text:getPowerMgrId)
                  200184a8    00000034     sysbios.aem4 : BIOS.obj (.text:ti_sysbios_family_arm_m3_Timer_periodicStub__I)
                  200184dc    00000034     release_pem4.oem4 (.text:ti_sysbios_knl_Semaphore_create)
                  20018510    00000034     npi_uart_pm_release.a : npi_tl_uart_m_simplelink.oem4 (.text:uartComThread)
                  20018544    00000032     sap_uart_pm_release.a : snp_rpc.oem4 (.text:SNP_RPC_terminateConnection)
                  20018576    00000002     --HOLE-- [fill = 0]
                  20018578    00000032     sysbios.aem4 : BIOS.obj (.text:ti_sysbios_hal_Hwi_initStack)
                  200185aa    00000030     drivers_cc32xx.aem4 : PowerCC32XX.oem4 (.text:PowerCC32XX_restoreParkedPin)
                  200185da    00000002     --HOLE-- [fill = 0]
                  200185dc    00000030     sap_uart_pm_release.a : sap.oem4 (.text:SAP_initParams)
                  2001860c    00000030                           : snp_rpc.oem4 (.text:SNP_RPC_setSecurityParam)
                  2001863c    00000030                           : snp_rpc.oem4 (.text:SNP_sendSynchronousCmd)
                  2001866c    00000030     simplelink.a : fs.obj (.text:_SlFsStrlen)
                  2001869c    00000004     --HOLE-- [fill = 0]
                  200186a0    00000030     sysbios.aem4 : BIOS.obj (.text:findInList$40)
                  200186d0    00000030     sap_uart_pm_release.a : sap.oem4 (.text:getEventCallbacks)
                  20018700    00000030     release_pem4.oem4 (.text:ti_sysbios_BIOS_atExitFunc__I)
                  20018730    00000030     release_pem4.oem4 (.text:ti_sysbios_BIOS_startFunc__I)
                  20018760    00000030     release_pem4.oem4 (.text:ti_sysbios_gates_GateHwi_Object__create__S)
                  20018790    00000030     release_pem4.oem4 (.text:ti_sysbios_gates_GateMutex_Object__create__S)
                  200187c0    00000030     sysbios.aem4 : BIOS.obj (.text:ti_sysbios_gates_GateMutex_enter__E)
                  200187f0    00000030     release_pem4.oem4 (.text:ti_sysbios_heaps_HeapMem_Object__create__S)
                  20018820    00000030     release_pem4.oem4 (.text:ti_sysbios_knl_Semaphore_construct)
                  20018850    00000030     sysbios.aem4 : BIOS.obj (.text:ti_sysbios_knl_Semaphore_pendTimeout__I)
                  20018880    00000030                  : BIOS.obj (.text:ti_sysbios_knl_Task_restore__E)
                  200188b0    00000030                  : BIOS.obj (.text:ti_sysbios_knl_Task_unblockI__E)
                  200188e0    0000002e     simplelink.a : cc_pal.obj (.text:Mutex_create_handle)
                  2001890e    0000002e     npi_uart_pm_release.a : npi_task_posix.oem4 (.text:NPITask_SerializeFrame)
                  2001893c    0000002e     rtsv7M4_T_le_eabi.lib : i_tofd_t2.asm.obj (.text)
                  2001896a    0000002e     release_pem4.oem4 (.text:ti_sysbios_rts_MemAlloc_alloc)
                  20018998    0000002c     drivers_cc32xx.aem4 : GPIOCC32XX.oem4 (.text:GPIO_clearInt)
                  200189c4    0000002c     npi_uart_pm_release.a : npi_task_posix.oem4 (.text:NPITask_routeHostToSS)
                  200189f0    0000002c     simplelink.a : cc_pal.obj (.text:NwpPowerOn)
                  20018a1c    0000002c     drivers_cc32xx.aem4 : PowerCC32XX.oem4 (.text:PowerCC32XX_getParkState)
                  20018a48    0000002c     sbl_cmd.obj (.text:SBL_CMD_reset)
                  20018a74    0000002c     sbl_cmd.obj (.text:SBL_CMD_uint32MSB)
                  20018aa0    0000002c     dpl_cc32xx.aem4 : SemaphoreP_tirtos.oem4 (.text:SemaphoreP_createBinary)
                  20018acc    0000002c     simplelink.a : driver.obj (.text:_SlDrvSyncObjWaitForever)
                  20018af8    0000002c     sysbios.aem4 : BIOS.obj (.text:_pthread_cleanupFxn)
                  20018b24    00000004     --HOLE-- [fill = 0]
                  20018b28    0000002c                  : BIOS.obj (.text:clockFxn$39)
                  20018b54    00000004     --HOLE-- [fill = 0]
                  20018b58    0000002c                  : BIOS.obj (.text:getTime$20)
                  20018b84    0000002c     release_pem4.oem4 (.text:ti_sysbios_knl_Clock_doTick__I)
                  20018bb0    0000002c     release_pem4.oem4 (.text:ti_sysbios_knl_Queue_construct)
                  20018bdc    0000002a     display.aem4 : Display.oem4 (.text:Display_doPrintf)
                  20018c06    0000002a     sap_uart_pm_release.a : snp_rpc.oem4 (.text:SNP_RPC_setWhiteListParam)
                  20018c30    0000002a     driverlib.a : timer.obj (.text:TimerLoadSet)
                  20018c5a    0000002a                 : timer.obj (.text:TimerPrescaleSet)
                  20018c84    00000004     --HOLE-- [fill = 0]
                  20018c88    0000002a     sysbios.aem4 : BIOS.obj (.text:sem_init)
                  20018cb2    00000006     display.aem4 : DisplayUart.oem4 (.text:DisplayUartMin_getType)
                  20018cb8    0000002a     sysbios.aem4 : BIOS.obj (.text:xdc_runtime_System_putchar__I)
                  20018ce2    00000002     --HOLE-- [fill = 0]
                  20018ce4    00000028     npi_uart_pm_release.a : npi_tl_simplelink.oem4 (.text:NPITL_getRxBufLen)
                  20018d0c    00000028                           : npi_task_posix.oem4 (.text:NPITask_transportDoneCallBack)
                  20018d34    00000028     driverlib.a : prcm.obj (.text:PRCMPeripheralClkDisable)
                  20018d5c    00000028     dpl_cc32xx.aem4 : PowerCC32XX_tirtos.oem4 (.text:PowerCC32XX_initPolicy)
                  20018d84    00000028     drivers_cc32xx.aem4 : PowerCC32XX.oem4 (.text:Power_registerNotify)
                  20018dac    00000028     sbl_tl.obj (.text:SBL_TL_sendACK)
                  20018dd4    00000028     simplelink.a : driver.obj (.text:_SlDrvProtectionObjLockWaitForever)
                  20018dfc    00000028                  : driver.obj (.text:_SlDrvProtectionObjUnLock)
                  20018e24    00000028                  : flowcont.obj (.text:_SlFlowContSet)
                  20018e4c    00000028     sysbios.aem4 : m3_Hwi_asm.obj (.text:ti_sysbios_family_arm_m3_Hwi_excHandlerAsm__I)
                  20018e74    00000004     --HOLE-- [fill = 0]
                  20018e78    00000028                  : BIOS.obj (.text:ti_sysbios_knl_Clock_addI__E)
                  20018ea0    00000028                  : BIOS.obj (.text:ti_sysbios_knl_Swi_Module_startup__E)
                  20018ec8    00000026     drivers_cc32xx.aem4 : List.oem4 (.text:List_put)
                  20018eee    00000026                         : List.oem4 (.text:List_remove)
                  20018f14    00000024     ap_provisioning.obj (.text:AP_signalProvisioningEvent)
                  20018f38    00000024     ble_wifi_provision_profile.obj (.text:BLE_WiFi_Profile_RegisterAppCB)
                  20018f5c    00000024     npi_uart_pm_release.a : npi_tl_simplelink.oem4 (.text:NPITL_checkNpiBusy)
                  20018f80    00000024                           : npi_task_posix.oem4 (.text:NPITask_regSSFromHostCB)
                  20018fa4    00000024     driverlib.a : prcm.obj (.text:PRCMMCUReset)
                  20018fc8    00000024     simplelink.a : driver.obj (.text:_SlDrvIsApiInProgress)
                  20018fec    00000024                  : driver.obj (.text:_SlDrvStartMeasureTimeout)
                  20019010    00000024     rtsv7M4_T_le_eabi.lib : memcmp.c.obj (.text:memcmp)
                  20019034    00000004     --HOLE-- [fill = 0]
                  20019038    00000024     sysbios.aem4 : BIOS.obj (.text:pthread_attr_init)
                  2001905c    00000024     release_pem4.oem4 (.text:ti_sysbios_BIOS_registerRTSLock__I)
                  20019080    00000024     release_pem4.oem4 (.text:ti_sysbios_BIOS_removeRTSLock__I)
                  200190a4    00000004     --HOLE-- [fill = 0]
                  200190a8    00000024     sysbios.aem4 : BIOS.obj (.text:ti_sysbios_family_arm_m3_Timer_postInit__I)
                  200190cc    00000004     --HOLE-- [fill = 0]
                  200190d0    00000024                  : BIOS.obj (.text:ti_sysbios_family_arm_m3_Timer_startup__E)
                  200190f4    00000024     release_pem4.oem4 (.text:ti_sysbios_gates_GateMutex_Object__delete__S)
                  20019118    00000024     sysbios.aem4 : BIOS.obj (.text:ti_sysbios_knl_Clock_Module_startup__E)
                  2001913c    00000024     release_pem4.oem4 (.text:ti_sysbios_knl_Clock_Object__delete__S)
                  20019160    00000024     sysbios.aem4 : BIOS.obj (.text:ti_sysbios_knl_Clock_start__E)
                  20019184    00000004     --HOLE-- [fill = 0]
                  20019188    00000024                  : BIOS.obj (.text:ti_sysbios_knl_Semaphore_Instance_init__E)
                  200191ac    00000024     release_pem4.oem4 (.text:ti_sysbios_knl_Semaphore_Object__delete__S)
                  200191d0    00000024     sysbios.aem4 : BIOS.obj (.text:ti_sysbios_knl_Task_restoreHwi__E)
                  200191f4    00000004     --HOLE-- [fill = 0]
                  200191f8    00000024                  : BIOS.obj (.text:xdc_runtime_Error_policyMin__E)
                  2001921c    00000022     sap_uart_pm_release.a : snp_rpc.oem4 (.text:SNP_RPC_getRand)
                  2001923e    00000022                           : snp_rpc.oem4 (.text:SNP_RPC_registerService)
                  20019260    00000020     drivers_cc32xx.aem4 : PowerCC32XX.oem4 (.text:Power_unregisterNotify)
                  20019280    00000020                         : RingBuf.oem4 (.text:RingBuf_peek)
                  200192a0    00000020     sbl.obj (.text:SBL_isLastSectorProtected)
                  200192c0    00000020     sap_uart_pm_release.a : snp_rpc_synchro.oem4 (.text:SNP_open)
                  200192e0    00000020     drivers_cc32xx.aem4 : SPICC32XXDMA.oem4 (.text:getPowerMgrId)
                  20019300    00000020                         : UARTCC32XX.oem4 (.text:getPowerMgrId)
                  20019320    00000020     sysbios.aem4 : BIOS.obj (.text:mq_getattr)
                  20019340    00000020     release_pem4.oem4 (.text:ti_sysbios_BIOS_rtsLock__I)
                  20019360    00000020     release_pem4.oem4 (.text:ti_sysbios_family_arm_m3_Hwi_Object__delete__S)
                  20019380    00000020     sysbios.aem4 : BIOS.obj (.text:ti_sysbios_family_arm_m3_Hwi_clearInterrupt__E)
                  200193a0    00000020     release_pem4.oem4 (.text:ti_sysbios_gates_GateHwi_Object__delete__S)
                  200193c0    00000020     release_pem4.oem4 (.text:ti_sysbios_heaps_HeapMem_Object__delete__S)
                  200193e0    00000020     sysbios.aem4 : BIOS.obj (.text:ti_sysbios_knl_Idle_run__E)
                  20019400    00000020     release_pem4.oem4 (.text:ti_sysbios_knl_Semaphore_destruct)
                  20019420    00000020     release_pem4.oem4 (.text:ti_sysbios_knl_Task_Object__delete__S)
                  20019440    0000001e     sbl.obj (.text:SBL_open)
                  2001945e    0000001e     driverlib.a : timer.obj (.text:TimerDisable)
                  2001947c    0000001e                 : timer.obj (.text:TimerEnable)
                  2001949a    0000001e     simplelink.a : driver.obj (.text:_SlDrvObjLockWaitForever)
                  200194b8    0000001e                  : driver.obj (.text:_SlDrvObjUnLock)
                  200194d6    0000001e                  : driver.obj (.text:_SlDrvSyncObjSignal)
                  200194f4    0000001e     drivers_cc32xx.aem4 : UDMACC32XX.oem4 (.text:postNotifyFxn)
                  20019512    0000001e     sysbios.aem4 : m3_Hwi_asm_switch.obj (.text:ti_sysbios_family_xxx_Hwi_switchAndRunFunc)
                  20019530    0000001c     ble_provisioning.obj (.text:BLE_SPcccdCB)
                  2001954c    0000001c     driverlib.a : pin.obj (.text:PinToPadGet)
                  20019568    0000001c     sap_uart_pm_release.a : snp_rpc.oem4 (.text:SNP_RPC_sendSecurityRequest)
                  20019584    0000001c                           : snp_rpc.oem4 (.text:SNP_RPC_stopAdvertising)
                  200195a0    0000001c                           : snp_rpc.oem4 (.text:SNP_buildNPIPacket)
                  200195bc    0000001c     simplelink.a : device.obj (.text:_SlDeviceGetStartResponseConvert)
                  200195d8    0000001c                  : spawn.obj (.text:_SlInternalIsItSpawnThread)
                  200195f4    0000001c     rtsv7M4_T_le_eabi.lib : memccpy.c.obj (.text:memccpy)
                  20019610    0000001c     sysbios.aem4 : BIOS.obj (.text:ti_sysbios_family_arm_m3_Hwi_excHandler__I)
                  2001962c    00000004     --HOLE-- [fill = 0]
                  20019630    0000001c                  : BIOS.obj (.text:ti_sysbios_family_arm_m3_Timer_Module_startup__E)
                  2001964c    00000004     --HOLE-- [fill = 0]
                  20019650    0000001c                  : BIOS.obj (.text:ti_sysbios_family_arm_m3_Timer_stop__E)
                  2001966c    00000004     --HOLE-- [fill = 0]
                  20019670    0000001c                  : BIOS.obj (.text:ti_sysbios_gates_GateMutex_Instance_init__E)
                  2001968c    00000004     --HOLE-- [fill = 0]
                  20019690    0000001c                  : BIOS.obj (.text:ti_sysbios_knl_Clock_Instance_finalize__E)
                  200196ac    0000001c     release_pem4.oem4 (.text:ti_sysbios_knl_Queue_destruct)
                  200196c8    0000001c     sysbios.aem4 : BIOS.obj (.text:ti_sysbios_knl_Queue_get__E)
                  200196e4    00000004     --HOLE-- [fill = 0]
                  200196e8    0000001c                  : BIOS.obj (.text:ti_sysbios_knl_Queue_put__E)
                  20019704    00000004     --HOLE-- [fill = 0]
                  20019708    0000001c                  : BIOS.obj (.text:ti_sysbios_knl_Task_enter__I)
                  20019724    00000004     --HOLE-- [fill = 0]
                  20019728    0000001c                  : BIOS.obj (.text:ti_sysbios_rts_ti_ReentSupport_getReent__F)
                  20019744    0000001a     npi_uart_pm_release.a : npi_util_posix.oem4 (.text:NPIUTIL_isQueueEmpty)
                  2001975e    0000001a     sap_uart_pm_release.a : sap.oem4 (.text:SAP_setServiceParam)
                  20019778    0000001a     release_pem4.oem4 (.text:free)
                  20019792    0000001a     sysbios.aem4 : m3_Hwi_asm.obj (.text:ti_sysbios_family_arm_m3_Hwi_pendSV__I)
                  200197ac    00000018     ap_provisioning.obj (.text:AP_timerHandler)
                  200197c4    00000018     npi_uart_pm_release.a : npi_tl_uart_m_simplelink.oem4 (.text:NPITLUART_calcFCS)
                  200197dc    00000018                           : npi_task_posix.oem4 (.text:NPITask_mallocFrame)
                  200197f4    00000018     drivers_cc32xx.aem4 : PowerCC32XX.oem4 (.text:Power_idleFunc)
                  2001980c    00000018     sap_uart_pm_release.a : snp_rpc_synchro.oem4 (.text:SNP_close)
                  20019824    00000018     drivers_cc32xx.aem4 : TimerCC32XX.oem4 (.text:TimerCC32XX_getCount)
                  2001983c    00000018     driverlib.a : timer.obj (.text:TimerIntDisable)
                  20019854    00000018                 : timer.obj (.text:TimerIntEnable)
                  2001986c    00000018                 : uart.obj (.text:UARTBusy)
                  20019884    00000018                 : uart.obj (.text:UARTIntEnable)
                  2001989c    00000018     drivers_cc32xx.aem4 : UART.oem4 (.text:UART_Params_init)
                  200198b4    00000018     rtsv7M4_T_le_eabi.lib : args_main.c.obj (.text:_args_main)
                  200198cc    00000018                           : sprintf.c.obj (.text:_outs)
                  200198e4    00000018                           : ll_mul_t2.asm.obj (.text)
                  200198fc    00000018                           : strcmp.c.obj (.text:strcmp)
                  20019914    00000018     release_pem4.oem4 (.text:ti_sysbios_BIOS_rtsUnlock__I)
                  2001992c    00000018     release_pem4.oem4 (.text:ti_sysbios_family_arm_m3_Hwi_Module__startupDone__F)
                  20019944    00000018     release_pem4.oem4 (.text:ti_sysbios_family_arm_m3_Timer_Module__startupDone__F)
                  2001995c    00000018     release_pem4.oem4 (.text:ti_sysbios_gates_GateHwi_Handle__label__S)
                  20019974    00000018     release_pem4.oem4 (.text:ti_sysbios_gates_GateMutex_Handle__label__S)
                  2001998c    00000004     --HOLE-- [fill = 0]
                  20019990    00000018     sysbios.aem4 : BIOS.obj (.text:ti_sysbios_gates_GateMutex_leave__E)
                  200199a8    00000018     release_pem4.oem4 (.text:ti_sysbios_heaps_HeapMem_Handle__label__S)
                  200199c0    00000018     sysbios.aem4 : BIOS.obj (.text:ti_sysbios_knl_Task_sleepTimeout__I)
                  200199d8    00000018     release_pem4.oem4 (.text:ti_sysbios_rts_ti_ReentSupport_getTlsAddr__I)
                  200199f0    00000018     sysbios.aem4 : BIOS.obj (.text:xdc_runtime_Error_init__E)
                  20019a08    00000018                  : BIOS.obj (.text:xdc_runtime_System_exit__E)
                  20019a20    00000016     display.aem4 : DisplayUart.oem4 (.text:DisplayUartMin_close)
                  20019a36    00000016     driverlib.a : prcm.obj (.text:PRCMHIBRegRead)
                  20019a4c    00000016                 : prcm.obj (.text:PRCMHIBRegWrite)
                  20019a62    00000016     sbl.obj (.text:SBL_initParams)
                  20019a78    00000016     simplelink.a : driver.obj (.text:_SlDrvMemZero)
                  20019a8e    00000002     --HOLE-- [fill = 0]
                  20019a90    00000016     sysbios.aem4 : BIOS.obj (.text:pthread_mutex_destroy)
                  20019aa6    00000016     rtsv7M4_T_le_eabi.lib : strchr.c.obj (.text:strchr)
                  20019abc    00000016     release_pem4.oem4 (.text:ti_sysbios_BIOS_exitFunc__I)
                  20019ad2    00000002     --HOLE-- [fill = 0]
                  20019ad4    00000014     ap_provisioning.obj (.text:AP_getProvisioningState)
                  20019ae8    00000014     npi_uart_pm_release.a : npi_tl_simplelink.oem4 (.text:NPITL_relPM)
                  20019afc    00000014     drivers_cc32xx.aem4 : PowerCC32XX.oem4 (.text:Power_getDependencyCount)
                  20019b10    00000014     sap_uart_pm_release.a : snp_rpc.oem4 (.text:SNP_RPC_registerSAPCBs)
                  20019b24    00000014                           : snp_rpc.oem4 (.text:SNP_sendAsyncCmd)
                  20019b38    00000014     drivers_cc32xx.aem4 : SPI.oem4 (.text:SPI_Params_init)
                  20019b4c    00000004     --HOLE-- [fill = 0]
                  20019b50    00000014     sysbios.aem4 : BIOS.obj (.text:pthread_attr_setschedparam)
                  20019b64    00000014     drivers_cc32xx.aem4 : UARTCC32XX.oem4 (.text:releasePowerConstraint)
                  20019b78    00000014     rtsv7M4_T_le_eabi.lib : strcpy.c.obj (.text:strcpy)
                  20019b8c    00000014                           : strlen.c.obj (.text:strlen)
                  20019ba0    00000014     release_pem4.oem4 (.text:ti_sysbios_family_arm_m3_Hwi_Object__get__S)
                  20019bb4    00000004     --HOLE-- [fill = 0]
                  20019bb8    00000014     sysbios.aem4 : BIOS.obj (.text:ti_sysbios_family_arm_m3_Hwi_switchFromBootStack__E)
                  20019bcc    00000014                  : m3_TaskSupport_asm.obj (.text:ti_sysbios_family_arm_m3_TaskSupport_swap__E)
                  20019be0    00000014     release_pem4.oem4 (.text:ti_sysbios_heaps_HeapMem_Object__get__S)
                  20019bf4    00000004     --HOLE-- [fill = 0]
                  20019bf8    00000014     sysbios.aem4 : BIOS.obj (.text:ti_sysbios_knl_Clock_tickReconfig__E)
                  20019c0c    00000014     release_pem4.oem4 (.text:ti_sysbios_knl_Swi_Object__get__S)
                  20019c20    00000012     drivers_cc32xx.aem4 : RingBuf.oem4 (.text:RingBuf_construct)
                  20019c32    00000012     dpl_cc32xx.aem4 : SemaphoreP_tirtos.oem4 (.text:SemaphoreP_pend)
                  20019c44    00000012     driverlib.a : timer.obj (.text:TimerIntClear)
                  20019c56    00000002     --HOLE-- [fill = 0]
                  20019c58    00000012     sysbios.aem4 : BIOS.obj (.text:_pthread_runStub$41)
                  20019c6a    00000006     drivers_cc32xx.aem4 : SPICC32XXDMA.oem4 (.text:SPICC32XXDMA_control)
                  20019c70    00000012     sysbios.aem4 : BIOS.obj (.text:ti_sysbios_hal_Hwi_Module_startup__E)
                  20019c82    00000012     rtsv7M4_T_le_eabi.lib : wcslen.c.obj (.text:wcslen)
                  20019c94    00000012     release_pem4.oem4 (.text:xdc_runtime_Startup_exec__I)
                  20019ca6    00000010     dpl_cc32xx.aem4 : HwiP_tirtos.oem4 (.text:HwiP_Params_init)
                  20019cb6    00000002     --HOLE-- [fill = 0]
                  20019cb8    00000010     npi_uart_pm_release.a : npi_tl_simplelink.oem4 (.text:NPITL_relLocReady)
                  20019cc8    00000010                           : npi_tl_simplelink.oem4 (.text:NPITL_setPM)
                  20019cd8    00000010     sbl_tl.obj (.text:SBL_TL_close)
                  20019ce8    00000010     drivers_cc32xx.aem4 : Timer.oem4 (.text:Timer_Params_init)
                  20019cf8    00000010     simplelink.a : driver.obj (.text:_SlDrvDispatchHttpServerEvents)
                  20019d08    00000010                  : driver.obj (.text:_SlDrvDispatchNetAppRequestEvents)
                  20019d18    00000010                  : driver.obj (.text:_SlDrvIsSpawnOwnGlobalLock)
                  20019d28    00000010     CC3235S_LAUNCHXL.obj (.text:dmaErrorFxn)
                  20019d38    00000010     sysbios.aem4 : BIOS.obj (.text:pthread_mutexattr_init)
                  20019d48    00000010                  : BIOS.obj (.text:pthread_mutexattr_settype)
                  20019d58    00000010     drivers_cc32xx.aem4 : UARTCC32XX.oem4 (.text:readBlockingTimeout)
                  20019d68    00000010     sysbios.aem4 : BIOS.obj (.text:ti_sysbios_BIOS_getCpuFreq__E)
                  20019d78    00000010                  : BIOS.obj (.text:ti_sysbios_BIOS_setThreadType__E)
                  20019d88    00000010                  : BIOS.obj (.text:ti_sysbios_BIOS_start__E)
                  20019d98    00000010                  : m3_TaskSupport_asm.obj (.text:ti_sysbios_family_arm_m3_TaskSupport_glue)
                  20019da8    00000010                  : BIOS.obj (.text:ti_sysbios_gates_GateMutex_Instance_finalize__E)
                  20019db8    00000010     release_pem4.oem4 (.text:ti_sysbios_knl_Mailbox_Object__get__S)
                  20019dc8    00000010     sysbios.aem4 : BIOS.obj (.text:ti_sysbios_knl_Semaphore_Instance_finalize__E)
                  20019dd8    00000010                  : BIOS.obj (.text:ti_sysbios_knl_Swi_disable__E)
                  20019de8    00000010     release_pem4.oem4 (.text:ti_sysbios_knl_Task_Object__get__S)
                  20019df8    00000010     sysbios.aem4 : BIOS.obj (.text:ti_sysbios_knl_Task_disable__E)
                  20019e08    00000010                  : BIOS.obj (.text:xdc_runtime_Memory_free__E)
                  20019e18    00000010                  : BIOS.obj (.text:xdc_runtime_SysCallback_abort__E)
                  20019e28    00000010                  : BIOS.obj (.text:xdc_runtime_SysCallback_exit__E)
                  20019e38    00000010                  : BIOS.obj (.text:xdc_runtime_SysCallback_putch__E)
                  20019e48    00000010                  : BIOS.obj (.text:xdc_runtime_SysCallback_ready__E)
                  20019e58    00000010                  : BIOS.obj (.text:xdc_runtime_System_vsnprintf__E)
                  20019e68    0000000e     drivers_cc32xx.aem4 : RingBuf.oem4 (.text:RingBuf_isFull)
                  20019e76    0000000e     sbl.obj (.text:SBL_close)
                  20019e84    0000000e     simplelink.a : driver.obj (.text:_SlDrvResetCmdExt)
                  20019e92    0000000e     rtsv7M4_T_le_eabi.lib : copy_decompress_none.c.obj (.text:decompress:none:__TI_decompress_none)
                  20019ea0    0000000e     drivers_cc32xx.aem4 : SPICC32XXDMA.oem4 (.text:postNotifyFxn)
                  20019eae    00000002     --HOLE-- [fill = 0]
                  20019eb0    0000000e     sysbios.aem4 : BIOS.obj (.text:pthread_attr_setdetachstate)
                  20019ebe    00000002     --HOLE-- [fill = 0]
                  20019ec0    0000000e                  : BIOS.obj (.text:sem_wait)
                  20019ece    0000000e     simplelink.a : cc_pal.obj (.text:spi_Close)
                  20019edc    00000004     --HOLE-- [fill = 0]
                  20019ee0    0000000e     sysbios.aem4 : BIOS.obj (.text:ti_sysbios_knl_Idle_loop__E)
                  20019eee    00000002     --HOLE-- [fill = 0]
                  20019ef0    0000000e                  : BIOS.obj (.text:ti_sysbios_knl_Queue_empty__E)
                  20019efe    0000000c     CC3235S_LAUNCHXL.obj (.text:CC3235S_LAUNCHXL_initGeneral)
                  20019f0a    0000000c     dpl_cc32xx.aem4 : ClockP_tirtos.oem4 (.text:ClockP_delete)
                  20019f16    00000002     --HOLE-- [fill = 0]
                  20019f18    0000000c                     : ClockP_tirtos.oem4 (.text:ClockP_getSystemTickPeriod)
                  20019f24    0000000c                     : HwiP_tirtos.oem4 (.text:HwiP_delete)
                  20019f30    0000000c     sap_uart_pm_release.a : npi_ss_ble_sap.oem4 (.text:NPISS_BLE_SNP_init)
                  20019f3c    0000000c     simplelink.a : cc_pal.obj (.text:NwpMaskInterrupt)
                  20019f48    0000000c                  : cc_pal.obj (.text:NwpUnMaskInterrupt)
                  20019f54    0000000c     drivers_cc32xx.aem4 : PowerCC32XX.oem4 (.text:Power_getConstraintMask)
                  20019f60    0000000c     sap_uart_pm_release.a : sap.oem4 (.text:SAP_getRand)
                  20019f6c    0000000c                           : sap.oem4 (.text:SAP_setAuthenticationRsp)
                  20019f78    0000000c                           : snp_rpc_synchro.oem4 (.text:SNP_enterCS)
                  20019f84    0000000c                           : snp_rpc_synchro.oem4 (.text:SNP_exitCS)
                  20019f90    0000000c                           : snp_rpc_synchro.oem4 (.text:SNP_responseReceived)
                  20019f9c    0000000c                           : snp_rpc_synchro.oem4 (.text:SNP_waitForResponse)
                  20019fa8    0000000c     dpl_cc32xx.aem4 : SemaphoreP_tirtos.oem4 (.text:SemaphoreP_delete)
                  20019fb4    0000000c     ble_provisioning.obj (.text:SimpleLinkHttpServerEventHandler)
                  20019fc0    0000000c     ble_provisioning.obj (.text:SimpleLinkNetAppRequestEventHandler)
                  20019fcc    0000000c     simplelink.a : device.obj (.text:_SlDeviceResetRequestInitCompletedCB)
                  20019fd8    0000000c     rtsv7M4_T_le_eabi.lib : _lock.c.obj (.text:_register_lock)
                  20019fe4    0000000c                           : _lock.c.obj (.text:_register_unlock)
                  20019ff0    0000000c                           : s_copysign.c.obj (.text:copysign)
                  20019ffc    0000000c                           : copy_zero_init.c.obj (.text:decompress:ZI:__TI_zero_init)
                  2001a008    0000000c     drivers_cc32xx.aem4 : TimerCC32XX.oem4 (.text:postNotifyFxn)
                  2001a014    0000000c                         : UARTCC32XX.oem4 (.text:postNotifyFxn)
                  2001a020    0000000c     sysbios.aem4 : BIOS.obj (.text:pthread_self)
                  2001a02c    0000000c     release_pem4.oem4 (.text:ti_sysbios_family_arm_m3_Hwi_Params__init__S)
                  2001a038    0000000c     sysbios.aem4 : BIOS.obj (.text:ti_sysbios_family_arm_m3_Hwi_disableFxn__E)
                  2001a044    00000004     --HOLE-- [fill = 0]
                  2001a048    0000000c                  : BIOS.obj (.text:ti_sysbios_family_arm_m3_TaskSupport_getStackAlignment__E)
                  2001a054    00000004     --HOLE-- [fill = 0]
                  2001a058    0000000c                  : BIOS.obj (.text:ti_sysbios_gates_GateHwi_enter__E)
                  2001a064    0000000c     release_pem4.oem4 (.text:ti_sysbios_knl_Clock_Params__init__S)
                  2001a070    0000000c     sysbios.aem4 : BIOS.obj (.text:ti_sysbios_knl_Clock_getTicks__E)
                  2001a07c    00000004     --HOLE-- [fill = 0]
                  2001a080    0000000c                  : BIOS.obj (.text:ti_sysbios_knl_Clock_setTicks__E)
                  2001a08c    00000004     --HOLE-- [fill = 0]
                  2001a090    0000000c                  : BIOS.obj (.text:ti_sysbios_knl_Clock_tickStart__E)
                  2001a09c    00000004     --HOLE-- [fill = 0]
                  2001a0a0    0000000c                  : BIOS.obj (.text:ti_sysbios_knl_Clock_tickStop__E)
                  2001a0ac    0000000c     release_pem4.oem4 (.text:ti_sysbios_knl_Queue_Object__get__S)
                  2001a0b8    0000000c     release_pem4.oem4 (.text:ti_sysbios_knl_Semaphore_Params__init__S)
                  2001a0c4    0000000c     release_pem4.oem4 (.text:ti_sysbios_knl_Task_Params__init__S)
                  2001a0d0    0000000c     sysbios.aem4 : BIOS.obj (.text:ti_sysbios_knl_Task_self__E)
                  2001a0dc    00000004     --HOLE-- [fill = 0]
                  2001a0e0    0000000c                  : BIOS.obj (.text:ti_sysbios_rts_ti_ReentSupport_taskRegHook__I)
                  2001a0ec    0000000c     driverlib.a : udma.obj (.text:uDMAErrorStatusClear)
                  2001a0f8    0000000c                 : udma.obj (.text:uDMAErrorStatusGet)
[...]
200238e8  Provisioning_ControlBlock                                       
20023920  GlobalLockObj                                                   
2002394c  bleWiFiService                                                  
20023974  g_SlInternalSpawnCB                                             
200239bc  HostToSSTable                                                   
200239dc  provDevNameValue                                                
200239fc  provPassValue                                                   
20023a1c  provSSIDValue                                                   
20023a58  AP_connectionAsyncSem                                           
20023a74  syncReq_sem                                                     
20023a90  waitRsp_sem                                                     
20023aef  RxIrqCnt                                                        
20023b54  DeviceCB                                                        
20023b60  Msg                                                             
20023b6c  displayUartObject                                               
20023b78  npiRetMsg                                                       
20023b80  spiCC3235SDMAscratchBuf                                         
20023b88  taskCBs                                                         
20023b90  udmaCC3235SObject                                               
20023ba4  ClockP_tickPeriod                                               
20023ba8  displayOut                                                      
20023bac  npiRxBuf                                                        
20023bb0  npiTaskHandle                                                   
20023bb4  npiTxBuf                                                        
20023bb8  sblUartHandle                                                   
20023bbc  ti_sysbios_knl_Task_Instance_State_0_hookEnv__A                 
20023bc0  apTransitionTable                                               
20023da0  _ctypes_                                                        
20023ea3  Display_defaultParams                                           
2002404c  spiCC3235SDMAHWAttrs                                            
200240c4  OpcodeTranslateTable                                            
2002418c  _SlActionLookupTable                                            
200241dc  uartCC3235SHWAttrs                                              
20024224  ti_sysbios_knl_Task_Object__PARAMS__C                           
20024268  PowerCC32XX_config                                              
200242a8  NPI_defaultParams                                               
2002431e  ACK                                                             
20024320  ti_sysbios_knl_Mailbox_Object__PARAMS__C                        
20024354  ti_sysbios_family_arm_m3_Hwi_Object__PARAMS__C                  
20024384  timerCC3235SHWAttrs                                             
200243b4  UARTCC32XX_fxnTable                                             
200243dc  ti_sysbios_heaps_HeapMem_Module__FXNS__C                        
20024404  Timer_config                                                    
20024428  UART_defaultParams                                              
2002444c  ti_sysbios_gates_GateHwi_Module__FXNS__C                        
20024470  ti_sysbios_gates_GateMutex_Module__FXNS__C                      
20024494  ti_sysbios_heaps_HeapMem_Object__PARAMS__C                      
200244b8  ti_sysbios_knl_Clock_Object__PARAMS__C                          
200244dc  ti_sysbios_knl_Semaphore_Object__PARAMS__C                      
20024521  BAUD                                                            
20024523  ti_sysbios_knl_Clock_tickMode__C                                
20024544  DisplayUartMin_fxnTable                                         
20024564  FlagsTranslate                                                  
200245a4  SPI_defaultParams                                               
20024604  ti_sysbios_family_arm_m3_Hwi_Object__DESC__C                    
20024624  ti_sysbios_gates_GateHwi_Object__DESC__C                        
20024644  ti_sysbios_gates_GateMutex_Object__DESC__C                      
20024664  ti_sysbios_heaps_HeapMem_Object__DESC__C                        
20024684  ti_sysbios_knl_Clock_Object__DESC__C                            
200246a4  ti_sysbios_knl_Mailbox_Object__DESC__C                          
200246c4  ti_sysbios_knl_Queue_Object__DESC__C                            
200246e4  ti_sysbios_knl_Semaphore_Object__DESC__C                        
20024704  ti_sysbios_knl_Task_Object__DESC__C                             
20024724  xdc_runtime_Startup_sfxnTab__A                                  
20024744  TimerCC32XX_fxnTable                                            
20024760  SPICC32XXDMA_fxnTable                                           
20024778  SPI_config                                                      
20024790  UART_config                                                     
200247a8  default_remUARTPort                                             
200247c0  ti_sysbios_gates_GateHwi_Object__PARAMS__C                      
200247d8  ti_sysbios_gates_GateMutex_Object__PARAMS__C                    
200247f0  ti_sysbios_knl_Queue_Object__PARAMS__C                          
20024808  ti_sysbios_knl_Task_hooks__A                                    
200248e8  GPIOCC32XX_config                                               
200248fc  displayUartHWAttrs                                              
2002495d  NACK                                                            
2002495f  ti_sysbios_knl_Clock_tickSource__C                              
20024980  xdc_runtime_Startup_sfxnRts__A                                  
20024990  ADC_count                                                       
20024991  Capture_count                                                   
20024992  CryptoCC32XX_count                                              
20024993  Display_count                                                   
20024994  I2C_count                                                       
20024995  I2S_count                                                       
20024996  PWM_count                                                       
20024997  SDFatFS_count                                                   
20024998  SD_count                                                        
20024999  SPI_count                                                       
2002499a  Timer_count                                                     
2002499b  UART_count                                                      
2002499c  Watchdog_count                                                  
2002499d  xdc_runtime_Error_policy__C                                     
2002499e  ti_sysbios_family_arm_m3_Hwi_Module__id__C                      
200249a0  Display_config                                                  
200249dc  udmaCC3235SHWAttrs                                              
200249e8  xdc_runtime_Startup_firstFxns__A                                
200249f4  UDMACC32XX_config                                               
20024a14  outPinTypes                                                     
20024a1c  heap0                                                           
20024a20  tiposix_mqGate                                                  
20024a24  sblPinsCfg                                                      
20024a34  ti_sysbios_knl_Idle_funcList__A                                 
20024a3c  ti_sysbios_knl_Idle_funcList__C                                 
20024a44  ti_sysbios_knl_Task_hooks__C                                    
20024a4c  xdc_runtime_Startup_firstFxns__C                                
20024a54  xdc_runtime_Startup_lastFxns__C                                 
20024a62  inPinTypes                                                      
20024a68  outPinStrengths                                                 
20024a92  _SlNetAppSendResponseCmdCtrl                                    
20024a96  _SlNetAppSendTokenValueCmdCtrl                                  
20024aaa  _SlProvisioningCmdCtrl                                          
20024ac6  ti_sysbios_family_arm_m3_Timer_Module__id__C                    
20024ac8  ti_sysbios_family_arm_m3_Hwi_E_alreadyDefined__C                
20024acc  ti_sysbios_family_arm_m3_Hwi_NUM_INTERRUPTS__C                  
20024ad0  ti_sysbios_family_arm_m3_Hwi_Object__count__C                   
20024ad4  ti_sysbios_family_arm_m3_Hwi_ccr__C                             
20024ad8  ti_sysbios_family_arm_m3_Hwi_excHandlerFunc__C                  
20024adc  ti_sysbios_family_arm_m3_Hwi_nullIsrFunc__C                     
20024ae0  ti_sysbios_family_arm_m3_Hwi_priGroup__C                        
20024ae4  ti_sysbios_family_arm_m3_Hwi_swiDisable__C                      
20024ae8  ti_sysbios_family_arm_m3_Hwi_swiRestore__C                      
20024aec  ti_sysbios_family_arm_m3_TaskSupport_stackAlignment__C          
20024af0  ti_sysbios_family_arm_m3_Timer_E_cannotSupport__C               
20024af4  ti_sysbios_family_arm_m3_Timer_startupNeeded__C                 
20024af8  ti_sysbios_gates_GateMutex_Instance_State_sem__O                
20024afc  ti_sysbios_heaps_HeapMem_E_memory__C                            
20024b00  ti_sysbios_heaps_HeapMem_Module__gateObj__C                     
20024b04  ti_sysbios_heaps_HeapMem_Object__count__C                       
20024b08  ti_sysbios_heaps_HeapMem_primaryHeapBaseAddr__C                 
20024b0c  ti_sysbios_heaps_HeapMem_primaryHeapEndAddr__C                  
20024b10  ti_sysbios_heaps_HeapMem_reqAlign__C                            
20024b14  ti_sysbios_knl_Clock_Module_State_clockQ__O                     
20024b18  ti_sysbios_knl_Clock_tickPeriod__C                              
20024b1c  ti_sysbios_knl_Mailbox_Instance_State_dataQue__O                
20024b20  ti_sysbios_knl_Mailbox_Instance_State_dataSem__O                
20024b24  ti_sysbios_knl_Mailbox_Instance_State_freeQue__O                
20024b28  ti_sysbios_knl_Mailbox_Instance_State_freeSem__O                
20024b2c  ti_sysbios_knl_Mailbox_Object__count__C                         
20024b30  ti_sysbios_knl_Mailbox_maxTypeAlign__C                          
20024b34  ti_sysbios_knl_Semaphore_Instance_State_pendQ__O                
20024b38  ti_sysbios_knl_Swi_Object__count__C                             
20024b3c  ti_sysbios_knl_Task_Module_State_inactiveQ__O                   
20024b40  ti_sysbios_knl_Task_Object__count__C                            
20024b44  ti_sysbios_knl_Task_Object__heap__C                             
20024b48  ti_sysbios_knl_Task_allBlockedFunc__C                           
20024b4c  ti_sysbios_knl_Task_defaultStackHeap__C                         
20024b50  ti_sysbios_knl_Task_defaultStackSize__C                         
20024b54  ti_sysbios_knl_Task_numConstructedTasks__C                      
20024b58  xdc_runtime_Error_E_memory__C                                   
20024b5c  xdc_runtime_Error_policyFxn__C                                  
20024b60  xdc_runtime_IGateProvider_Interface__BASE__C                    
20024b64  xdc_runtime_IHeap_Interface__BASE__C                            
20024b68  xdc_runtime_IModule_Interface__BASE__C                          
20024b6c  xdc_runtime_Memory_defaultHeapInstance__C                       
20024b70  xdc_runtime_Startup_execImpl__C                                 
20024b74  xdc_runtime_Startup_maxPasses__C                                
20024b78  xdc_runtime_Startup_sfxnRts__C                                  
20024b7c  xdc_runtime_Startup_sfxnTab__C                                  
20024b80  xdc_runtime_SysCallback_abortFxn__C                             
20024b84  xdc_runtime_SysCallback_exitFxn__C                              
20024b88  xdc_runtime_SysCallback_putchFxn__C                             
20024b8c  xdc_runtime_SysCallback_readyFxn__C                             
20024b90  xdc_runtime_System_Module__gateObj__C                           
20024b94  xdc_runtime_System_abortFxn__C                                  
20024b98  xdc_runtime_System_exitFxn__C                                   
20024b9c  xdc_runtime_System_extendFxn__C                                 
20024ba0  xdc_runtime_System_maxAtexitHandlers__C                         
20024ba4  xdc_runtime_Text_charTab__C                                     
20024ba8  xdc_runtime_Text_nameEmpty__C                                   
20024bac  xdc_runtime_Text_nameStatic__C                                  
20024bb0  xdc_runtime_Text_nameUnknown__C                                 
20024bb4  ti_sysbios_heaps_HeapMem_Module__id__C                          
20024bb6  xdc_runtime_Memory_Module__id__C                                
20024bb8  xdc_runtime_Text_charCnt__C                                     
20024bba  xdc_runtime_Text_isLoaded__C                                    
20024bbc  xdc_runtime_Text_charTab__A                                     
20024bc0  PowerCC32XX_module                                              
20024d2c  parkInfo                                                        
20024f6c  ti_sysbios_knl_Swi_Module_State_0_readyQ__A                     
20024fec  ti_sysbios_knl_Task_Module_State_0_readyQ__A                    
2002506c  ti_sysbios_knl_Task_Object__table__V                            
200250c8  ti_sysbios_gates_GateMutex_Object__table__V                     
2002511c  ti_sysbios_knl_Task_Module__state__V                            
20025164  ti_sysbios_family_arm_m3_Hwi_Module__state__V                   
20025198  ti_sysbios_family_arm_m3_Timer_Object__table__V                 
200251c8  ti_sysbios_knl_Swi_Object__table__V                             
200251f8  ti_sysbios_knl_Clock_Module__state__V                           
20025224  g_LibsEvents                                                    
20025248  g_UserEvents                                                    
2002526c  ti_sysbios_BIOS_Module__state__V                                
20025290  gpioCallbackFunctions                                           
200252b0  gpioPinConfigs                                                  
200252d0  xdc_runtime_Error_IgnoreBlock                                   
20025302  npiBufSize                                                      
2002530c  ti_sysbios_knl_Swi_Module__state__V                             
20025328  ti_sysbios_family_arm_m3_Hwi_Object__table__V                   
20025340  ti_sysbios_heaps_HeapMem_Object__table__V                       
200253e5  bleWiFiProvServUUID                                             
200253e8  Roles                                                           
200253f8  WlanStatus                                                      
20025408  ti_sysbios_family_arm_cc32xx_Seconds_Module__state__V           
20025434  eventCBListRoot                                                 
20025438  asyncCBListRoot                                                 
2002543c  serviceListRoot                                                 
20025440  SAP_isConnected                                                 
2002544d  provDevNameUUID                                                 
2002544f  provNotifyCCCD                                                  
20025450  SNP_NumConns                                                    
20025454  SNP_eventCB                                                     
20025458  SNP_asyncCB                                                     
2002545c  gGlobalLockCntRequested                                         
2002545d  gGlobalLockCntReleased                                          
2002545e  g_SlDeviceStatus                                                
20025460  g_pCB                                                           
20025464  pPingCallBackFunc                                               
20025468  ti_sysbios_family_arm_m3_Timer_Module__state__V                 
20025493  provDevNameUserDesc                                             
2002549c  provNotifyUserDesc                                              
200254a5  provPassUserDesc                                                
200254ae  provSSIDUserDesc                                                
200254b7  provStartUserDesc                                               
200254c0  provStatusUserDesc                                              
200254c9  provNotifyUUID                                                  
200254cc  _lock                                                           
200254d0  _unlock                                                         
200254f4  rstPIN                                                          
200254f8  blPIN                                                           
200254fc  ti_sysbios_family_arm_m3_Hwi_Module__root__V                    
20025504  ti_sysbios_gates_GateHwi_Module__root__V                        
2002550c  ti_sysbios_gates_GateMutex_Module__root__V                      
20025514  ti_sysbios_heaps_HeapMem_Module__root__V                        
2002551c  ti_sysbios_knl_Clock_Module__root__V                            
20025524  ti_sysbios_knl_Mailbox_Module__root__V                          
2002552c  ti_sysbios_knl_Queue_Module__root__V                            
20025534  ti_sysbios_knl_Semaphore_Module__root__V                        
2002553c  ti_sysbios_knl_Task_Module__root__V                             
20025544  xdc_runtime_Startup_Module__state__V                            
2002554c  xdc_runtime_System_Module_State_0_atexitHandlers__A             
20025554  xdc_runtime_System_Module__state__V                             
2002556d  provPassUUID                                                    
20025570  main_func_sp                                                    
20025574  g_intHandle                                                     
20025578  ti_sysbios_family_arm_m3_Hwi_Module_State_0_excContext__A       
2002557c  ti_sysbios_family_arm_m3_Hwi_Module_State_0_excStack__A         
20025580  ti_sysbios_gates_GateHwi_Object__table__V                       
20025584  ti_sysbios_knl_Task_Module_State_0_idleTask__A                  
20025588  ti_sysbios_rts_ti_ReentSupport_Module__state__V                 
2002558c  xdc_runtime_Memory_Module__state__V                             
20025590  provSSIDUUID                                                    
20025592  provStartUUID                                                   
20025594  provStatusUUID                                                  
20025596  ti_sysbios_family_arm_m3_Hwi_Module_State_0_excActive__A        
20025598  __TI_static_base__                                              
20025930  __TI_Handler_Table_Base                                         
2002593c  __TI_Handler_Table_Limit                                        
20025948  __TI_CINIT_Base                                                 
20025958  __TI_CINIT_Limit                                                
e000e000  ti_sysbios_family_arm_m3_Hwi_nvic                               
ffffffff  __TI_pprof_out_hndl                                             
ffffffff  __TI_prof_data_size                                             
ffffffff  __TI_prof_data_start                                            
ffffffff  __binit__                                                       
ffffffff  __c_args__                                                      
ffffffff  binit                                                           
UNDEFED   SHT$$INIT_ARRAY$$Base                                           
UNDEFED   SHT$$INIT_ARRAY$$Limit                                          

[1006 symbols]
